[marking 1470D26D <JS Function valueOf (SharedFunctionInfo 3EE15C49)> for recompilation, reason: small function, ICs with typeinfo: 1/1 (100%)]
[marking 1470D8B1 <JS Function toString (SharedFunctionInfo 3EE174F5)> for recompilation, reason: small function, ICs with typeinfo: 1/1 (100%)]
[marking 1470C5C9 <JS Function IsPrimitive (SharedFunctionInfo 3EE23EF9)> for recompilation, reason: small function, ICs with typeinfo: 0/0 (100%)]
[optimizing 1470D26D <JS Function valueOf (SharedFunctionInfo 3EE15C49)> - took 0.000, 0.000, 0.000 ms]
[optimizing 1470C5C9 <JS Function IsPrimitive (SharedFunctionInfo 3EE23EF9)> - took 0.000, 0.000, 0.000 ms]
[optimizing 1470D8B1 <JS Function toString (SharedFunctionInfo 3EE174F5)> - took 0.000, 0.000, 0.000 ms]
[marking 1470DE41 <JS Function random (SharedFunctionInfo 3EE25BB1)> for recompilation, reason: small function, ICs with typeinfo: 0/0 (100%)]
[marking 147174D5 <JS Function c (SharedFunctionInfo 14717199)> for recompilation, reason: small function, ICs with typeinfo: 7/7 (100%)]
[marking 14711C21 <JS Function sin (SharedFunctionInfo 3EE25C69)> for recompilation, reason: small function, ICs with typeinfo: 0/1 (0%)]
[marking 1470F32D <JS Function cos (SharedFunctionInfo 3EE2592D)> for recompilation, reason: small function, ICs with typeinfo: 0/1 (0%)]
[optimizing 1470DE41 <JS Function random (SharedFunctionInfo 3EE25BB1)> - took 0.000, 0.000, 0.000 ms]
[optimizing 147174D5 <JS Function c (SharedFunctionInfo 14717199)> - took 0.000, 0.000, 0.000 ms]
[optimizing 14711C21 <JS Function sin (SharedFunctionInfo 3EE25C69)> - took 0.000, 0.000, 0.000 ms]
[optimizing 1470F32D <JS Function cos (SharedFunctionInfo 3EE2592D)> - took 0.000, 0.000, 0.000 ms]
[evicting entry from optimizing code map (deoptimized function) for 14717199 <SharedFunctionInfo c>]
[forced deoptimization: c / 147174d5]
[marking 257ABF85 <JS Function (SharedFunctionInfo 1471786D)> for recompilation, reason: small function, ICs with typeinfo: 13/13 (100%)]
[optimizing 257ABF85 <JS Function (SharedFunctionInfo 1471786D)> - took 0.000, 0.000, 0.000 ms]
[deoptimizing (DEOPT eager): begin 0x257abf85  @2, FP to SP delta: 16]
  translating  => node=3, height=0
    0x0036f80c: [top + 20] <- 0x2571e3b1 ; [sp + 28] 2571E3B1 <a h with map 1E40F809>
    0x0036f808: [top + 16] <- 0x25730539 ; ecx 25730539 <a c with deprecated map 1E40FD59>
    0x0036f804: [top + 12] <- 0x1eb10941 ; caller's pc
    0x0036f800: [top + 8] <- 0x0036f81c ; caller's fp
    0x0036f7fc: [top + 4] <- 0x2571ed0d; context
    0x0036f7f8: [top + 0] <- 0x257abf85; function
[deoptimizing (eager): end 0x257abf85  @2 => node=3, pc=0x1eb3d745, state=NO_REGISTERS, alignment=no padding, took 0.000 ms]
[removing optimized code for: ]
[evicting entry from optimizing code map (notify deoptimized) for 1471786D <SharedFunctionInfo>]
[marking 257ABF85 <JS Function (SharedFunctionInfo 1471786D)> for recompilation, reason: small function, ICs with typeinfo: 13/13 (100%)]
[optimizing 257ABF85 <JS Function (SharedFunctionInfo 1471786D)> - took 0.000, 0.000, 0.000 ms]
[deoptimizing (DEOPT eager): begin 0x257abf85  @2, FP to SP delta: 16]
  translating  => node=3, height=0
    0x0036f80c: [top + 20] <- 0x2571e3b1 ; [sp + 28] 2571E3B1 <a h with map 1E40F809>
    0x0036f808: [top + 16] <- 0x257388d9 ; ecx 257388D9 <a c with deprecated map 1E40FD59>
    0x0036f804: [top + 12] <- 0x1eb10941 ; caller's pc
    0x0036f800: [top + 8] <- 0x0036f81c ; caller's fp
    0x0036f7fc: [top + 4] <- 0x2571ed0d; context
    0x0036f7f8: [top + 0] <- 0x257abf85; function
[deoptimizing (eager): end 0x257abf85  @2 => node=3, pc=0x1eb3d745, state=NO_REGISTERS, alignment=no padding, took 0.000 ms]
[removing optimized code for: ]
[evicting entry from optimizing code map (notify deoptimized) for 1471786D <SharedFunctionInfo>]
[marking 257ABF85 <JS Function (SharedFunctionInfo 1471786D)> for recompilation, reason: small function, ICs with typeinfo: 13/13 (100%)]
[optimizing 257ABF85 <JS Function (SharedFunctionInfo 1471786D)> - took 0.000, 0.000, 0.000 ms]
[deoptimizing (DEOPT eager): begin 0x257abf85  @2, FP to SP delta: 16]
  translating  => node=3, height=0
    0x0036f80c: [top + 20] <- 0x2571e3b1 ; [sp + 28] 2571E3B1 <a h with map 1E40F809>
    0x0036f808: [top + 16] <- 0x25741289 ; ecx 25741289 <a c with deprecated map 1E40FD59>
    0x0036f804: [top + 12] <- 0x1eb10941 ; caller's pc
    0x0036f800: [top + 8] <- 0x0036f81c ; caller's fp
    0x0036f7fc: [top + 4] <- 0x2571ed0d; context
    0x0036f7f8: [top + 0] <- 0x257abf85; function
[deoptimizing (eager): end 0x257abf85  @2 => node=3, pc=0x1eb3d745, state=NO_REGISTERS, alignment=no padding, took 0.000 ms]
[removing optimized code for: ]
[evicting entry from optimizing code map (notify deoptimized) for 1471786D <SharedFunctionInfo>]
[marking 257ABF85 <JS Function (SharedFunctionInfo 1471786D)> for recompilation, reason: small function, ICs with typeinfo: 13/13 (100%)]
[optimizing 257ABF85 <JS Function (SharedFunctionInfo 1471786D)> - took 0.000, 0.000, 0.000 ms]
[deoptimizing (DEOPT eager): begin 0x257abf85  @2, FP to SP delta: 16]
  translating  => node=3, height=0
    0x0036f80c: [top + 20] <- 0x2571e3b1 ; [sp + 28] 2571E3B1 <a h with map 1E40F809>
    0x0036f808: [top + 16] <- 0x25749cd1 ; ecx 25749CD1 <a c with deprecated map 1E40FD59>
    0x0036f804: [top + 12] <- 0x1eb10941 ; caller's pc
    0x0036f800: [top + 8] <- 0x0036f81c ; caller's fp
    0x0036f7fc: [top + 4] <- 0x2571ed0d; context
    0x0036f7f8: [top + 0] <- 0x257abf85; function
[deoptimizing (eager): end 0x257abf85  @2 => node=3, pc=0x1eb3d745, state=NO_REGISTERS, alignment=no padding, took 0.000 ms]
[removing optimized code for: ]
[evicting entry from optimizing code map (notify deoptimized) for 1471786D <SharedFunctionInfo>]
[marking 257ABF85 <JS Function (SharedFunctionInfo 1471786D)> for recompilation, reason: small function, ICs with typeinfo: 13/13 (100%)]
[optimizing 257ABF85 <JS Function (SharedFunctionInfo 1471786D)> - took 0.000, 0.000, 0.000 ms]
[deoptimizing (DEOPT eager): begin 0x257abf85  @2, FP to SP delta: 16]
  translating  => node=3, height=0
    0x0036f80c: [top + 20] <- 0x2571e3b1 ; [sp + 28] 2571E3B1 <a h with map 1E40F809>
    0x0036f808: [top + 16] <- 0x257522d1 ; ecx 257522D1 <a c with deprecated map 1E40FD59>
    0x0036f804: [top + 12] <- 0x1eb10941 ; caller's pc
    0x0036f800: [top + 8] <- 0x0036f81c ; caller's fp
    0x0036f7fc: [top + 4] <- 0x2571ed0d; context
    0x0036f7f8: [top + 0] <- 0x257abf85; function
[deoptimizing (eager): end 0x257abf85  @2 => node=3, pc=0x1eb3d745, state=NO_REGISTERS, alignment=no padding, took 0.000 ms]
[removing optimized code for: ]
[evicting entry from optimizing code map (notify deoptimized) for 1471786D <SharedFunctionInfo>]
[marking 257ABF85 <JS Function (SharedFunctionInfo 1471786D)> for recompilation, reason: small function, ICs with typeinfo: 13/13 (100%)]
[optimizing 257ABF85 <JS Function (SharedFunctionInfo 1471786D)> - took 0.000, 0.000, 0.000 ms]
[deoptimizing (DEOPT eager): begin 0x257abf85  @2, FP to SP delta: 16]
  translating  => node=3, height=0
    0x0036f80c: [top + 20] <- 0x2571e3b1 ; [sp + 28] 2571E3B1 <a h with map 1E40F809>
    0x0036f808: [top + 16] <- 0x2575a5d1 ; ecx 2575A5D1 <a c with deprecated map 1E40FD59>
    0x0036f804: [top + 12] <- 0x1eb10941 ; caller's pc
    0x0036f800: [top + 8] <- 0x0036f81c ; caller's fp
    0x0036f7fc: [top + 4] <- 0x2571ed0d; context
    0x0036f7f8: [top + 0] <- 0x257abf85; function
[deoptimizing (eager): end 0x257abf85  @2 => node=3, pc=0x1eb3d745, state=NO_REGISTERS, alignment=no padding, took 0.000 ms]
[removing optimized code for: ]
[evicting entry from optimizing code map (notify deoptimized) for 1471786D <SharedFunctionInfo>]
[marking 257ABF85 <JS Function (SharedFunctionInfo 1471786D)> for recompilation, reason: small function, ICs with typeinfo: 13/13 (100%)]
[optimizing 257ABF85 <JS Function (SharedFunctionInfo 1471786D)> - took 0.000, 0.000, 0.000 ms]
[deoptimizing (DEOPT eager): begin 0x257abf85  @2, FP to SP delta: 16]
  translating  => node=3, height=0
    0x0036f80c: [top + 20] <- 0x2571e3b1 ; [sp + 28] 2571E3B1 <a h with map 1E40F809>
    0x0036f808: [top + 16] <- 0x25763dfd ; ecx 25763DFD <a c with deprecated map 1E40FD59>
    0x0036f804: [top + 12] <- 0x1eb10941 ; caller's pc
    0x0036f800: [top + 8] <- 0x0036f81c ; caller's fp
    0x0036f7fc: [top + 4] <- 0x2571ed0d; context
    0x0036f7f8: [top + 0] <- 0x257abf85; function
[deoptimizing (eager): end 0x257abf85  @2 => node=3, pc=0x1eb3d745, state=NO_REGISTERS, alignment=no padding, took 0.000 ms]
[removing optimized code for: ]
[evicting entry from optimizing code map (notify deoptimized) for 1471786D <SharedFunctionInfo>]
[marking 257ABF85 <JS Function (SharedFunctionInfo 1471786D)> for recompilation, reason: small function, ICs with typeinfo: 13/13 (100%)]
[optimizing 257ABF85 <JS Function (SharedFunctionInfo 1471786D)> - took 0.000, 0.000, 0.000 ms]
[deoptimizing (DEOPT eager): begin 0x257abf85  @2, FP to SP delta: 16]
  translating  => node=3, height=0
    0x0036f80c: [top + 20] <- 0x2571e3b1 ; [sp + 28] 2571E3B1 <a h with map 1E40F809>
    0x0036f808: [top + 16] <- 0x2576dbcd ; ecx 2576DBCD <a c with deprecated map 1E40FD59>
    0x0036f804: [top + 12] <- 0x1eb10941 ; caller's pc
    0x0036f800: [top + 8] <- 0x0036f81c ; caller's fp
    0x0036f7fc: [top + 4] <- 0x2571ed0d; context
    0x0036f7f8: [top + 0] <- 0x257abf85; function
[deoptimizing (eager): end 0x257abf85  @2 => node=3, pc=0x1eb3d745, state=NO_REGISTERS, alignment=no padding, took 0.000 ms]
[removing optimized code for: ]
[evicting entry from optimizing code map (notify deoptimized) for 1471786D <SharedFunctionInfo>]
[marking 257ABF85 <JS Function (SharedFunctionInfo 1471786D)> for recompilation, reason: small function, ICs with typeinfo: 13/13 (100%)]
[optimizing 257ABF85 <JS Function (SharedFunctionInfo 1471786D)> - took 0.000, 0.000, 0.000 ms]
[deoptimizing (DEOPT eager): begin 0x257abf85  @2, FP to SP delta: 16]
  translating  => node=3, height=0
    0x0036f80c: [top + 20] <- 0x2571e3b1 ; [sp + 28] 2571E3B1 <a h with map 1E40F809>
    0x0036f808: [top + 16] <- 0x25776501 ; ecx 25776501 <a c with deprecated map 1E40FD59>
    0x0036f804: [top + 12] <- 0x1eb10941 ; caller's pc
    0x0036f800: [top + 8] <- 0x0036f81c ; caller's fp
    0x0036f7fc: [top + 4] <- 0x2571ed0d; context
    0x0036f7f8: [top + 0] <- 0x257abf85; function
[deoptimizing (eager): end 0x257abf85  @2 => node=3, pc=0x1eb3d745, state=NO_REGISTERS, alignment=no padding, took 0.000 ms]
[removing optimized code for: ]
[evicting entry from optimizing code map (notify deoptimized) for 1471786D <SharedFunctionInfo>]
[marking 257ABF85 <JS Function (SharedFunctionInfo 1471786D)> for recompilation, reason: small function, ICs with typeinfo: 13/13 (100%)]
[optimizing 257ABF85 <JS Function (SharedFunctionInfo 1471786D)> - took 0.000, 0.000, 0.000 ms]
[deoptimizing (DEOPT eager): begin 0x257abf85  @2, FP to SP delta: 16]
  translating  => node=3, height=0
    0x0036f80c: [top + 20] <- 0x2571e3b1 ; [sp + 28] 2571E3B1 <a h with map 1E40F809>
    0x0036f808: [top + 16] <- 0x2577f0b1 ; ecx 2577F0B1 <a c with deprecated map 1E40FD59>
    0x0036f804: [top + 12] <- 0x1eb10941 ; caller's pc
    0x0036f800: [top + 8] <- 0x0036f81c ; caller's fp
    0x0036f7fc: [top + 4] <- 0x2571ed0d; context
    0x0036f7f8: [top + 0] <- 0x257abf85; function
[deoptimizing (eager): end 0x257abf85  @2 => node=3, pc=0x1eb3d745, state=NO_REGISTERS, alignment=no padding, took 0.000 ms]
[removing optimized code for: ]
[evicting entry from optimizing code map (notify deoptimized) for 1471786D <SharedFunctionInfo>]
[marking 257ABF85 <JS Function (SharedFunctionInfo 1471786D)> for recompilation, reason: small function, ICs with typeinfo: 13/13 (100%)]
[optimizing 257ABF85 <JS Function (SharedFunctionInfo 1471786D)> - took 0.000, 0.000, 0.000 ms]
[deoptimizing (DEOPT eager): begin 0x257abf85  @2, FP to SP delta: 16]
  translating  => node=3, height=0
    0x0036f80c: [top + 20] <- 0x2571e3b1 ; [sp + 28] 2571E3B1 <a h with map 1E40F809>
    0x0036f808: [top + 16] <- 0x257876b1 ; ecx 257876B1 <a c with deprecated map 1E40FD59>
    0x0036f804: [top + 12] <- 0x1eb10941 ; caller's pc
    0x0036f800: [top + 8] <- 0x0036f81c ; caller's fp
    0x0036f7fc: [top + 4] <- 0x2571ed0d; context
    0x0036f7f8: [top + 0] <- 0x257abf85; function
[deoptimizing (eager): end 0x257abf85  @2 => node=3, pc=0x1eb3d745, state=NO_REGISTERS, alignment=no padding, took 0.000 ms]
[removing optimized code for: ]
[evicting entry from optimizing code map (notify deoptimized) for 1471786D <SharedFunctionInfo>]
[marking 257ABF85 <JS Function (SharedFunctionInfo 1471786D)> for recompilation, reason: small function, ICs with typeinfo: 13/13 (100%)]
[disabled optimization for 1471786D <SharedFunctionInfo>, reason: optimized too many times]
[5884]       17 ms: Scavenge 1.8 (19.8) -> 1.1 (19.8) MB, 1.0 ms [Runtime::PerformGC].
[marking 147174D5 <JS Function c (SharedFunctionInfo 14717199)> for recompilation, reason: small function, ICs with typeinfo: 7/7 (100%)]
[optimizing 147174D5 <JS Function c (SharedFunctionInfo 14717199)> - took 0.000, 0.000, 0.000 ms]
[marking 1471753D <JS Function g (SharedFunctionInfo 14717251)> for recompilation, reason: hot and stable, ICs with typeinfo: 44/44 (100%)]
[evicting entry from optimizing code map (deoptimized function) for 14717199 <SharedFunctionInfo c>]
[forced deoptimization: c / 147174d5]
[marking 14717609 <JS Function c.step (SharedFunctionInfo 14717351)> for recompilation, reason: hot and stable, ICs with typeinfo: 13/13 (100%)]
[optimizing 14717609 <JS Function c.step (SharedFunctionInfo 14717351)> - took 0.000, 0.000, 0.000 ms]
[5884]       22 ms: Scavenge 2.1 (20.8) -> 1.5 (20.8) MB, 1.0 ms [Runtime::PerformGC].
[marking 147174D5 <JS Function c (SharedFunctionInfo 14717199)> for recompilation, reason: small function, ICs with typeinfo: 7/7 (100%)]
[optimizing 1471753D <JS Function g (SharedFunctionInfo 14717251)> - took 0.000, 0.000, 0.000 ms]
[optimizing 147174D5 <JS Function c (SharedFunctionInfo 14717199)> - took 0.000, 0.000, 1.000 ms]
[5884]       30 ms: Scavenge 2.8 (20.8) -> 2.2 (20.8) MB, 1.0 ms [Runtime::PerformGC].
[5884]       32 ms: Scavenge 2.9 (20.8) -> 2.4 (20.8) MB, 1.0 ms [Runtime::PerformGC].
[marking 1470BDBD <JS Function forEach (SharedFunctionInfo 3EE13175)> for recompilation, reason: hot and stable, ICs with typeinfo: 10/18 (55%)]
[5884]       34 ms: Scavenge 3.2 (20.8) -> 2.7 (20.8) MB, 1.0 ms [Runtime::PerformGC].
[optimizing 1470BDBD <JS Function forEach (SharedFunctionInfo 3EE13175)> - took 0.000, 0.000, 0.000 ms]
[5884]       38 ms: Scavenge 4.4 (20.8) -> 3.0 (20.8) MB, 1.0 ms [Runtime::PerformGC].
[5884]       41 ms: Scavenge 4.6 (20.8) -> 3.3 (20.8) MB, 1.0 ms [Runtime::PerformGC].
[5884]       45 ms: Scavenge 4.8 (20.8) -> 3.5 (20.8) MB, 1.0 ms [Runtime::PerformGC].
[5884]       49 ms: Scavenge 5.1 (20.8) -> 3.7 (21.8) MB, 1.0 ms [Runtime::PerformGC].
[5884]       56 ms: Scavenge 7.3 (21.8) -> 4.1 (21.8) MB, 1.0 ms [Runtime::PerformGC].
[5884]       64 ms: Scavenge 7.5 (21.8) -> 4.4 (22.8) MB, 2.0 ms [Runtime::PerformGC].
[5884]       71 ms: Scavenge 7.9 (22.8) -> 4.8 (22.8) MB, 2.0 ms [Runtime::PerformGC].
[5884]       78 ms: Scavenge 8.2 (22.8) -> 5.1 (22.8) MB, 2.0 ms [Runtime::PerformGC].
[5884]       84 ms: Scavenge 8.6 (22.8) -> 5.5 (22.8) MB, 1.0 ms [Runtime::PerformGC].
[5884]       92 ms: Scavenge 8.9 (22.8) -> 5.9 (24.8) MB, 1 / 2.0 ms [Runtime::PerformGC].
[5884]      105 ms: Scavenge 13.2 (24.8) -> 6.6 (24.8) MB, 2.0 ms [Runtime::PerformGC].
[5884]      120 ms: Scavenge 13.5 (24.8) -> 7.0 (24.8) MB, 2.0 ms [Runtime::PerformGC].
[marking 25CB0F09 <JS Function (SharedFunctionInfo 1471786D)> for recompilation, reason: small function, ICs with typeinfo: 13/13 (100%)]
[optimizing 25CB0F09 <JS Function (SharedFunctionInfo 1471786D)> - took 0.000, 1.000, 0.000 ms]
[5884]      145 ms: Scavenge 13.9 (24.8) -> 7.8 (24.8) MB, 2.0 ms [Runtime::PerformGC].
[5884]      185 ms: Scavenge 14.4 (24.8) -> 9.2 (26.8) MB, 4.0 ms [Runtime::PerformGC].
[5884]      227 ms: Scavenge 15.4 (26.8) -> 10.3 (26.8) MB, 6.0 ms [Runtime::PerformGC].
[marking 255A07A5 <JS Function (SharedFunctionInfo 1471786D)> for recompilation, reason: small function, ICs with typeinfo: 13/13 (100%)]
[optimizing 255A07A5 <JS Function (SharedFunctionInfo 1471786D)> - took 0.000, 1.000, 0.000 ms]
[5884]      278 ms: Scavenge 16.5 (27.8) -> 11.4 (28.8) MB, 6.0 ms (+ 13.0 ms in 28 steps since last GC) [Runtime::PerformGC].
[5884]      285 ms: Mark-sweep 12.3 (28.8) -> 10.0 (30.8) MB, 4.0 ms (+ 13.0 ms in 30 steps since start of marking, biggest step 0.0 ms) [StackGuard GC request] [GC in old space requested].
[marking 257CC6DD <JS Function (SharedFunctionInfo 1471786D)> for recompilation, reason: small function, ICs with typeinfo: 13/13 (100%)]
[optimizing 257CC6DD <JS Function (SharedFunctionInfo 1471786D)> - took 0.000, 0.000, 0.000 ms]
[5884]      330 ms: Scavenge 17.3 (30.8) -> 12.3 (30.8) MB, 3.0 ms [Runtime::PerformGC].
[5884]      358 ms: Scavenge 17.7 (30.8) -> 12.6 (30.8) MB, 3.0 ms [Runtime::PerformGC].
[5884]      391 ms: Scavenge 19.3 (30.8) -> 13.7 (31.8) MB, 2.0 ms [Runtime::PerformGC].
[5884]      429 ms: Scavenge 19.5 (31.8) -> 14.0 (31.8) MB, 2.0 ms [Runtime::PerformGC].
[5884]      465 ms: Scavenge 20.6 (31.8) -> 15.0 (33.8) MB, 3.0 ms [Runtime::PerformGC].
[marking 25CE6CA1 <JS Function (SharedFunctionInfo 1471786D)> for recompilation, reason: small function, ICs with typeinfo: 13/13 (100%)]
[optimizing 25CE6CA1 <JS Function (SharedFunctionInfo 1471786D)> - took 0.000, 0.000, 0.000 ms]
[marking 25AB0131 <JS Function (SharedFunctionInfo 14717811)> for recompilation, reason: small function, ICs with typeinfo: 5/5 (100%)]
[optimizing 25AB0131 <JS Function (SharedFunctionInfo 14717811)> - took 0.000, 0.000, 0.000 ms]
[5884]      517 ms: Scavenge 21.2 (33.8) -> 15.4 (33.8) MB, 4.0 ms (+ 15.0 ms in 22 steps since last GC) [Runtime::PerformGC].
[5884]      528 ms: Mark-sweep 16.6 (33.8) -> 14.6 (33.8) MB, 4.0 ms (+ 15.0 ms in 25 steps since start of marking, biggest step 0.0 ms) [StackGuard GC request] [GC in old space requested].
[marking 25FFFA6D <JS Function (SharedFunctionInfo 1471786D)> for recompilation, reason: small function, ICs with typeinfo: 13/13 (100%)]
[optimizing 25FFFA6D <JS Function (SharedFunctionInfo 1471786D)> - took 0.000, 0.000, 0.000 ms]
[5884]      581 ms: Scavenge 22.1 (33.8) -> 16.9 (34.8) MB, 2.0 ms [Runtime::PerformGC].
[5884]      620 ms: Scavenge 22.5 (34.8) -> 17.3 (35.8) MB, 3.0 ms [Runtime::PerformGC].
[5884]      659 ms: Scavenge 23.7 (35.8) -> 17.9 (35.8) MB, 2.0 ms [Runtime::PerformGC].
[5884]      699 ms: Scavenge 24.4 (35.8) -> 18.5 (36.8) MB, 2.0 ms [Runtime::PerformGC].
[5884]      741 ms: Scavenge 25.0 (36.8) -> 19.1 (36.8) MB, 3.0 ms [Runtime::PerformGC].
[5884]      802 ms: Scavenge 27.6 (38.8) -> 21.6 (38.8) MB, 4.0 ms (+ 3.0 ms in 6 steps since last GC) [Runtime::PerformGC].
[marking 25D20875 <JS Function (SharedFunctionInfo 1471786D)> for recompilation, reason: small function, ICs with typeinfo: 13/13 (100%)]
[optimizing 25D20875 <JS Function (SharedFunctionInfo 1471786D)> - took 0.000, 0.000, 0.000 ms]
[marking 25BF77D5 <JS Function (SharedFunctionInfo 1471786D)> for recompilation, reason: small function, ICs with typeinfo: 13/13 (100%)]
[optimizing 25BF77D5 <JS Function (SharedFunctionInfo 1471786D)> - took 0.000, 0.000, 0.000 ms]
[5884]      877 ms: Mark-sweep 30.1 (42.0) -> 23.6 (44.0) MB, 11.0 ms (+ 23.0 ms in 27 steps since start of marking, biggest step 7.0 ms) [StackGuard GC request] [GC in old space requested].
[marking 25729D01 <JS Function (SharedFunctionInfo 1471786D)> for recompilation, reason: small function, ICs with typeinfo: 13/13 (100%)]
[optimizing 25729D01 <JS Function (SharedFunctionInfo 1471786D)> - took 0.000, 1.000, 0.000 ms]
[5884]     1025 ms: Scavenge 39.9 (52.7) -> 33.6 (52.7) MB, 7.0 ms [Runtime::PerformGC].
[marking 25CFB9C1 <JS Function (SharedFunctionInfo 1471786D)> for recompilation, reason: small function, ICs with typeinfo: 13/13 (100%)]
[optimizing 25CFB9C1 <JS Function (SharedFunctionInfo 1471786D)> - took 0.000, 1.000, 0.000 ms]
[marking 25AFB9CD <JS Function (SharedFunctionInfo 1471786D)> for recompilation, reason: small function, ICs with typeinfo: 13/13 (100%)]
[optimizing 25AFB9CD <JS Function (SharedFunctionInfo 1471786D)> - took 0.000, 0.000, 0.000 ms]
[5884]     1122 ms: Mark-sweep 42.7 (55.9) -> 23.9 (45.1) MB, 12.0 ms (+ 26.0 ms in 26 steps since start of marking, biggest step 6.0 ms) [StackGuard GC request] [GC in old space requested].
[marking 2574B9DD <JS Function (SharedFunctionInfo 1471786D)> for recompilation, reason: small function, ICs with typeinfo: 13/13 (100%)]
[optimizing 2574B9DD <JS Function (SharedFunctionInfo 1471786D)> - took 0.000, 0.000, 0.000 ms]
[5884]     1265 ms: Scavenge 38.1 (51.7) -> 31.7 (51.7) MB, 5.0 ms [Runtime::PerformGC].
[marking 259FB9CD <JS Function (SharedFunctionInfo 1471786D)> for recompilation, reason: small function, ICs with typeinfo: 13/13 (100%)]
[disabled optimization for 1471786D <SharedFunctionInfo>, reason: optimized too many times]
[5884]     1350 ms: Scavenge 41.7 (55.4) -> 36.1 (56.4) MB, 7.0 ms (+ 10.0 ms in 19 steps since last GC) [Runtime::PerformGC].
[5884]     1380 ms: Mark-sweep 42.4 (56.4) -> 24.6 (45.1) MB, 5.0 ms (+ 19.0 ms in 74 steps since start of marking, biggest step 1.0 ms) [StackGuard GC request] [GC in old space requested].
[5884]     1398 ms: Scavenge 33.3 (46.2) -> 25.6 (46.2) MB, 1.0 ms [Runtime::PerformGC].
[5884]     1411 ms: Scavenge 33.3 (46.2) -> 26.2 (46.2) MB, 0.0 ms [Runtime::PerformGC].
[5884]     1428 ms: Scavenge 34.3 (47.2) -> 26.7 (47.2) MB, 1.0 ms [Runtime::PerformGC].
[5884]     1442 ms: Scavenge 34.5 (47.2) -> 27.4 (47.2) MB, 1.0 ms [Runtime::PerformGC].
[5884]     1458 ms: Scavenge 35.5 (48.2) -> 27.9 (48.2) MB, 0.0 ms [Runtime::PerformGC].
[5884]     1474 ms: Scavenge 35.7 (48.2) -> 28.4 (48.2) MB, 1.0 ms [Runtime::PerformGC].
[5884]     1491 ms: Scavenge 36.7 (49.2) -> 29.1 (49.2) MB, 1.0 ms [Runtime::PerformGC].
[5884]     1506 ms: Scavenge 36.8 (49.2) -> 29.6 (49.2) MB, 0.0 ms [Runtime::PerformGC].
[5884]     1521 ms: Scavenge 36.8 (49.2) -> 29.9 (49.2) MB, 0.0 ms [Runtime::PerformGC].
[5884]     1538 ms: Scavenge 38.0 (50.2) -> 30.7 (50.2) MB, 1.0 ms [Runtime::PerformGC].
[5884]     1553 ms: Scavenge 38.0 (50.2) -> 31.1 (50.2) MB, 1.0 ms [Runtime::PerformGC].
[5884]     1571 ms: Scavenge 39.2 (51.2) -> 31.8 (51.2) MB, 1.0 ms [Runtime::PerformGC].
[5884]     1585 ms: Scavenge 39.2 (51.2) -> 32.3 (51.2) MB, 1.0 ms [Runtime::PerformGC].
[5884]     1603 ms: Scavenge 40.4 (52.3) -> 32.9 (52.3) MB, 1.0 ms [Runtime::PerformGC].
[5884]     1617 ms: Scavenge 40.1 (52.3) -> 33.2 (52.3) MB, 0.0 ms [Runtime::PerformGC].
[5884]     1657 ms: Scavenge 41.5 (53.3) -> 33.8 (53.3) MB, 1.0 ms (+ 23.0 ms in 65 steps since last GC) [Runtime::PerformGC].
[5884]     1669 ms: Mark-sweep 36.2 (53.3) -> 25.5 (45.8) MB, 3.0 ms (+ 24.0 ms in 90 steps since start of marking, biggest step 1.0 ms) [StackGuard GC request] [GC in old space requested].
[5884]     1682 ms: Scavenge 33.2 (45.8) -> 26.1 (45.8) MB, 0.0 ms [Runtime::PerformGC].
[5884]     1701 ms: Scavenge 34.2 (46.8) -> 26.6 (46.8) MB, 0.0 ms [Runtime::PerformGC].
[5884]     1716 ms: Scavenge 34.2 (46.8) -> 27.1 (46.8) MB, 1.0 ms [Runtime::PerformGC].
[5884]     1733 ms: Scavenge 35.4 (47.9) -> 27.6 (47.9) MB, 0.0 ms [Runtime::PerformGC].
[5884]     1748 ms: Scavenge 35.4 (47.9) -> 28.2 (47.9) MB, 1.0 ms [Runtime::PerformGC].
[5884]     1764 ms: Scavenge 36.3 (48.9) -> 28.8 (48.9) MB, 1.0 ms [Runtime::PerformGC].
[5884]     1780 ms: Scavenge 36.5 (48.9) -> 29.3 (48.9) MB, 1.0 ms [Runtime::PerformGC].
[5884]     1795 ms: Scavenge 36.5 (48.9) -> 29.6 (48.9) MB, 1.0 ms [Runtime::PerformGC].
[5884]     1812 ms: Scavenge 37.6 (49.9) -> 30.3 (49.9) MB, 1.0 ms [Runtime::PerformGC].
[5884]     1826 ms: Scavenge 37.7 (49.9) -> 30.8 (49.9) MB, 1.0 ms [Runtime::PerformGC].
[5884]     1844 ms: Scavenge 38.9 (50.9) -> 31.4 (50.9) MB, 0.0 ms [Runtime::PerformGC].
[5884]     1859 ms: Scavenge 38.7 (50.9) -> 31.8 (50.9) MB, 1.0 ms [Runtime::PerformGC].
[5884]     1875 ms: Scavenge 40.0 (51.9) -> 32.3 (51.9) MB, 0.0 ms [Runtime::PerformGC].
[5884]     1890 ms: Scavenge 40.0 (51.9) -> 32.9 (51.9) MB, 1.0 ms [Runtime::PerformGC].
[5884]     1908 ms: Scavenge 41.0 (52.9) -> 33.5 (52.9) MB, 1.0 ms [Runtime::PerformGC].
[5884]     1923 ms: Scavenge 41.2 (52.9) -> 34.0 (52.9) MB, 0.0 ms [Runtime::PerformGC].
[5884]     1938 ms: Scavenge 41.2 (52.9) -> 34.3 (52.9) MB, 1.0 ms [Runtime::PerformGC].
[5884]     1972 ms: Scavenge 42.4 (54.0) -> 34.9 (54.0) MB, 1.0 ms (+ 17.0 ms in 61 steps since last GC) [Runtime::PerformGC].
[5884]     1999 ms: Mark-sweep 41.0 (54.0) -> 27.3 (46.8) MB, 2.0 ms (+ 32.0 ms in 113 steps since start of marking, biggest step 1.0 ms) [StackGuard GC request] [GC in old space requested].
[5884]     2017 ms: Scavenge 36.1 (47.8) -> 28.3 (47.8) MB, 0.0 ms [Runtime::PerformGC].
[5884]     2032 ms: Scavenge 35.9 (47.8) -> 28.8 (47.8) MB, 1.0 ms [Runtime::PerformGC].
[5884]     2049 ms: Scavenge 37.0 (48.9) -> 29.5 (49.9) MB, 1.0 ms [Runtime::PerformGC].
[5884]     2068 ms: Scavenge 38.7 (51.4) -> 31.3 (51.4) MB, 1.0 ms [Runtime::PerformGC].
[5884]     2083 ms: Scavenge 38.7 (51.4) -> 31.8 (51.4) MB, 1.0 ms [Runtime::PerformGC].
[marking 1470EB55 <JS Function now (SharedFunctionInfo 3EE1958D)> for recompilation, reason: small function, ICs with typeinfo: 0/0 (100%)]
[5884]     2106 ms: Scavenge 41.4 (53.9) -> 33.9 (53.9) MB, 2.0 ms [Runtime::PerformGC].
[5884]     2120 ms: Scavenge 41.1 (53.9) -> 34.2 (53.9) MB, 0.0 ms [Runtime::PerformGC].
[5884]     2137 ms: Scavenge 42.5 (54.9) -> 34.8 (54.9) MB, 1.0 ms [Runtime::PerformGC].
[optimizing 1470EB55 <JS Function now (SharedFunctionInfo 3EE1958D)> - took 0.000, 0.000, 0.000 ms]
[5884]     2155 ms: Scavenge 44.0 (56.4) -> 36.7 (56.4) MB, 1.0 ms [Runtime::PerformGC].
[5884]     2174 ms: Scavenge 45.0 (57.4) -> 37.4 (57.4) MB, 1.0 ms (+ 2.0 ms in 7 steps since last GC) [Runtime::PerformGC].
[marking 1471762D <JS Function h.step (SharedFunctionInfo 147173AD)> for recompilation, reason: small function, ICs with typeinfo: 13/13 (100%)]
[optimizing 1471762D <JS Function h.step (SharedFunctionInfo 147173AD)> - took 0.000, 0.000, 1.000 ms]
[marking 25B9D189 <JS Function (SharedFunctionInfo 14717811)> for recompilation, reason: small function, ICs with typeinfo: 5/5 (100%)]
[5884]     2221 ms: Scavenge 46.7 (58.9) -> 39.3 (58.9) MB, 1.0 ms (+ 28.0 ms in 78 steps since last GC) [Runtime::PerformGC].
[5884]     2230 ms: Mark-sweep 41.2 (58.9) -> 30.1 (49.8) MB, 3.0 ms (+ 32.0 ms in 101 steps since start of marking, biggest step 1.0 ms) [StackGuard GC request] [GC in old space requested].
[5884]     2247 ms: Scavenge 38.8 (50.8) -> 31.1 (50.8) MB, 0.0 ms [Runtime::PerformGC].
[5884]     2267 ms: Scavenge 40.3 (52.4) -> 33.0 (52.4) MB, 1.0 ms [Runtime::PerformGC].
[5884]     2281 ms: Scavenge 40.3 (52.4) -> 33.4 (52.4) MB, 1.0 ms [Runtime::PerformGC].
[5884]     2303 ms: Scavenge 43.0 (54.9) -> 35.2 (54.9) MB, 1.0 ms [Runtime::PerformGC].
[5884]     2318 ms: Scavenge 43.0 (54.9) -> 35.8 (54.9) MB, 1.0 ms [Runtime::PerformGC].
[5884]     2334 ms: Scavenge 43.9 (55.9) -> 36.4 (55.9) MB, 1.0 ms [Runtime::PerformGC].
[5884]     2352 ms: Scavenge 45.6 (57.4) -> 38.3 (57.4) MB, 1.0 ms [Runtime::PerformGC].
[5884]     2367 ms: Scavenge 45.6 (57.4) -> 38.7 (57.4) MB, 1.0 ms [Runtime::PerformGC].
[5884]     2392 ms: Scavenge 48.3 (59.9) -> 40.7 (59.9) MB, 2.0 ms (+ 0.0 ms in 11 steps since last GC) [Runtime::PerformGC].
[5884]     2425 ms: Scavenge 48.3 (59.9) -> 41.1 (60.9) MB, 1.0 ms (+ 16.0 ms in 68 steps since last GC) [Runtime::PerformGC].
[5884]     2448 ms: Mark-sweep 46.6 (61.9) -> 30.6 (50.8) MB, 3.0 ms (+ 24.0 ms in 115 steps since start of marking, biggest step 1.0 ms) [StackGuard GC request] [GC in old space requested].
[5884]     2468 ms: Scavenge 39.8 (52.3) -> 32.4 (52.3) MB, 1.0 ms [Runtime::PerformGC].
[5884]     2481 ms: Scavenge 39.8 (52.3) -> 32.9 (52.3) MB, 0.0 ms [Runtime::PerformGC].
[5884]     2500 ms: Scavenge 41.0 (53.4) -> 33.2 (53.4) MB, 1.0 ms [Runtime::PerformGC].
[5884]     2518 ms: Scavenge 42.5 (54.9) -> 35.3 (54.9) MB, 1.0 ms [Runtime::PerformGC].
[5884]     2535 ms: Scavenge 43.4 (55.9) -> 35.9 (55.9) MB, 1.0 ms [Runtime::PerformGC].
[5884]     2555 ms: Scavenge 45.0 (57.4) -> 37.7 (57.4) MB, 1.0 ms [Runtime::PerformGC].
[5884]     2569 ms: Scavenge 45.1 (57.4) -> 38.2 (57.4) MB, 1.0 ms [Runtime::PerformGC].
[5884]     2592 ms: Scavenge 47.7 (59.9) -> 40.0 (59.9) MB, 1.0 ms [Runtime::PerformGC].
[5884]     2606 ms: Scavenge 47.7 (59.9) -> 40.6 (59.9) MB, 1.0 ms [Runtime::PerformGC].
[5884]     2625 ms: Scavenge 48.7 (60.9) -> 41.2 (60.9) MB, 1.0 ms (+ 2.0 ms in 9 steps since last GC) [Runtime::PerformGC].
[5884]     2675 ms: Scavenge 50.4 (62.4) -> 43.0 (62.4) MB, 1.0 ms (+ 26.0 ms in 79 steps since last GC) [Runtime::PerformGC].
[5884]     2684 ms: Mark-sweep 44.9 (62.4) -> 31.8 (50.8) MB, 3.0 ms (+ 32.0 ms in 103 steps since start of marking, biggest step 1.0 ms) [StackGuard GC request] [GC in old space requested].
[5884]     2700 ms: Scavenge 39.6 (50.8) -> 32.5 (50.8) MB, 0.0 ms [Runtime::PerformGC].
[5884]     2724 ms: Scavenge 42.0 (53.4) -> 34.5 (53.4) MB, 2.0 ms [Runtime::PerformGC].
[5884]     2739 ms: Scavenge 41.9 (53.4) -> 34.9 (53.4) MB, 1.0 ms [Runtime::PerformGC].
[5884]     2755 ms: Scavenge 43.2 (54.4) -> 35.5 (54.4) MB, 1.0 ms [Runtime::PerformGC].
[5884]     2774 ms: Scavenge 44.7 (55.9) -> 37.4 (55.9) MB, 1.0 ms [Runtime::PerformGC].
[5884]     2788 ms: Scavenge 44.7 (55.9) -> 37.8 (55.9) MB, 1.0 ms [Runtime::PerformGC].
[5884]     2811 ms: Scavenge 47.3 (58.4) -> 39.6 (58.4) MB, 1.0 ms [Runtime::PerformGC].
[5884]     2826 ms: Scavenge 47.3 (58.4) -> 40.2 (58.4) MB, 1.0 ms [Runtime::PerformGC].
[5884]     2843 ms: Scavenge 48.3 (59.4) -> 40.8 (60.4) MB, 1.0 ms [Runtime::PerformGC].
[5884]     2863 ms: Scavenge 50.0 (61.9) -> 42.6 (61.9) MB, 1.0 ms [Runtime::PerformGC].
[5884]     2877 ms: Scavenge 50.0 (61.9) -> 43.1 (61.9) MB, 1.0 ms [Runtime::PerformGC].
[5884]     2922 ms: Scavenge 52.6 (64.4) -> 44.9 (64.4) MB, 1.0 ms (+ 21.0 ms in 54 steps since last GC) [Runtime::PerformGC].
[5884]     2949 ms: Mark-sweep 50.7 (64.4) -> 32.8 (51.8) MB, 3.0 ms (+ 29.0 ms in 107 steps since start of marking, biggest step 1.0 ms) [StackGuard GC request] [GC in old space requested].
[5884]     2964 ms: Scavenge 40.5 (51.8) -> 33.4 (51.8) MB, 1.0 ms [Runtime::PerformGC].
[5884]     2986 ms: Scavenge 43.0 (54.4) -> 35.3 (54.4) MB, 1.0 ms [Runtime::PerformGC].
[5884]     3000 ms: Scavenge 43.0 (54.4) -> 35.9 (54.4) MB, 0.0 ms [Runtime::PerformGC].
[5884]     3017 ms: Scavenge 44.0 (55.4) -> 36.4 (55.4) MB, 1.0 ms [Runtime::PerformGC].
[5884]     3037 ms: Scavenge 45.6 (56.9) -> 38.2 (56.9) MB, 1.0 ms [Runtime::PerformGC].
[5884]     3050 ms: Scavenge 45.6 (56.9) -> 38.7 (57.9) MB, 1.0 ms [Runtime::PerformGC].
[5884]     3070 ms: Scavenge 46.8 (58.9) -> 39.1 (58.9) MB, 0.0 ms [Runtime::PerformGC].
[5884]     3090 ms: Scavenge 48.3 (60.4) -> 41.0 (60.4) MB, 1.0 ms [Runtime::PerformGC].
[5884]     3105 ms: Scavenge 48.3 (60.4) -> 41.4 (60.4) MB, 1.0 ms [Runtime::PerformGC].
[5884]     3128 ms: Scavenge 50.9 (62.9) -> 43.2 (62.9) MB, 1.0 ms [Runtime::PerformGC].
[5884]     3143 ms: Scavenge 50.9 (62.9) -> 43.8 (62.9) MB, 1.0 ms [Runtime::PerformGC].
[5884]     3165 ms: Scavenge 51.9 (63.9) -> 44.4 (63.9) MB, 1.0 ms (+ 4.0 ms in 19 steps since last GC) [Runtime::PerformGC].
[5884]     3212 ms: Scavenge 53.6 (65.4) -> 46.2 (65.4) MB, 1.0 ms (+ 25.0 ms in 76 steps since last GC) [Runtime::PerformGC].
[5884]     3219 ms: Mark-sweep 47.4 (65.4) -> 32.1 (52.8) MB, 3.0 ms (+ 30.0 ms in 105 steps since start of marking, biggest step 1.0 ms) [StackGuard GC request] [GC in old space requested].
[5884]     3234 ms: Scavenge 39.8 (52.8) -> 32.7 (52.8) MB, 0.0 ms [Runtime::PerformGC].
[5884]     3256 ms: Scavenge 42.3 (55.4) -> 34.8 (55.4) MB, 1.0 ms [Runtime::PerformGC].
[5884]     3271 ms: Scavenge 42.0 (55.4) -> 35.2 (55.4) MB, 1.0 ms [Runtime::PerformGC].
[5884]     3287 ms: Scavenge 43.5 (56.4) -> 35.7 (56.4) MB, 0.0 ms [Runtime::PerformGC].
[5884]     3306 ms: Scavenge 44.9 (57.9) -> 37.7 (57.9) MB, 1.0 ms [Runtime::PerformGC].
[5884]     3320 ms: Scavenge 44.9 (57.9) -> 38.0 (57.9) MB, 1.0 ms [Runtime::PerformGC].
[5884]     3342 ms: Scavenge 47.6 (60.4) -> 40.1 (60.4) MB, 2.0 ms [Runtime::PerformGC].
[5884]     3356 ms: Scavenge 47.6 (60.4) -> 40.7 (60.4) MB, 1.0 ms [Runtime::PerformGC].
[5884]     3374 ms: Scavenge 48.7 (61.4) -> 41.0 (61.4) MB, 1.0 ms [Runtime::PerformGC].
[5884]     3391 ms: Scavenge 50.2 (62.9) -> 43.1 (62.9) MB, 1.0 ms [Runtime::PerformGC].
[5884]     3410 ms: Scavenge 51.2 (63.9) -> 43.6 (63.9) MB, 1.0 ms (+ 1.0 ms in 9 steps since last GC) [Runtime::PerformGC].
[5884]     3446 ms: Scavenge 51.2 (63.9) -> 44.0 (63.9) MB, 1.0 ms (+ 18.0 ms in 76 steps since last GC) [Runtime::PerformGC].
[5884]     3465 ms: Mark-sweep 48.5 (63.9) -> 28.4 (52.3) MB, 3.0 ms (+ 27.0 ms in 120 steps since start of marking, biggest step 1.0 ms) [StackGuard GC request] [GC in old space requested].
[5884]     3483 ms: Scavenge 37.1 (53.3) -> 29.3 (53.3) MB, 0.0 ms [Runtime::PerformGC].
[5884]     3498 ms: Scavenge 36.7 (53.3) -> 29.8 (53.3) MB, 1.0 ms [Runtime::PerformGC].
[5884]     3514 ms: Scavenge 38.1 (54.4) -> 30.5 (54.4) MB, 0.0 ms [Runtime::PerformGC].
[5884]     3530 ms: Scavenge 38.3 (54.4) -> 31.0 (54.4) MB, 1.0 ms [Runtime::PerformGC].
[5884]     3545 ms: Scavenge 38.3 (54.4) -> 31.4 (54.4) MB, 1.0 ms [Runtime::PerformGC].
[5884]     3562 ms: Scavenge 39.4 (55.4) -> 32.0 (55.4) MB, 1.0 ms [Runtime::PerformGC].
[5884]     3576 ms: Scavenge 39.4 (55.4) -> 32.5 (55.4) MB, 0.0 ms [Runtime::PerformGC].
[5884]     3595 ms: Scavenge 40.6 (56.4) -> 32.9 (56.4) MB, 1.0 ms [Runtime::PerformGC].
[5884]     3609 ms: Scavenge 40.6 (56.4) -> 33.5 (56.4) MB, 1.0 ms [Runtime::PerformGC].
[5884]     3626 ms: Scavenge 41.6 (57.4) -> 34.0 (57.4) MB, 1.0 ms [Runtime::PerformGC].
[5884]     3641 ms: Scavenge 41.8 (57.4) -> 34.5 (57.4) MB, 1.0 ms [Runtime::PerformGC].
[5884]     3655 ms: Scavenge 41.8 (57.4) -> 34.9 (57.4) MB, 0.0 ms [Runtime::PerformGC].
[5884]     3672 ms: Scavenge 42.8 (58.4) -> 35.5 (58.4) MB, 0.0 ms [Runtime::PerformGC].
[5884]     3687 ms: Scavenge 43.0 (58.4) -> 36.1 (58.4) MB, 1.0 ms [Runtime::PerformGC].
[5884]     3705 ms: Scavenge 44.1 (59.4) -> 36.6 (59.4) MB, 0.0 ms [Runtime::PerformGC].
[5884]     3721 ms: Scavenge 44.1 (59.4) -> 37.0 (59.4) MB, 1.0 ms [Runtime::PerformGC].
[5884]     3738 ms: Scavenge 45.3 (60.4) -> 37.6 (60.4) MB, 1.0 ms [Runtime::PerformGC].
[5884]     3752 ms: Scavenge 45.3 (60.4) -> 38.2 (60.4) MB, 1.0 ms [Runtime::PerformGC].
[5884]     3772 ms: Scavenge 46.3 (61.5) -> 38.7 (61.5) MB, 1.0 ms (+ 5.0 ms in 9 steps since last GC) [Runtime::PerformGC].
[5884]     3806 ms: Scavenge 46.5 (61.5) -> 39.2 (61.5) MB, 1.0 ms (+ 20.0 ms in 74 steps since last GC) [Runtime::PerformGC].
[5884]     3822 ms: Mark-sweep 42.4 (61.5) -> 26.7 (51.8) MB, 3.0 ms (+ 34.0 ms in 111 steps since start of marking, biggest step 1.0 ms) [StackGuard GC request] [GC in old space requested].
[5884]     3839 ms: Scavenge 35.5 (52.8) -> 27.7 (52.8) MB, 0.0 ms [Runtime::PerformGC].
[5884]     3853 ms: Scavenge 35.5 (52.8) -> 28.3 (52.8) MB, 0.0 ms [Runtime::PerformGC].
[5884]     3870 ms: Scavenge 36.4 (53.9) -> 28.9 (53.9) MB, 1.0 ms [Runtime::PerformGC].
[5884]     3885 ms: Scavenge 36.6 (53.9) -> 29.4 (53.9) MB, 1.0 ms [Runtime::PerformGC].
[5884]     3900 ms: Scavenge 36.6 (53.9) -> 29.7 (53.9) MB, 1.0 ms [Runtime::PerformGC].
[5884]     3917 ms: Scavenge 37.7 (54.9) -> 30.4 (54.9) MB, 1.0 ms [Runtime::PerformGC].
[5884]     3931 ms: Scavenge 37.8 (54.9) -> 30.9 (54.9) MB, 1.0 ms [Runtime::PerformGC].
[5884]     3950 ms: Scavenge 39.0 (55.9) -> 31.5 (55.9) MB, 1.0 ms [Runtime::PerformGC].
[5884]     3965 ms: Scavenge 38.8 (55.9) -> 31.9 (55.9) MB, 1.0 ms [Runtime::PerformGC].
[5884]     3981 ms: Scavenge 40.2 (56.9) -> 32.4 (56.9) MB, 0.0 ms [Runtime::PerformGC].
[5884]     3996 ms: Scavenge 40.2 (56.9) -> 33.0 (56.9) MB, 1.0 ms [Runtime::PerformGC].
[5884]     4013 ms: Scavenge 41.1 (57.9) -> 33.6 (57.9) MB, 1.0 ms [Runtime::PerformGC].
[5884]     4028 ms: Scavenge 41.3 (57.9) -> 34.1 (57.9) MB, 1.0 ms [Runtime::PerformGC].
[5884]     4043 ms: Scavenge 41.3 (57.9) -> 34.4 (57.9) MB, 1.0 ms [Runtime::PerformGC].
[5884]     4060 ms: Scavenge 42.4 (58.9) -> 35.1 (58.9) MB, 1.0 ms [Runtime::PerformGC].
[5884]     4074 ms: Scavenge 42.5 (58.9) -> 35.6 (58.9) MB, 1.0 ms [Runtime::PerformGC].
[5884]     4105 ms: Scavenge 43.7 (60.0) -> 36.2 (60.0) MB, 1.0 ms (+ 9.0 ms in 50 steps since last GC) [Runtime::PerformGC].
[5884]     4136 ms: Mark-sweep 43.1 (60.0) -> 26.7 (51.8) MB, 2.0 ms (+ 23.0 ms in 114 steps since start of marking, biggest step 1.0 ms) [StackGuard GC request] [GC in old space requested].
[5884]     4154 ms: Scavenge 35.5 (52.8) -> 27.7 (52.8) MB, 1.0 ms [Runtime::PerformGC].
[5884]     4168 ms: Scavenge 35.5 (52.8) -> 28.3 (52.8) MB, 0.0 ms [Runtime::PerformGC].
[5884]     4185 ms: Scavenge 36.4 (53.9) -> 28.9 (53.9) MB, 0.0 ms [Runtime::PerformGC].
[5884]     4201 ms: Scavenge 36.6 (53.9) -> 29.4 (53.9) MB, 1.0 ms [Runtime::PerformGC].
[5884]     4215 ms: Scavenge 36.6 (53.9) -> 29.7 (53.9) MB, 1.0 ms [Runtime::PerformGC].
[5884]     4233 ms: Scavenge 37.7 (54.9) -> 30.3 (54.9) MB, 1.0 ms [Runtime::PerformGC].
[5884]     4247 ms: Scavenge 37.8 (54.9) -> 30.9 (54.9) MB, 1.0 ms [Runtime::PerformGC].
[5884]     4265 ms: Scavenge 39.0 (55.9) -> 31.2 (55.9) MB, 1.0 ms [Runtime::PerformGC].
[5884]     4279 ms: Scavenge 39.0 (55.9) -> 31.9 (55.9) MB, 1.0 ms [Runtime::PerformGC].
[5884]     4296 ms: Scavenge 40.0 (56.9) -> 32.4 (56.9) MB, 1.0 ms [Runtime::PerformGC].
[5884]     4311 ms: Scavenge 40.2 (56.9) -> 32.9 (56.9) MB, 1.0 ms [Runtime::PerformGC].
[5884]     4325 ms: Scavenge 40.2 (56.9) -> 33.2 (56.9) MB, 1.0 ms [Runtime::PerformGC].
[5884]     4342 ms: Scavenge 41.1 (57.9) -> 33.9 (57.9) MB, 1.0 ms [Runtime::PerformGC].
[5884]     4356 ms: Scavenge 41.3 (57.9) -> 34.4 (57.9) MB, 0.0 ms [Runtime::PerformGC].
[5884]     4375 ms: Scavenge 42.5 (58.9) -> 35.0 (58.9) MB, 1.0 ms [Runtime::PerformGC].
[5884]     4389 ms: Scavenge 42.4 (58.9) -> 35.4 (58.9) MB, 0.0 ms [Runtime::PerformGC].
[5884]     4413 ms: Scavenge 43.7 (60.0) -> 35.9 (60.0) MB, 0.0 ms (+ 10.0 ms in 29 steps since last GC) [Runtime::PerformGC].
[5884]     4447 ms: Scavenge 43.7 (60.0) -> 36.6 (60.0) MB, 1.0 ms (+ 18.0 ms in 69 steps since last GC) [Runtime::PerformGC].
[5884]     4455 ms: Mark-sweep 38.0 (60.0) -> 27.0 (51.8) MB, 2.0 ms (+ 31.0 ms in 113 steps since start of marking, biggest step 1.0 ms) [StackGuard GC request] [GC in old space requested].
[5884]     4473 ms: Scavenge 35.7 (52.8) -> 28.0 (52.8) MB, 1.0 ms [Runtime::PerformGC].
[5884]     4487 ms: Scavenge 35.7 (52.8) -> 28.6 (52.8) MB, 1.0 ms [Runtime::PerformGC].
[5884]     4504 ms: Scavenge 36.7 (53.9) -> 29.2 (53.9) MB, 1.0 ms [Runtime::PerformGC].
[5884]     4520 ms: Scavenge 36.9 (53.9) -> 29.7 (53.9) MB, 1.0 ms [Runtime::PerformGC].
[5884]     4534 ms: Scavenge 36.9 (53.9) -> 30.0 (53.9) MB, 1.0 ms [Runtime::PerformGC].
[5884]     4552 ms: Scavenge 38.1 (54.9) -> 30.6 (54.9) MB, 1.0 ms [Runtime::PerformGC].
[5884]     4566 ms: Scavenge 38.1 (54.9) -> 31.2 (54.9) MB, 0.0 ms [Runtime::PerformGC].
[5884]     4585 ms: Scavenge 39.3 (55.9) -> 31.5 (55.9) MB, 1.0 ms [Runtime::PerformGC].
[5884]     4599 ms: Scavenge 39.3 (55.9) -> 32.1 (55.9) MB, 0.0 ms [Runtime::PerformGC].
[5884]     4616 ms: Scavenge 40.2 (56.9) -> 32.7 (56.9) MB, 0.0 ms [Runtime::PerformGC].
[5884]     4631 ms: Scavenge 40.4 (56.9) -> 33.2 (56.9) MB, 0.0 ms [Runtime::PerformGC].
[5884]     4646 ms: Scavenge 40.4 (56.9) -> 33.5 (56.9) MB, 0.0 ms [Runtime::PerformGC].
[5884]     4663 ms: Scavenge 41.6 (57.9) -> 34.2 (57.9) MB, 0.0 ms [Runtime::PerformGC].
[5884]     4677 ms: Scavenge 41.6 (57.9) -> 34.7 (57.9) MB, 1.0 ms [Runtime::PerformGC].
[5884]     4695 ms: Scavenge 42.8 (58.9) -> 35.0 (58.9) MB, 0.0 ms [Runtime::PerformGC].
[5884]     4710 ms: Scavenge 42.8 (58.9) -> 35.7 (58.9) MB, 1.0 ms [Runtime::PerformGC].
[5884]     4732 ms: Scavenge 43.8 (60.0) -> 36.2 (60.0) MB, 1.0 ms (+ 2.0 ms in 19 steps since last GC) [Runtime::PerformGC].
[5884]     4781 ms: Mark-sweep 45.3 (61.5) -> 29.1 (53.3) MB, 4.0 ms (+ 30.0 ms in 91 steps since start of marking, biggest step 10.0 ms) [StackGuard GC request] [GC in old space requested].
[5884]     4796 ms: Scavenge 36.9 (53.3) -> 29.8 (53.3) MB, 0.0 ms [Runtime::PerformGC].
[5884]     4818 ms: Scavenge 39.3 (55.9) -> 31.9 (55.9) MB, 1.0 ms [Runtime::PerformGC].
[5884]     4832 ms: Scavenge 39.3 (55.9) -> 32.4 (55.9) MB, 1.0 ms [Runtime::PerformGC].
[5884]     4850 ms: Scavenge 40.5 (56.9) -> 32.7 (56.9) MB, 0.0 ms [Runtime::PerformGC].
[5884]     4867 ms: Scavenge 42.0 (58.4) -> 34.8 (58.4) MB, 1.0 ms [Runtime::PerformGC].
[5884]     4884 ms: Scavenge 42.9 (59.4) -> 35.4 (59.4) MB, 1.0 ms [Runtime::PerformGC].
[5884]     4903 ms: Scavenge 44.6 (60.9) -> 37.3 (60.9) MB, 1.0 ms [Runtime::PerformGC].
[5884]     4917 ms: Scavenge 44.6 (60.9) -> 37.7 (60.9) MB, 0.0 ms [Runtime::PerformGC].
[5884]     4942 ms: Scavenge 47.2 (63.4) -> 39.7 (63.4) MB, 1.0 ms (+ 0.0 ms in 10 steps since last GC) [Runtime::PerformGC].
[5884]     4975 ms: Scavenge 47.0 (63.4) -> 40.1 (63.4) MB, 0.0 ms (+ 18.0 ms in 66 steps since last GC) [Runtime::PerformGC].
[5884]     4997 ms: Mark-sweep 45.6 (64.4) -> 29.5 (53.8) MB, 3.0 ms (+ 29.0 ms in 112 steps since start of marking, biggest step 2.0 ms) [StackGuard GC request] [GC in old space requested].
[5884]     5017 ms: Scavenge 38.7 (55.3) -> 31.3 (55.3) MB, 1.0 ms [Runtime::PerformGC].
[5884]     5031 ms: Scavenge 38.7 (55.3) -> 31.8 (55.3) MB, 1.0 ms [Runtime::PerformGC].
[5884]     5054 ms: Scavenge 41.4 (57.9) -> 33.7 (57.9) MB, 1.0 ms [Runtime::PerformGC].
[5884]     5068 ms: Scavenge 41.4 (57.9) -> 34.2 (57.9) MB, 0.0 ms [Runtime::PerformGC].
[5884]     5086 ms: Scavenge 42.4 (58.9) -> 34.8 (58.9) MB, 1.0 ms [Runtime::PerformGC].
[5884]     5101 ms: Scavenge 42.5 (58.9) -> 35.3 (58.9) MB, 0.0 ms [Runtime::PerformGC].
[5884]     5116 ms: Scavenge 42.5 (58.9) -> 35.6 (58.9) MB, 0.0 ms [Runtime::PerformGC].
[5884]     5134 ms: Scavenge 43.7 (59.9) -> 36.3 (59.9) MB, 1.0 ms [Runtime::PerformGC].
[5884]     5147 ms: Scavenge 43.7 (59.9) -> 36.8 (59.9) MB, 1.0 ms [Runtime::PerformGC].
[marking 250A926D <JS Function (SharedFunctionInfo 14717811)> for recompilation, reason: small function, ICs with typeinfo: 5/5 (100%)]
[5884]     5165 ms: Scavenge 44.9 (60.9) -> 37.3 (60.9) MB, 0.0 ms [Runtime::PerformGC].
[optimizing 25F080C5 <JS Function (SharedFunctionInfo 14717811)> - took 0.000, 1.000, 0.000 ms]
[5884]     5180 ms: Scavenge 44.9 (60.9) -> 37.8 (60.9) MB, 0.0 ms [Runtime::PerformGC].
[5884]     5197 ms: Scavenge 46.1 (61.9) -> 38.3 (61.9) MB, 0.0 ms [Runtime::PerformGC].
[5884]     5212 ms: Scavenge 46.1 (61.9) -> 38.9 (61.9) MB, 1.0 ms [Runtime::PerformGC].
[5884]     5228 ms: Scavenge 47.0 (62.9) -> 39.5 (62.9) MB, 0.0 ms [Runtime::PerformGC].
[5884]     5263 ms: Scavenge 47.2 (62.9) -> 40.0 (62.9) MB, 0.0 ms (+ 11.0 ms in 72 steps since last GC) [Runtime::PerformGC].
[5884]     5281 ms: Mark-sweep 44.1 (62.9) -> 25.8 (52.8) MB, 3.0 ms (+ 20.0 ms in 100 steps since start of marking, biggest step 1.0 ms) [StackGuard GC request] [GC in old space requested].
[5884]     5301 ms: Scavenge 34.5 (53.8) -> 27.0 (53.8) MB, 1.0 ms [Runtime::PerformGC].
[5884]     5315 ms: Scavenge 34.3 (53.8) -> 27.4 (53.8) MB, 0.0 ms [Runtime::PerformGC].
[5884]     5332 ms: Scavenge 35.7 (54.9) -> 28.0 (54.9) MB, 1.0 ms [Runtime::PerformGC].
[5884]     5346 ms: Scavenge 35.7 (54.9) -> 28.5 (54.9) MB, 0.0 ms [Runtime::PerformGC].
[5884]     5363 ms: Scavenge 36.7 (55.9) -> 29.1 (55.9) MB, 1.0 ms [Runtime::PerformGC].
[5884]     5376 ms: Scavenge 36.8 (55.9) -> 29.7 (55.9) MB, 0.0 ms [Runtime::PerformGC].
[5884]     5393 ms: Scavenge 37.8 (56.9) -> 30.3 (56.9) MB, 1.0 ms [Runtime::PerformGC].
[5884]     5408 ms: Scavenge 38.0 (56.9) -> 30.9 (56.9) MB, 1.0 ms [Runtime::PerformGC].
[5884]     5425 ms: Scavenge 39.0 (57.9) -> 31.4 (57.9) MB, 1.0 ms [Runtime::PerformGC].
[5884]     5439 ms: Scavenge 39.2 (57.9) -> 32.1 (57.9) MB, 0.0 ms [Runtime::PerformGC].
[5884]     5457 ms: Scavenge 40.2 (58.9) -> 32.6 (58.9) MB, 1.0 ms [Runtime::PerformGC].
[5884]     5471 ms: Scavenge 40.4 (58.9) -> 33.2 (58.9) MB, 0.0 ms [Runtime::PerformGC].
[5884]     5488 ms: Scavenge 41.3 (59.9) -> 33.8 (59.9) MB, 1.0 ms [Runtime::PerformGC].
[5884]     5503 ms: Scavenge 41.5 (59.9) -> 34.4 (59.9) MB, 1.0 ms [Runtime::PerformGC].
[5884]     5521 ms: Scavenge 42.5 (61.0) -> 35.0 (61.0) MB, 0.0 ms (+ 4.0 ms in 9 steps since last GC) [Runtime::PerformGC].
[5884]     5554 ms: Scavenge 42.7 (61.0) -> 35.6 (61.0) MB, 0.0 ms (+ 11.0 ms in 70 steps since last GC) [Runtime::PerformGC].
[5884]     5566 ms: Mark-sweep 38.6 (61.0) -> 23.7 (52.8) MB, 3.0 ms (+ 21.0 ms in 99 steps since start of marking, biggest step 1.0 ms) [StackGuard GC request] [GC in old space requested].
[5884]     5585 ms: Scavenge 32.4 (53.8) -> 25.0 (53.8) MB, 1.0 ms [Runtime::PerformGC].
[5884]     5599 ms: Scavenge 32.4 (53.8) -> 25.5 (53.8) MB, 1.0 ms [Runtime::PerformGC].
[5884]     5617 ms: Scavenge 33.6 (54.9) -> 26.1 (54.9) MB, 1.0 ms [Runtime::PerformGC].
[5884]     5631 ms: Scavenge 33.6 (54.9) -> 26.7 (54.9) MB, 1.0 ms [Runtime::PerformGC].
[5884]     5649 ms: Scavenge 34.7 (55.9) -> 27.3 (55.9) MB, 1.0 ms [Runtime::PerformGC].
[5884]     5662 ms: Scavenge 34.7 (55.9) -> 27.8 (55.9) MB, 0.0 ms [Runtime::PerformGC].
[5884]     5680 ms: Scavenge 35.9 (56.9) -> 28.5 (56.9) MB, 1.0 ms [Runtime::PerformGC].
[5884]     5694 ms: Scavenge 35.9 (56.9) -> 29.0 (56.9) MB, 1.0 ms [Runtime::PerformGC].
[5884]     5711 ms: Scavenge 37.1 (57.9) -> 29.7 (57.9) MB, 1.0 ms [Runtime::PerformGC].
[5884]     5724 ms: Scavenge 37.1 (57.9) -> 30.2 (57.9) MB, 0.0 ms [Runtime::PerformGC].
[5884]     5742 ms: Scavenge 38.3 (58.9) -> 30.8 (58.9) MB, 1.0 ms [Runtime::PerformGC].
[5884]     5755 ms: Scavenge 38.3 (58.9) -> 31.4 (58.9) MB, 1.0 ms [Runtime::PerformGC].
[5884]     5783 ms: Scavenge 39.4 (59.9) -> 32.0 (59.9) MB, 1.0 ms (+ 7.0 ms in 41 steps since last GC) [Runtime::PerformGC].
[5884]     5812 ms: Mark-sweep 39.2 (59.9) -> 22.9 (52.8) MB, 3.0 ms (+ 22.0 ms in 94 steps since start of marking, biggest step 1.0 ms) [StackGuard GC request] [GC in old space requested].
[5884]     5830 ms: Scavenge 31.4 (53.8) -> 24.2 (53.8) MB, 1.0 ms [Runtime::PerformGC].
[5884]     5844 ms: Scavenge 31.6 (53.8) -> 24.7 (53.8) MB, 0.0 ms [Runtime::PerformGC].
[5884]     5862 ms: Scavenge 32.8 (54.9) -> 25.4 (54.9) MB, 1.0 ms [Runtime::PerformGC].
[5884]     5875 ms: Scavenge 32.8 (54.9) -> 25.9 (54.9) MB, 1.0 ms [Runtime::PerformGC].
[5884]     5893 ms: Scavenge 34.0 (55.9) -> 26.6 (55.9) MB, 1.0 ms [Runtime::PerformGC].
[5884]     5906 ms: Scavenge 34.0 (55.9) -> 27.1 (55.9) MB, 1.0 ms [Runtime::PerformGC].
[5884]     5923 ms: Scavenge 35.1 (56.9) -> 27.8 (56.9) MB, 1.0 ms [Runtime::PerformGC].
[5884]     5937 ms: Scavenge 35.1 (56.9) -> 28.2 (56.9) MB, 1.0 ms [Runtime::PerformGC].
[5884]     5954 ms: Scavenge 36.3 (57.9) -> 29.0 (57.9) MB, 1.0 ms [Runtime::PerformGC].
[5884]     5968 ms: Scavenge 36.3 (57.9) -> 29.4 (57.9) MB, 1.0 ms [Runtime::PerformGC].
[5884]     5985 ms: Scavenge 37.5 (58.9) -> 30.1 (58.9) MB, 1.0 ms [Runtime::PerformGC].
[5884]     5999 ms: Scavenge 37.5 (58.9) -> 30.6 (58.9) MB, 1.0 ms [Runtime::PerformGC].
[5884]     6030 ms: Scavenge 38.7 (59.9) -> 31.4 (59.9) MB, 1.0 ms (+ 15.0 ms in 53 steps since last GC) [Runtime::PerformGC].
[5884]     6050 ms: Mark-sweep 36.5 (59.9) -> 22.5 (52.8) MB, 3.0 ms (+ 21.0 ms in 90 steps since start of marking, biggest step 1.0 ms) [StackGuard GC request] [GC in old space requested].
[5884]     6069 ms: Scavenge 31.2 (53.8) -> 23.9 (53.8) MB, 1.0 ms [Runtime::PerformGC].
[5884]     6083 ms: Scavenge 31.2 (53.8) -> 24.3 (53.8) MB, 1.0 ms [Runtime::PerformGC].
[5884]     6100 ms: Scavenge 32.4 (54.9) -> 25.1 (54.9) MB, 1.0 ms [Runtime::PerformGC].
[5884]     6114 ms: Scavenge 32.4 (54.9) -> 25.5 (54.9) MB, 0.0 ms [Runtime::PerformGC].
[5884]     6131 ms: Scavenge 33.6 (55.9) -> 26.3 (55.9) MB, 1.0 ms [Runtime::PerformGC].
[5884]     6145 ms: Scavenge 33.6 (55.9) -> 26.7 (55.9) MB, 1.0 ms [Runtime::PerformGC].
[5884]     6161 ms: Scavenge 34.8 (56.9) -> 27.5 (56.9) MB, 1.0 ms [Runtime::PerformGC].
[5884]     6175 ms: Scavenge 34.8 (56.9) -> 27.9 (56.9) MB, 1.0 ms [Runtime::PerformGC].
[5884]     6191 ms: Scavenge 35.9 (57.9) -> 28.7 (57.9) MB, 0.0 ms [Runtime::PerformGC].
[5884]     6205 ms: Scavenge 35.9 (57.9) -> 29.0 (57.9) MB, 0.0 ms [Runtime::PerformGC].
[5884]     6222 ms: Scavenge 37.1 (58.9) -> 29.8 (58.9) MB, 1.0 ms [Runtime::PerformGC].
[5884]     6236 ms: Scavenge 37.1 (58.9) -> 30.2 (58.9) MB, 1.0 ms [Runtime::PerformGC].
[5884]     6268 ms: Scavenge 38.3 (59.9) -> 31.0 (59.9) MB, 1.0 ms (+ 11.0 ms in 57 steps since last GC) [Runtime::PerformGC].
[5884]     6287 ms: Mark-sweep 36.1 (59.9) -> 22.5 (52.8) MB, 3.0 ms (+ 22.0 ms in 92 steps since start of marking, biggest step 1.0 ms) [StackGuard GC request] [GC in old space requested].
[5884]     6306 ms: Scavenge 31.2 (53.8) -> 23.9 (53.8) MB, 1.0 ms [Runtime::PerformGC].
[5884]     6320 ms: Scavenge 31.2 (53.8) -> 24.3 (53.8) MB, 1.0 ms [Runtime::PerformGC].
[5884]     6337 ms: Scavenge 32.4 (54.9) -> 25.1 (54.9) MB, 1.0 ms [Runtime::PerformGC].
[5884]     6352 ms: Scavenge 32.4 (54.9) -> 25.5 (54.9) MB, 1.0 ms [Runtime::PerformGC].
[5884]     6369 ms: Scavenge 33.6 (55.9) -> 26.3 (55.9) MB, 1.0 ms [Runtime::PerformGC].
[5884]     6383 ms: Scavenge 33.6 (55.9) -> 26.7 (55.9) MB, 1.0 ms [Runtime::PerformGC].
[5884]     6399 ms: Scavenge 34.8 (56.9) -> 27.5 (56.9) MB, 1.0 ms [Runtime::PerformGC].
[5884]     6413 ms: Scavenge 34.8 (56.9) -> 27.9 (56.9) MB, 0.0 ms [Runtime::PerformGC].
[5884]     6430 ms: Scavenge 35.9 (57.9) -> 28.7 (57.9) MB, 1.0 ms [Runtime::PerformGC].
[5884]     6445 ms: Scavenge 35.9 (57.9) -> 29.0 (57.9) MB, 1.0 ms [Runtime::PerformGC].
[5884]     6461 ms: Scavenge 37.1 (58.9) -> 29.8 (58.9) MB, 1.0 ms [Runtime::PerformGC].
[5884]     6476 ms: Scavenge 37.1 (58.9) -> 30.2 (58.9) MB, 1.0 ms [Runtime::PerformGC].
[5884]     6509 ms: Scavenge 38.3 (59.9) -> 31.0 (59.9) MB, 1.0 ms (+ 18.0 ms in 67 steps since last GC) [Runtime::PerformGC].
[5884]     6524 ms: Mark-sweep 35.2 (59.9) -> 22.6 (52.8) MB, 3.0 ms (+ 21.0 ms in 92 steps since start of marking, biggest step 1.0 ms) [StackGuard GC request] [GC in old space requested].
[5884]     6543 ms: Scavenge 31.2 (53.8) -> 23.9 (53.8) MB, 1.0 ms [Runtime::PerformGC].
[5884]     6557 ms: Scavenge 31.3 (53.8) -> 24.4 (53.8) MB, 1.0 ms [Runtime::PerformGC].
[5884]     6574 ms: Scavenge 32.5 (54.9) -> 25.2 (54.9) MB, 1.0 ms [Runtime::PerformGC].
[5884]     6588 ms: Scavenge 32.5 (54.9) -> 25.6 (54.9) MB, 1.0 ms [Runtime::PerformGC].
[5884]     6605 ms: Scavenge 33.7 (55.9) -> 26.3 (55.9) MB, 1.0 ms [Runtime::PerformGC].
[5884]     6620 ms: Scavenge 33.7 (55.9) -> 26.8 (55.9) MB, 1.0 ms [Runtime::PerformGC].
[5884]     6637 ms: Scavenge 34.9 (56.9) -> 27.6 (56.9) MB, 1.0 ms [Runtime::PerformGC].
[5884]     6651 ms: Scavenge 34.9 (56.9) -> 28.0 (56.9) MB, 1.0 ms [Runtime::PerformGC].
[5884]     6667 ms: Scavenge 36.0 (57.9) -> 28.8 (57.9) MB, 1.0 ms [Runtime::PerformGC].
[5884]     6682 ms: Scavenge 36.0 (57.9) -> 29.1 (57.9) MB, 1.0 ms [Runtime::PerformGC].
[5884]     6698 ms: Scavenge 37.2 (58.9) -> 29.9 (58.9) MB, 1.0 ms [Runtime::PerformGC].
[5884]     6713 ms: Scavenge 37.2 (58.9) -> 30.3 (58.9) MB, 1.0 ms [Runtime::PerformGC].
[5884]     6744 ms: Scavenge 38.4 (59.9) -> 31.1 (59.9) MB, 2.0 ms (+ 17.0 ms in 57 steps since last GC) [Runtime::PerformGC].
[5884]     6764 ms: Mark-sweep 36.2 (59.9) -> 22.8 (52.8) MB, 3.0 ms (+ 25.0 ms in 93 steps since start of marking, biggest step 1.0 ms) [StackGuard GC request] [GC in old space requested].
[5884]     6782 ms: Scavenge 31.3 (53.8) -> 24.1 (53.8) MB, 1.0 ms [Runtime::PerformGC].
[5884]     6796 ms: Scavenge 31.5 (53.8) -> 24.6 (53.8) MB, 1.0 ms [Runtime::PerformGC].
[5884]     6814 ms: Scavenge 32.7 (54.9) -> 25.3 (54.9) MB, 0.0 ms [Runtime::PerformGC].
[5884]     6829 ms: Scavenge 32.7 (54.9) -> 25.8 (54.9) MB, 1.0 ms [Runtime::PerformGC].
[5884]     6846 ms: Scavenge 33.9 (55.9) -> 26.5 (55.9) MB, 1.0 ms [Runtime::PerformGC].
[5884]     6861 ms: Scavenge 33.9 (55.9) -> 27.0 (55.9) MB, 1.0 ms [Runtime::PerformGC].
[5884]     6877 ms: Scavenge 34.8 (56.9) -> 27.7 (56.9) MB, 1.0 ms [Runtime::PerformGC].
[5884]     6892 ms: Scavenge 35.1 (56.9) -> 28.2 (56.9) MB, 1.0 ms [Runtime::PerformGC].
[5884]     6908 ms: Scavenge 36.2 (57.9) -> 29.0 (57.9) MB, 0.0 ms [Runtime::PerformGC].
[5884]     6923 ms: Scavenge 36.2 (57.9) -> 29.3 (57.9) MB, 1.0 ms [Runtime::PerformGC].
[5884]     6940 ms: Scavenge 37.4 (58.9) -> 30.1 (58.9) MB, 1.0 ms [Runtime::PerformGC].
[5884]     6955 ms: Scavenge 37.4 (58.9) -> 30.5 (58.9) MB, 1.0 ms [Runtime::PerformGC].
[5884]     6985 ms: Scavenge 38.6 (59.9) -> 31.3 (59.9) MB, 1.0 ms (+ 14.0 ms in 57 steps since last GC) [Runtime::PerformGC].
[5884]     7006 ms: Mark-sweep 36.4 (59.9) -> 22.9 (52.8) MB, 3.0 ms (+ 24.0 ms in 94 steps since start of marking, biggest step 2.0 ms) [StackGuard GC request] [GC in old space requested].
[5884]     7024 ms: Scavenge 31.4 (53.8) -> 24.2 (53.8) MB, 1.0 ms [Runtime::PerformGC].
[5884]     7038 ms: Scavenge 31.6 (53.8) -> 24.7 (53.8) MB, 0.0 ms [Runtime::PerformGC].
[5884]     7055 ms: Scavenge 32.8 (54.9) -> 25.4 (54.9) MB, 0.0 ms [Runtime::PerformGC].
[5884]     7070 ms: Scavenge 32.8 (54.9) -> 25.9 (54.9) MB, 1.0 ms [Runtime::PerformGC].
[5884]     7086 ms: Scavenge 34.0 (55.9) -> 26.6 (55.9) MB, 0.0 ms [Runtime::PerformGC].
[5884]     7101 ms: Scavenge 34.0 (55.9) -> 27.1 (55.9) MB, 1.0 ms [Runtime::PerformGC].
[5884]     7118 ms: Scavenge 35.2 (56.9) -> 27.8 (56.9) MB, 1.0 ms [Runtime::PerformGC].
[5884]     7132 ms: Scavenge 35.2 (56.9) -> 28.2 (56.9) MB, 0.0 ms [Runtime::PerformGC].
[5884]     7149 ms: Scavenge 36.3 (57.9) -> 29.0 (57.9) MB, 0.0 ms [Runtime::PerformGC].
[5884]     7163 ms: Scavenge 36.3 (57.9) -> 29.4 (57.9) MB, 0.0 ms [Runtime::PerformGC].
[5884]     7181 ms: Scavenge 37.5 (58.9) -> 30.1 (58.9) MB, 1.0 ms [Runtime::PerformGC].
[5884]     7195 ms: Scavenge 37.5 (58.9) -> 30.6 (58.9) MB, 1.0 ms [Runtime::PerformGC].
[5884]     7225 ms: Scavenge 38.7 (59.9) -> 31.3 (59.9) MB, 1.0 ms (+ 9.0 ms in 50 steps since last GC) [Runtime::PerformGC].
[5884]     7250 ms: Mark-sweep 37.5 (59.9) -> 23.2 (52.8) MB, 3.0 ms (+ 18.0 ms in 96 steps since start of marking, biggest step 1.0 ms) [StackGuard GC request] [GC in old space requested].
[5884]     7269 ms: Scavenge 31.9 (53.8) -> 24.5 (53.8) MB, 0.0 ms [Runtime::PerformGC].
[5884]     7284 ms: Scavenge 31.9 (53.8) -> 25.0 (53.8) MB, 1.0 ms [Runtime::PerformGC].
[5884]     7301 ms: Scavenge 33.1 (54.9) -> 25.7 (54.9) MB, 1.0 ms [Runtime::PerformGC].
[5884]     7315 ms: Scavenge 33.1 (54.9) -> 26.2 (54.9) MB, 0.0 ms [Runtime::PerformGC].
[5884]     7333 ms: Scavenge 34.3 (55.9) -> 26.9 (55.9) MB, 1.0 ms [Runtime::PerformGC].
[5884]     7347 ms: Scavenge 34.3 (55.9) -> 27.4 (55.9) MB, 1.0 ms [Runtime::PerformGC].
[5884]     7364 ms: Scavenge 35.4 (56.9) -> 28.1 (56.9) MB, 1.0 ms [Runtime::PerformGC].
[5884]     7378 ms: Scavenge 35.4 (56.9) -> 28.5 (56.9) MB, 1.0 ms [Runtime::PerformGC].
[5884]     7395 ms: Scavenge 36.6 (57.9) -> 29.2 (57.9) MB, 1.0 ms [Runtime::PerformGC].
[5884]     7410 ms: Scavenge 36.6 (57.9) -> 29.7 (57.9) MB, 1.0 ms [Runtime::PerformGC].
[5884]     7427 ms: Scavenge 37.8 (58.9) -> 30.4 (58.9) MB, 1.0 ms [Runtime::PerformGC].
[5884]     7441 ms: Scavenge 37.8 (58.9) -> 30.9 (58.9) MB, 1.0 ms [Runtime::PerformGC].
[marking 253D3135 <JS Function (SharedFunctionInfo 14717811)> for recompilation, reason: small function, ICs with typeinfo: 5/5 (100%)]
[5884]     7471 ms: Scavenge 39.0 (59.9) -> 31.6 (59.9) MB, 1.0 ms (+ 13.0 ms in 50 steps since last GC) [Runtime::PerformGC].
[5884]     7497 ms: Mark-sweep 37.8 (59.9) -> 23.4 (52.8) MB, 3.0 ms (+ 27.0 ms in 96 steps since start of marking, biggest step 1.0 ms) [StackGuard GC request] [GC in old space requested].
[5884]     7516 ms: Scavenge 32.1 (53.8) -> 24.7 (53.8) MB, 1.0 ms [Runtime::PerformGC].
[5884]     7529 ms: Scavenge 32.1 (53.8) -> 25.2 (53.8) MB, 0.0 ms [Runtime::PerformGC].
[5884]     7547 ms: Scavenge 33.3 (54.9) -> 25.9 (54.9) MB, 0.0 ms [Runtime::PerformGC].
[5884]     7561 ms: Scavenge 33.3 (54.9) -> 26.4 (54.9) MB, 1.0 ms [Runtime::PerformGC].
[5884]     7578 ms: Scavenge 34.3 (55.9) -> 27.0 (55.9) MB, 1.0 ms [Runtime::PerformGC].
[5884]     7592 ms: Scavenge 34.5 (55.9) -> 27.6 (55.9) MB, 1.0 ms [Runtime::PerformGC].
[5884]     7609 ms: Scavenge 35.5 (56.9) -> 28.2 (56.9) MB, 1.0 ms [Runtime::PerformGC].
[5884]     7623 ms: Scavenge 35.6 (56.9) -> 28.7 (56.9) MB, 1.0 ms [Runtime::PerformGC].
[5884]     7641 ms: Scavenge 36.8 (57.9) -> 29.4 (57.9) MB, 1.0 ms [Runtime::PerformGC].
[5884]     7655 ms: Scavenge 36.8 (57.9) -> 29.9 (57.9) MB, 1.0 ms [Runtime::PerformGC].
[5884]     7673 ms: Scavenge 37.9 (58.9) -> 30.5 (58.9) MB, 1.0 ms [Runtime::PerformGC].
[5884]     7687 ms: Scavenge 38.0 (58.9) -> 31.1 (58.9) MB, 1.0 ms [Runtime::PerformGC].
[5884]     7714 ms: Scavenge 39.0 (59.9) -> 31.7 (59.9) MB, 1.0 ms (+ 10.0 ms in 43 steps since last GC) [Runtime::PerformGC].
[5884]     7744 ms: Mark-sweep 38.8 (59.9) -> 23.7 (52.8) MB, 3.0 ms (+ 23.0 ms in 100 steps since start of marking, biggest step 1.0 ms) [StackGuard GC request] [GC in old space requested].
[5884]     7763 ms: Scavenge 32.4 (53.8) -> 25.0 (53.8) MB, 1.0 ms [Runtime::PerformGC].
[5884]     7776 ms: Scavenge 32.4 (53.8) -> 25.5 (53.8) MB, 0.0 ms [Runtime::PerformGC].
[5884]     7794 ms: Scavenge 33.6 (54.9) -> 26.1 (54.9) MB, 1.0 ms [Runtime::PerformGC].
[5884]     7807 ms: Scavenge 33.6 (54.9) -> 26.7 (54.9) MB, 0.0 ms [Runtime::PerformGC].
[5884]     7825 ms: Scavenge 34.7 (55.9) -> 27.3 (55.9) MB, 1.0 ms [Runtime::PerformGC].
[5884]     7839 ms: Scavenge 34.7 (55.9) -> 27.8 (55.9) MB, 1.0 ms [Runtime::PerformGC].
[5884]     7857 ms: Scavenge 35.9 (56.9) -> 28.4 (56.9) MB, 1.0 ms [Runtime::PerformGC].
[5884]     7871 ms: Scavenge 35.9 (56.9) -> 29.0 (56.9) MB, 0.0 ms [Runtime::PerformGC].
[5884]     7889 ms: Scavenge 37.1 (57.9) -> 29.6 (57.9) MB, 0.0 ms [Runtime::PerformGC].
[5884]     7903 ms: Scavenge 37.1 (57.9) -> 30.2 (57.9) MB, 0.0 ms [Runtime::PerformGC].
[5884]     7921 ms: Scavenge 38.3 (58.9) -> 30.8 (58.9) MB, 1.0 ms [Runtime::PerformGC].
[5884]     7936 ms: Scavenge 38.3 (58.9) -> 31.4 (58.9) MB, 1.0 ms [Runtime::PerformGC].
[5884]     7965 ms: Scavenge 39.4 (59.9) -> 32.0 (59.9) MB, 1.0 ms (+ 10.0 ms in 40 steps since last GC) [Runtime::PerformGC].
[5884]     7995 ms: Mark-sweep 38.4 (59.9) -> 23.8 (52.8) MB, 3.0 ms (+ 23.0 ms in 98 steps since start of marking, biggest step 1.0 ms) [StackGuard GC request] [GC in old space requested].
[5884]     8013 ms: Scavenge 32.6 (53.8) -> 25.1 (53.8) MB, 1.0 ms [Runtime::PerformGC].
[5884]     8027 ms: Scavenge 32.3 (53.8) -> 25.4 (53.8) MB, 1.0 ms [Runtime::PerformGC].
[5884]     8043 ms: Scavenge 33.7 (54.9) -> 26.2 (54.9) MB, 1.0 ms [Runtime::PerformGC].
[5884]     8058 ms: Scavenge 33.7 (54.9) -> 26.6 (54.9) MB, 1.0 ms [Runtime::PerformGC].
[5884]     8076 ms: Scavenge 34.9 (55.9) -> 27.3 (55.9) MB, 1.0 ms [Runtime::PerformGC].
[5884]     8091 ms: Scavenge 34.9 (55.9) -> 27.8 (55.9) MB, 1.0 ms [Runtime::PerformGC].
[5884]     8109 ms: Scavenge 36.0 (56.9) -> 28.4 (56.9) MB, 1.0 ms [Runtime::PerformGC].
[5884]     8124 ms: Scavenge 36.1 (56.9) -> 29.0 (56.9) MB, 1.0 ms [Runtime::PerformGC].
[5884]     8141 ms: Scavenge 37.1 (57.9) -> 29.5 (57.9) MB, 1.0 ms [Runtime::PerformGC].
[5884]     8154 ms: Scavenge 37.3 (57.9) -> 30.1 (57.9) MB, 0.0 ms [Runtime::PerformGC].
[5884]     8171 ms: Scavenge 38.2 (58.9) -> 30.7 (58.9) MB, 1.0 ms [Runtime::PerformGC].
[5884]     8185 ms: Scavenge 38.4 (58.9) -> 31.3 (58.9) MB, 0.0 ms [Runtime::PerformGC].
[5884]     8203 ms: Scavenge 39.4 (59.9) -> 31.8 (59.9) MB, 1.0 ms [Runtime::PerformGC].
[5884]     8237 ms: Scavenge 39.4 (59.9) -> 32.3 (59.9) MB, 1.0 ms (+ 13.0 ms in 71 steps since last GC) [Runtime::PerformGC].
[5884]     8259 ms: Mark-sweep 35.7 (59.9) -> 24.3 (47.8) MB, 10.0 ms (+ 19.0 ms in 96 steps since start of marking, biggest step 1.0 ms) [StackGuard GC request] [GC in old space requested].
[5884]     8278 ms: Scavenge 33.0 (48.8) -> 25.6 (48.8) MB, 1.0 ms [Runtime::PerformGC].
[5884]     8292 ms: Scavenge 33.1 (48.8) -> 26.2 (48.8) MB, 1.0 ms [Runtime::PerformGC].
[5884]     8309 ms: Scavenge 34.2 (49.9) -> 26.8 (49.9) MB, 0.0 ms [Runtime::PerformGC].
[5884]     8323 ms: Scavenge 33.9 (49.9) -> 27.1 (49.9) MB, 0.0 ms [Runtime::PerformGC].
[5884]     8340 ms: Scavenge 35.4 (50.9) -> 27.8 (50.9) MB, 1.0 ms [Runtime::PerformGC].
[5884]     8354 ms: Scavenge 35.4 (50.9) -> 28.3 (50.9) MB, 0.0 ms [Runtime::PerformGC].
[5884]     8372 ms: Scavenge 36.5 (51.9) -> 28.8 (51.9) MB, 1.0 ms [Runtime::PerformGC].
[5884]     8386 ms: Scavenge 36.6 (51.9) -> 29.5 (51.9) MB, 1.0 ms [Runtime::PerformGC].
[5884]     8403 ms: Scavenge 37.6 (52.9) -> 30.0 (52.9) MB, 1.0 ms [Runtime::PerformGC].
[5884]     8417 ms: Scavenge 37.8 (52.9) -> 30.6 (52.9) MB, 1.0 ms [Runtime::PerformGC].
[5884]     8433 ms: Scavenge 38.7 (53.9) -> 31.2 (53.9) MB, 1.0 ms [Runtime::PerformGC].
[5884]     8448 ms: Scavenge 38.7 (53.9) -> 31.7 (53.9) MB, 1.0 ms [Runtime::PerformGC].
[5884]     8465 ms: Scavenge 39.9 (54.9) -> 32.4 (54.9) MB, 1.0 ms [Runtime::PerformGC].
[5884]     8480 ms: Scavenge 40.1 (54.9) -> 32.8 (54.9) MB, 1.0 ms [Runtime::PerformGC].
[5884]     8494 ms: Scavenge 40.1 (54.9) -> 33.2 (54.9) MB, 1.0 ms [Runtime::PerformGC].
[5884]     8534 ms: Scavenge 41.3 (56.0) -> 34.0 (56.0) MB, 1.0 ms (+ 16.0 ms in 69 steps since last GC) [Runtime::PerformGC].
[5884]     8543 ms: Mark-sweep 36.0 (56.0) -> 24.3 (47.8) MB, 2.0 ms (+ 19.0 ms in 84 steps since start of marking, biggest step 1.0 ms) [StackGuard GC request] [GC in old space requested].
[5884]     8561 ms: Scavenge 33.0 (48.8) -> 25.3 (48.8) MB, 0.0 ms [Runtime::PerformGC].
[5884]     8576 ms: Scavenge 33.0 (48.8) -> 25.9 (48.8) MB, 1.0 ms [Runtime::PerformGC].
[5884]     8592 ms: Scavenge 34.0 (49.9) -> 26.5 (49.9) MB, 0.0 ms [Runtime::PerformGC].
[5884]     8607 ms: Scavenge 34.0 (49.9) -> 26.9 (49.9) MB, 0.0 ms [Runtime::PerformGC].
[5884]     8624 ms: Scavenge 35.2 (50.9) -> 27.6 (50.9) MB, 1.0 ms [Runtime::PerformGC].
[5884]     8639 ms: Scavenge 35.4 (50.9) -> 28.1 (50.9) MB, 0.0 ms [Runtime::PerformGC].
[5884]     8653 ms: Scavenge 35.4 (50.9) -> 28.5 (50.9) MB, 1.0 ms [Runtime::PerformGC].
[5884]     8670 ms: Scavenge 36.6 (51.9) -> 29.3 (51.9) MB, 1.0 ms [Runtime::PerformGC].
[5884]     8684 ms: Scavenge 36.6 (51.9) -> 29.6 (51.9) MB, 0.0 ms [Runtime::PerformGC].
[5884]     8702 ms: Scavenge 37.7 (52.9) -> 30.4 (52.9) MB, 1.0 ms [Runtime::PerformGC].
[5884]     8716 ms: Scavenge 37.7 (52.9) -> 30.8 (52.9) MB, 1.0 ms [Runtime::PerformGC].
[5884]     8734 ms: Scavenge 38.9 (53.9) -> 31.5 (53.9) MB, 1.0 ms [Runtime::PerformGC].
[5884]     8747 ms: Scavenge 38.9 (53.9) -> 32.0 (53.9) MB, 1.0 ms [Runtime::PerformGC].
[5884]     8765 ms: Scavenge 40.1 (54.9) -> 32.6 (54.9) MB, 1.0 ms [Runtime::PerformGC].
[5884]     8780 ms: Scavenge 39.8 (54.9) -> 33.0 (54.9) MB, 1.0 ms [Runtime::PerformGC].
[5884]     8820 ms: Scavenge 41.2 (56.0) -> 33.6 (56.0) MB, 1.0 ms (+ 25.0 ms in 65 steps since last GC) [Runtime::PerformGC].
[5884]     8830 ms: Mark-sweep 35.7 (56.0) -> 24.1 (47.8) MB, 3.0 ms (+ 30.0 ms in 83 steps since start of marking, biggest step 1.0 ms) [StackGuard GC request] [GC in old space requested].
[5884]     8843 ms: Scavenge 31.8 (47.8) -> 24.7 (47.8) MB, 1.0 ms [Runtime::PerformGC].
[5884]     8861 ms: Scavenge 32.8 (48.8) -> 25.3 (48.8) MB, 1.0 ms [Runtime::PerformGC].
[5884]     8875 ms: Scavenge 32.5 (48.8) -> 25.7 (48.8) MB, 1.0 ms [Runtime::PerformGC].
[5884]     8891 ms: Scavenge 34.0 (49.9) -> 26.3 (49.9) MB, 1.0 ms [Runtime::PerformGC].
[5884]     8905 ms: Scavenge 34.0 (49.9) -> 26.9 (49.9) MB, 0.0 ms [Runtime::PerformGC].
[5884]     8923 ms: Scavenge 35.1 (50.9) -> 27.4 (50.9) MB, 1.0 ms [Runtime::PerformGC].
[5884]     8937 ms: Scavenge 35.2 (50.9) -> 28.0 (50.9) MB, 0.0 ms [Runtime::PerformGC].
[5884]     8954 ms: Scavenge 36.2 (51.9) -> 28.6 (51.9) MB, 1.0 ms [Runtime::PerformGC].
[5884]     8968 ms: Scavenge 36.3 (51.9) -> 29.2 (51.9) MB, 1.0 ms [Runtime::PerformGC].
[5884]     8984 ms: Scavenge 37.3 (52.9) -> 29.8 (52.9) MB, 0.0 ms [Runtime::PerformGC].
[5884]     8999 ms: Scavenge 37.3 (52.9) -> 30.2 (52.9) MB, 1.0 ms [Runtime::PerformGC].
[5884]     9016 ms: Scavenge 38.5 (53.9) -> 30.9 (53.9) MB, 1.0 ms [Runtime::PerformGC].
[5884]     9031 ms: Scavenge 38.7 (53.9) -> 31.4 (53.9) MB, 1.0 ms [Runtime::PerformGC].
[5884]     9045 ms: Scavenge 38.7 (53.9) -> 31.8 (53.9) MB, 1.0 ms [Runtime::PerformGC].
[5884]     9062 ms: Scavenge 39.9 (54.9) -> 32.6 (54.9) MB, 1.0 ms [Runtime::PerformGC].
[5884]     9076 ms: Scavenge 39.9 (54.9) -> 33.0 (54.9) MB, 1.0 ms [Runtime::PerformGC].
[5884]     9118 ms: Scavenge 41.0 (56.0) -> 33.7 (56.0) MB, 1.0 ms (+ 27.0 ms in 71 steps since last GC) [Runtime::PerformGC].
[5884]     9124 ms: Mark-sweep 34.8 (56.0) -> 24.2 (48.8) MB, 2.0 ms (+ 28.0 ms in 80 steps since start of marking, biggest step 1.0 ms) [StackGuard GC request] [GC in old space requested].
[5884]     9140 ms: Scavenge 31.9 (48.8) -> 24.8 (48.8) MB, 0.0 ms [Runtime::PerformGC].
[5884]     9157 ms: Scavenge 32.9 (49.8) -> 25.6 (49.8) MB, 1.0 ms [Runtime::PerformGC].
[5884]     9172 ms: Scavenge 32.9 (49.8) -> 26.0 (49.8) MB, 1.0 ms [Runtime::PerformGC].
[5884]     9189 ms: Scavenge 34.1 (50.9) -> 26.7 (50.9) MB, 0.0 ms [Runtime::PerformGC].
[5884]     9204 ms: Scavenge 34.1 (50.9) -> 27.2 (50.9) MB, 1.0 ms [Runtime::PerformGC].
[5884]     9221 ms: Scavenge 35.2 (51.9) -> 27.8 (51.9) MB, 1.0 ms [Runtime::PerformGC].
[5884]     9235 ms: Scavenge 35.2 (51.9) -> 28.3 (51.9) MB, 1.0 ms [Runtime::PerformGC].
[5884]     9253 ms: Scavenge 36.3 (52.9) -> 28.9 (52.9) MB, 0.0 ms [Runtime::PerformGC].
[5884]     9268 ms: Scavenge 36.1 (52.9) -> 29.3 (52.9) MB, 1.0 ms [Runtime::PerformGC].
[5884]     9284 ms: Scavenge 37.6 (53.9) -> 29.9 (53.9) MB, 1.0 ms [Runtime::PerformGC].
[5884]     9298 ms: Scavenge 37.6 (53.9) -> 30.5 (53.9) MB, 0.0 ms [Runtime::PerformGC].
[5884]     9316 ms: Scavenge 38.7 (54.9) -> 31.0 (54.9) MB, 1.0 ms [Runtime::PerformGC].
[5884]     9330 ms: Scavenge 38.8 (54.9) -> 31.6 (54.9) MB, 1.0 ms [Runtime::PerformGC].
[5884]     9346 ms: Scavenge 39.7 (55.9) -> 32.2 (55.9) MB, 1.0 ms [Runtime::PerformGC].
[5884]     9360 ms: Scavenge 39.9 (55.9) -> 32.8 (55.9) MB, 0.0 ms [Runtime::PerformGC].
[5884]     9379 ms: Scavenge 40.9 (57.0) -> 33.4 (57.0) MB, 1.0 ms (+ 4.0 ms in 9 steps since last GC) [Runtime::PerformGC].
[5884]     9413 ms: Scavenge 41.1 (57.0) -> 33.8 (57.0) MB, 1.0 ms (+ 16.0 ms in 70 steps since last GC) [Runtime::PerformGC].
[5884]     9427 ms: Mark-sweep 38.0 (57.0) -> 24.6 (49.8) MB, 3.0 ms (+ 27.0 ms in 103 steps since start of marking, biggest step 1.0 ms) [StackGuard GC request] [GC in old space requested].
[5884]     9447 ms: Scavenge 33.3 (50.8) -> 25.9 (50.8) MB, 1.0 ms [Runtime::PerformGC].
[5884]     9461 ms: Scavenge 33.3 (50.8) -> 26.4 (50.8) MB, 1.0 ms [Runtime::PerformGC].
[5884]     9479 ms: Scavenge 34.4 (51.9) -> 27.0 (51.9) MB, 1.0 ms [Runtime::PerformGC].
[5884]     9493 ms: Scavenge 34.2 (51.9) -> 27.4 (51.9) MB, 0.0 ms [Runtime::PerformGC].
[5884]     9510 ms: Scavenge 35.7 (52.9) -> 28.0 (52.9) MB, 1.0 ms [Runtime::PerformGC].
[5884]     9525 ms: Scavenge 35.7 (52.9) -> 28.6 (52.9) MB, 1.0 ms [Runtime::PerformGC].
[5884]     9543 ms: Scavenge 36.8 (53.9) -> 29.1 (53.9) MB, 1.0 ms [Runtime::PerformGC].
[5884]     9558 ms: Scavenge 36.9 (53.9) -> 29.7 (53.9) MB, 1.0 ms [Runtime::PerformGC].
[5884]     9574 ms: Scavenge 37.8 (54.9) -> 30.3 (54.9) MB, 1.0 ms [Runtime::PerformGC].
[5884]     9588 ms: Scavenge 38.0 (54.9) -> 30.9 (54.9) MB, 0.0 ms [Runtime::PerformGC].
[5884]     9605 ms: Scavenge 39.0 (55.9) -> 31.5 (55.9) MB, 1.0 ms [Runtime::PerformGC].
[5884]     9620 ms: Scavenge 39.2 (55.9) -> 31.9 (55.9) MB, 1.0 ms [Runtime::PerformGC].
[5884]     9634 ms: Scavenge 39.2 (55.9) -> 32.3 (55.9) MB, 0.0 ms [Runtime::PerformGC].
[5884]     9651 ms: Scavenge 40.4 (56.9) -> 33.1 (56.9) MB, 1.0 ms [Runtime::PerformGC].
[5884]     9665 ms: Scavenge 40.4 (56.9) -> 33.5 (56.9) MB, 0.0 ms [Runtime::PerformGC].
[5884]     9707 ms: Scavenge 41.6 (58.0) -> 34.2 (58.0) MB, 1.0 ms (+ 24.0 ms in 71 steps since last GC) [Runtime::PerformGC].
[5884]     9714 ms: Mark-sweep 35.3 (58.0) -> 24.3 (49.8) MB, 3.0 ms (+ 28.0 ms in 80 steps since start of marking, biggest step 1.0 ms) [StackGuard GC request] [GC in old space requested].
[5884]     9729 ms: Scavenge 32.0 (49.8) -> 24.9 (49.8) MB, 0.0 ms [Runtime::PerformGC].
[5884]     9746 ms: Scavenge 33.0 (50.8) -> 25.7 (50.8) MB, 1.0 ms [Runtime::PerformGC].
[5884]     9760 ms: Scavenge 33.0 (50.8) -> 26.1 (50.8) MB, 0.0 ms [Runtime::PerformGC].
[5884]     9777 ms: Scavenge 34.2 (51.9) -> 26.8 (51.9) MB, 0.0 ms [Runtime::PerformGC].
[5884]     9791 ms: Scavenge 34.2 (51.9) -> 27.3 (51.9) MB, 0.0 ms [Runtime::PerformGC].
[5884]     9809 ms: Scavenge 35.3 (52.9) -> 27.9 (52.9) MB, 1.0 ms [Runtime::PerformGC].
[5884]     9822 ms: Scavenge 35.3 (52.9) -> 28.4 (52.9) MB, 0.0 ms [Runtime::PerformGC].
[5884]     9840 ms: Scavenge 36.5 (53.9) -> 29.0 (53.9) MB, 0.0 ms [Runtime::PerformGC].
[5884]     9855 ms: Scavenge 36.2 (53.9) -> 29.4 (53.9) MB, 1.0 ms [Runtime::PerformGC].
[5884]     9871 ms: Scavenge 37.7 (54.9) -> 29.9 (54.9) MB, 0.0 ms [Runtime::PerformGC].
[marking 257080B9 <JS Function (SharedFunctionInfo 14717811)> for recompilation, reason: small function, ICs with typeinfo: 5/5 (100%)]
[optimizing 257080B9 <JS Function (SharedFunctionInfo 14717811)> - took 0.000, 0.000, 0.000 ms]
[5884]     9886 ms: Scavenge 37.7 (54.9) -> 30.6 (54.9) MB, 1.0 ms [Runtime::PerformGC].
[5884]     9903 ms: Scavenge 38.7 (55.9) -> 31.1 (55.9) MB, 1.0 ms [Runtime::PerformGC].
[5884]     9917 ms: Scavenge 38.9 (55.9) -> 31.7 (55.9) MB, 1.0 ms [Runtime::PerformGC].
[5884]     9934 ms: Scavenge 39.8 (56.9) -> 32.3 (56.9) MB, 1.0 ms [Runtime::PerformGC].
[5884]     9949 ms: Scavenge 40.0 (56.9) -> 32.8 (56.9) MB, 1.0 ms [Runtime::PerformGC].
[5884]     9963 ms: Scavenge 40.0 (56.9) -> 33.1 (56.9) MB, 1.0 ms [Runtime::PerformGC].
[5884]    10001 ms: Scavenge 41.2 (58.0) -> 33.9 (58.0) MB, 1.0 ms (+ 24.0 ms in 68 steps since last GC) [Runtime::PerformGC].
[5884]    10011 ms: Mark-sweep 35.9 (58.0) -> 24.4 (50.8) MB, 3.0 ms (+ 27.0 ms in 83 steps since start of marking, biggest step 1.0 ms) [StackGuard GC request] [GC in old space requested].
[5884]    10029 ms: Scavenge 33.1 (51.8) -> 25.4 (51.8) MB, 0.0 ms [Runtime::PerformGC].
[5884]    10044 ms: Scavenge 33.1 (51.8) -> 26.0 (51.8) MB, 1.0 ms [Runtime::PerformGC].
[5884]    10061 ms: Scavenge 34.1 (52.9) -> 26.6 (52.9) MB, 1.0 ms [Runtime::PerformGC].
[5884]    10076 ms: Scavenge 34.3 (52.9) -> 27.0 (52.9) MB, 0.0 ms [Runtime::PerformGC].
[5884]    10091 ms: Scavenge 34.3 (52.9) -> 27.4 (52.9) MB, 1.0 ms [Runtime::PerformGC].
[5884]    10107 ms: Scavenge 35.5 (53.9) -> 28.2 (53.9) MB, 0.0 ms [Runtime::PerformGC].
[5884]    10122 ms: Scavenge 35.5 (53.9) -> 28.6 (53.9) MB, 0.0 ms [Runtime::PerformGC].
[5884]    10139 ms: Scavenge 36.6 (54.9) -> 29.3 (54.9) MB, 0.0 ms [Runtime::PerformGC].
[5884]    10154 ms: Scavenge 36.6 (54.9) -> 29.7 (54.9) MB, 1.0 ms [Runtime::PerformGC].
[5884]    10171 ms: Scavenge 37.8 (55.9) -> 30.4 (55.9) MB, 0.0 ms [Runtime::PerformGC].
[5884]    10185 ms: Scavenge 37.8 (55.9) -> 30.9 (55.9) MB, 1.0 ms [Runtime::PerformGC].
[5884]    10203 ms: Scavenge 39.0 (56.9) -> 31.5 (56.9) MB, 1.0 ms [Runtime::PerformGC].
[5884]    10218 ms: Scavenge 38.7 (56.9) -> 31.9 (56.9) MB, 1.0 ms [Runtime::PerformGC].
[5884]    10234 ms: Scavenge 40.2 (57.9) -> 32.4 (57.9) MB, 0.0 ms [Runtime::PerformGC].
[5884]    10249 ms: Scavenge 40.2 (57.9) -> 33.0 (57.9) MB, 1.0 ms [Runtime::PerformGC].
[5884]    10270 ms: Scavenge 41.2 (59.0) -> 33.6 (59.0) MB, 0.0 ms (+ 8.0 ms in 19 steps since last GC) [Runtime::PerformGC].
[5884]    10303 ms: Scavenge 41.3 (59.0) -> 34.2 (59.0) MB, 1.0 ms (+ 17.0 ms in 68 steps since last GC) [Runtime::PerformGC].
[5884]    10313 ms: Mark-sweep 35.8 (59.0) -> 24.5 (50.8) MB, 3.0 ms (+ 28.0 ms in 103 steps since start of marking, biggest step 1.0 ms) [StackGuard GC request] [GC in old space requested].
[5884]    10331 ms: Scavenge 33.2 (51.8) -> 25.7 (51.8) MB, 1.0 ms [Runtime::PerformGC].
[5884]    10346 ms: Scavenge 33.1 (51.8) -> 26.1 (51.8) MB, 1.0 ms [Runtime::PerformGC].
[5884]    10362 ms: Scavenge 34.4 (52.9) -> 26.7 (52.9) MB, 0.0 ms [Runtime::PerformGC].
[5884]    10377 ms: Scavenge 34.4 (52.9) -> 27.3 (52.9) MB, 1.0 ms [Runtime::PerformGC].
[5884]    10393 ms: Scavenge 35.4 (53.9) -> 27.8 (53.9) MB, 0.0 ms [Runtime::PerformGC].
[5884]    10408 ms: Scavenge 35.6 (53.9) -> 28.4 (53.9) MB, 1.0 ms [Runtime::PerformGC].
[5884]    10425 ms: Scavenge 36.6 (54.9) -> 29.0 (54.9) MB, 1.0 ms [Runtime::PerformGC].
[5884]    10440 ms: Scavenge 36.7 (54.9) -> 29.5 (54.9) MB, 1.0 ms [Runtime::PerformGC].
[5884]    10454 ms: Scavenge 36.7 (54.9) -> 29.8 (54.9) MB, 1.0 ms [Runtime::PerformGC].
[5884]    10471 ms: Scavenge 37.9 (55.9) -> 30.7 (55.9) MB, 1.0 ms [Runtime::PerformGC].
[5884]    10485 ms: Scavenge 37.9 (55.9) -> 31.0 (55.9) MB, 1.0 ms [Runtime::PerformGC].
[5884]    10502 ms: Scavenge 39.1 (56.9) -> 31.7 (56.9) MB, 1.0 ms [Runtime::PerformGC].
[5884]    10516 ms: Scavenge 39.1 (56.9) -> 32.2 (56.9) MB, 1.0 ms [Runtime::PerformGC].
[5884]    10534 ms: Scavenge 40.3 (57.9) -> 32.8 (57.9) MB, 1.0 ms [Runtime::PerformGC].
[5884]    10547 ms: Scavenge 40.3 (57.9) -> 33.4 (57.9) MB, 1.0 ms [Runtime::PerformGC].
[5884]    10591 ms: Scavenge 41.4 (59.0) -> 33.9 (59.0) MB, 1.0 ms (+ 22.0 ms in 73 steps since last GC) [Runtime::PerformGC].
[5884]    10597 ms: Mark-sweep 35.0 (59.0) -> 24.2 (50.8) MB, 2.0 ms (+ 25.0 ms in 83 steps since start of marking, biggest step 1.0 ms) [StackGuard GC request] [GC in old space requested].
[5884]    10612 ms: Scavenge 31.9 (50.8) -> 24.8 (50.8) MB, 1.0 ms [Runtime::PerformGC].
[5884]    10629 ms: Scavenge 32.9 (51.8) -> 25.5 (51.8) MB, 1.0 ms [Runtime::PerformGC].
[5884]    10643 ms: Scavenge 32.9 (51.8) -> 26.0 (51.8) MB, 0.0 ms [Runtime::PerformGC].
[5884]    10661 ms: Scavenge 34.1 (52.9) -> 26.6 (52.9) MB, 0.0 ms [Runtime::PerformGC].
[5884]    10676 ms: Scavenge 33.8 (52.9) -> 27.0 (52.9) MB, 1.0 ms [Runtime::PerformGC].
[5884]    10692 ms: Scavenge 35.3 (53.9) -> 27.6 (53.9) MB, 0.0 ms [Runtime::PerformGC].
[5884]    10707 ms: Scavenge 35.3 (53.9) -> 28.1 (53.9) MB, 1.0 ms [Runtime::PerformGC].
[5884]    10724 ms: Scavenge 36.3 (54.9) -> 28.7 (54.9) MB, 1.0 ms [Runtime::PerformGC].
[5884]    10738 ms: Scavenge 36.4 (54.9) -> 29.3 (54.9) MB, 1.0 ms [Runtime::PerformGC].
[5884]    10755 ms: Scavenge 37.4 (55.9) -> 29.9 (55.9) MB, 1.0 ms [Runtime::PerformGC].
[5884]    10770 ms: Scavenge 37.6 (55.9) -> 30.3 (55.9) MB, 1.0 ms [Runtime::PerformGC].
[5884]    10784 ms: Scavenge 37.6 (55.9) -> 30.7 (55.9) MB, 1.0 ms [Runtime::PerformGC].
[5884]    10800 ms: Scavenge 38.8 (56.9) -> 31.5 (56.9) MB, 1.0 ms [Runtime::PerformGC].
[5884]    10815 ms: Scavenge 38.8 (56.9) -> 31.9 (56.9) MB, 1.0 ms [Runtime::PerformGC].
[5884]    10832 ms: Scavenge 40.0 (57.9) -> 32.6 (57.9) MB, 1.0 ms [Runtime::PerformGC].
[5884]    10846 ms: Scavenge 40.0 (57.9) -> 33.1 (57.9) MB, 1.0 ms [Runtime::PerformGC].
[5884]    10889 ms: Scavenge 41.1 (59.0) -> 33.7 (59.0) MB, 1.0 ms (+ 24.0 ms in 73 steps since last GC) [Runtime::PerformGC].
[5884]    10895 ms: Mark-sweep 34.7 (59.0) -> 24.2 (50.8) MB, 2.0 ms (+ 25.0 ms in 82 steps since start of marking, biggest step 1.0 ms) [StackGuard GC request] [GC in old space requested].
[5884]    10910 ms: Scavenge 31.9 (50.8) -> 24.8 (50.8) MB, 1.0 ms [Runtime::PerformGC].
[5884]    10927 ms: Scavenge 32.9 (51.8) -> 25.5 (51.8) MB, 1.0 ms [Runtime::PerformGC].
[5884]    10941 ms: Scavenge 32.9 (51.8) -> 26.0 (51.8) MB, 0.0 ms [Runtime::PerformGC].
[5884]    10959 ms: Scavenge 34.1 (52.9) -> 26.6 (52.9) MB, 1.0 ms [Runtime::PerformGC].
[5884]    10972 ms: Scavenge 34.1 (52.9) -> 27.2 (52.9) MB, 1.0 ms [Runtime::PerformGC].
[5884]    10990 ms: Scavenge 35.2 (53.9) -> 27.7 (53.9) MB, 1.0 ms [Runtime::PerformGC].
[5884]    11004 ms: Scavenge 34.9 (53.9) -> 28.1 (53.9) MB, 1.0 ms [Runtime::PerformGC].
[5884]    11020 ms: Scavenge 36.4 (54.9) -> 28.8 (54.9) MB, 0.0 ms [Runtime::PerformGC].
[5884]    11035 ms: Scavenge 36.4 (54.9) -> 29.3 (54.9) MB, 1.0 ms [Runtime::PerformGC].
[5884]    11052 ms: Scavenge 37.5 (55.9) -> 29.8 (55.9) MB, 0.0 ms [Runtime::PerformGC].
[5884]    11067 ms: Scavenge 37.6 (55.9) -> 30.5 (55.9) MB, 1.0 ms [Runtime::PerformGC].
[5884]    11083 ms: Scavenge 38.6 (56.9) -> 31.0 (56.9) MB, 1.0 ms [Runtime::PerformGC].
[5884]    11097 ms: Scavenge 38.8 (56.9) -> 31.6 (56.9) MB, 0.0 ms [Runtime::PerformGC].
[5884]    11114 ms: Scavenge 39.7 (57.9) -> 32.2 (57.9) MB, 1.0 ms [Runtime::PerformGC].
[5884]    11129 ms: Scavenge 39.9 (57.9) -> 32.7 (57.9) MB, 0.0 ms [Runtime::PerformGC].
[5884]    11144 ms: Scavenge 39.9 (57.9) -> 33.0 (57.9) MB, 1.0 ms [Runtime::PerformGC].
[5884]    11183 ms: Scavenge 41.1 (59.0) -> 33.8 (59.0) MB, 1.0 ms (+ 20.0 ms in 67 steps since last GC) [Runtime::PerformGC].
[5884]    11193 ms: Mark-sweep 35.8 (59.0) -> 24.4 (51.8) MB, 3.0 ms (+ 23.0 ms in 83 steps since start of marking, biggest step 1.0 ms) [StackGuard GC request] [GC in old space requested].
[5884]    11211 ms: Scavenge 33.1 (52.8) -> 25.4 (52.8) MB, 0.0 ms [Runtime::PerformGC].
[5884]    11225 ms: Scavenge 33.1 (52.8) -> 26.0 (52.8) MB, 0.0 ms [Runtime::PerformGC].
[5884]    11242 ms: Scavenge 34.1 (53.9) -> 26.6 (53.9) MB, 1.0 ms [Runtime::PerformGC].
[5884]    11257 ms: Scavenge 34.1 (53.9) -> 27.0 (53.9) MB, 1.0 ms [Runtime::PerformGC].
[5884]    11274 ms: Scavenge 35.3 (54.9) -> 27.7 (54.9) MB, 1.0 ms [Runtime::PerformGC].
[5884]    11289 ms: Scavenge 35.5 (54.9) -> 28.2 (54.9) MB, 1.0 ms [Runtime::PerformGC].
[5884]    11303 ms: Scavenge 35.5 (54.9) -> 28.6 (54.9) MB, 1.0 ms [Runtime::PerformGC].
[5884]    11320 ms: Scavenge 36.6 (55.9) -> 29.4 (55.9) MB, 1.0 ms [Runtime::PerformGC].
[5884]    11334 ms: Scavenge 36.6 (55.9) -> 29.7 (55.9) MB, 1.0 ms [Runtime::PerformGC].
[5884]    11351 ms: Scavenge 37.8 (56.9) -> 30.5 (56.9) MB, 1.0 ms [Runtime::PerformGC].
[5884]    11365 ms: Scavenge 37.8 (56.9) -> 30.9 (56.9) MB, 1.0 ms [Runtime::PerformGC].
[5884]    11382 ms: Scavenge 39.0 (57.9) -> 31.6 (57.9) MB, 1.0 ms [Runtime::PerformGC].
[5884]    11396 ms: Scavenge 39.0 (57.9) -> 32.1 (57.9) MB, 1.0 ms [Runtime::PerformGC].
[5884]    11414 ms: Scavenge 40.1 (58.9) -> 32.7 (58.9) MB, 1.0 ms [Runtime::PerformGC].
[5884]    11429 ms: Scavenge 39.9 (58.9) -> 33.0 (58.9) MB, 1.0 ms [Runtime::PerformGC].
[5884]    11468 ms: Scavenge 41.3 (60.0) -> 33.7 (60.0) MB, 1.0 ms (+ 24.0 ms in 65 steps since last GC) [Runtime::PerformGC].
[5884]    11478 ms: Mark-sweep 35.7 (60.0) -> 24.0 (51.8) MB, 3.0 ms (+ 27.0 ms in 84 steps since start of marking, biggest step 1.0 ms) [StackGuard GC request] [GC in old space requested].
[5884]    11491 ms: Scavenge 31.7 (51.8) -> 24.6 (51.8) MB, 1.0 ms [Runtime::PerformGC].
[5884]    11508 ms: Scavenge 32.7 (52.8) -> 25.3 (52.8) MB, 0.0 ms [Runtime::PerformGC].
[5884]    11523 ms: Scavenge 32.4 (52.8) -> 25.6 (52.8) MB, 1.0 ms [Runtime::PerformGC].
[5884]    11539 ms: Scavenge 33.9 (53.9) -> 26.3 (53.9) MB, 0.0 ms [Runtime::PerformGC].
[5884]    11554 ms: Scavenge 33.9 (53.9) -> 26.8 (53.9) MB, 1.0 ms [Runtime::PerformGC].
[5884]    11572 ms: Scavenge 35.0 (54.9) -> 27.3 (54.9) MB, 1.0 ms [Runtime::PerformGC].
[5884]    11586 ms: Scavenge 35.1 (54.9) -> 28.0 (54.9) MB, 1.0 ms [Runtime::PerformGC].
[5884]    11603 ms: Scavenge 36.1 (55.9) -> 28.5 (55.9) MB, 1.0 ms [Runtime::PerformGC].
[5884]    11617 ms: Scavenge 36.2 (55.9) -> 29.1 (55.9) MB, 1.0 ms [Runtime::PerformGC].
[5884]    11634 ms: Scavenge 37.2 (56.9) -> 29.7 (56.9) MB, 1.0 ms [Runtime::PerformGC].
[5884]    11648 ms: Scavenge 37.3 (56.9) -> 30.2 (56.9) MB, 0.0 ms [Runtime::PerformGC].
[5884]    11666 ms: Scavenge 38.4 (57.9) -> 30.8 (57.9) MB, 1.0 ms [Runtime::PerformGC].
[5884]    11681 ms: Scavenge 38.6 (57.9) -> 31.3 (57.9) MB, 1.0 ms [Runtime::PerformGC].
[5884]    11695 ms: Scavenge 38.6 (57.9) -> 31.7 (57.9) MB, 1.0 ms [Runtime::PerformGC].
[5884]    11730 ms: Scavenge 39.8 (58.9) -> 32.5 (58.9) MB, 1.0 ms (+ 15.0 ms in 67 steps since last GC) [Runtime::PerformGC].
[5884]    11748 ms: Mark-sweep 36.5 (58.9) -> 24.2 (51.8) MB, 2.0 ms (+ 24.0 ms in 101 steps since start of marking, biggest step 1.0 ms) [StackGuard GC request] [GC in old space requested].
[5884]    11766 ms: Scavenge 32.9 (52.8) -> 25.4 (52.8) MB, 1.0 ms [Runtime::PerformGC].
[5884]    11781 ms: Scavenge 32.8 (52.8) -> 25.8 (52.8) MB, 1.0 ms [Runtime::PerformGC].
[5884]    11797 ms: Scavenge 34.1 (53.9) -> 26.6 (53.9) MB, 0.0 ms [Runtime::PerformGC].
[5884]    11812 ms: Scavenge 34.1 (53.9) -> 27.0 (53.9) MB, 1.0 ms [Runtime::PerformGC].
[5884]    11830 ms: Scavenge 35.3 (54.9) -> 27.6 (54.9) MB, 1.0 ms [Runtime::PerformGC].
[5884]    11844 ms: Scavenge 35.3 (54.9) -> 28.2 (54.9) MB, 1.0 ms [Runtime::PerformGC].
[5884]    11861 ms: Scavenge 36.3 (55.9) -> 28.7 (55.9) MB, 1.0 ms [Runtime::PerformGC].
[5884]    11875 ms: Scavenge 36.5 (55.9) -> 29.3 (55.9) MB, 1.0 ms [Runtime::PerformGC].
[5884]    11892 ms: Scavenge 37.4 (56.9) -> 29.9 (56.9) MB, 1.0 ms [Runtime::PerformGC].
[5884]    11907 ms: Scavenge 37.5 (56.9) -> 30.4 (56.9) MB, 1.0 ms [Runtime::PerformGC].
[5884]    11924 ms: Scavenge 38.6 (57.9) -> 31.1 (57.9) MB, 1.0 ms [Runtime::PerformGC].
[5884]    11939 ms: Scavenge 38.8 (57.9) -> 31.5 (57.9) MB, 1.0 ms [Runtime::PerformGC].
[5884]    11953 ms: Scavenge 38.8 (57.9) -> 31.9 (57.9) MB, 1.0 ms [Runtime::PerformGC].
[5884]    11969 ms: Scavenge 40.0 (58.9) -> 32.7 (58.9) MB, 1.0 ms [Runtime::PerformGC].
[5884]    11984 ms: Scavenge 40.0 (58.9) -> 33.1 (58.9) MB, 1.0 ms [Runtime::PerformGC].
[5884]    12025 ms: Scavenge 41.2 (60.0) -> 33.8 (60.0) MB, 1.0 ms (+ 27.0 ms in 70 steps since last GC) [Runtime::PerformGC].
[5884]    12031 ms: Mark-sweep 34.9 (60.0) -> 24.1 (51.8) MB, 3.0 ms (+ 27.0 ms in 78 steps since start of marking, biggest step 0.0 ms) [StackGuard GC request] [GC in old space requested].
[5884]    12046 ms: Scavenge 31.8 (51.8) -> 24.7 (51.8) MB, 0.0 ms [Runtime::PerformGC].
[5884]    12063 ms: Scavenge 32.8 (52.8) -> 25.5 (52.8) MB, 1.0 ms [Runtime::PerformGC].
[5884]    12078 ms: Scavenge 32.8 (52.8) -> 25.9 (52.8) MB, 1.0 ms [Runtime::PerformGC].
[5884]    12095 ms: Scavenge 34.0 (53.9) -> 26.6 (53.9) MB, 1.0 ms [Runtime::PerformGC].
[5884]    12110 ms: Scavenge 34.0 (53.9) -> 27.1 (53.9) MB, 1.0 ms [Runtime::PerformGC].
[5884]    12127 ms: Scavenge 35.1 (54.9) -> 27.8 (54.9) MB, 1.0 ms [Runtime::PerformGC].
[5884]    12141 ms: Scavenge 35.1 (54.9) -> 28.2 (54.9) MB, 0.0 ms [Runtime::PerformGC].
[5884]    12159 ms: Scavenge 36.3 (55.9) -> 28.9 (55.9) MB, 1.0 ms [Runtime::PerformGC].
[5884]    12173 ms: Scavenge 36.3 (55.9) -> 29.4 (55.9) MB, 1.0 ms [Runtime::PerformGC].
[5884]    12191 ms: Scavenge 37.5 (56.9) -> 30.1 (56.9) MB, 1.0 ms [Runtime::PerformGC].
[5884]    12205 ms: Scavenge 37.5 (56.9) -> 30.6 (56.9) MB, 1.0 ms [Runtime::PerformGC].
[5884]    12223 ms: Scavenge 38.7 (57.9) -> 31.2 (57.9) MB, 1.0 ms [Runtime::PerformGC].
[5884]    12237 ms: Scavenge 38.7 (57.9) -> 31.8 (57.9) MB, 1.0 ms [Runtime::PerformGC].
[5884]    12265 ms: Scavenge 39.8 (58.9) -> 32.3 (58.9) MB, 1.0 ms (+ 9.0 ms in 41 steps since last GC) [Runtime::PerformGC].
[5884]    12297 ms: Mark-sweep 39.4 (58.9) -> 24.1 (52.8) MB, 3.0 ms (+ 28.0 ms in 103 steps since start of marking, biggest step 1.0 ms) [StackGuard GC request] [GC in old space requested].
[5884]    12315 ms: Scavenge 32.8 (53.8) -> 25.3 (53.8) MB, 1.0 ms [Runtime::PerformGC].
[5884]    12330 ms: Scavenge 32.6 (53.8) -> 25.7 (53.8) MB, 1.0 ms [Runtime::PerformGC].
[5884]    12346 ms: Scavenge 34.0 (54.9) -> 26.5 (54.9) MB, 0.0 ms [Runtime::PerformGC].
[marking 25F08091 <JS Function (SharedFunctionInfo 14717811)> for recompilation, reason: small function, ICs with typeinfo: 5/5 (100%)]
[5884]    12361 ms: Scavenge 34.0 (54.9) -> 26.9 (54.9) MB, 1.0 ms [Runtime::PerformGC].
[5884]    12378 ms: Scavenge 35.2 (55.9) -> 27.5 (55.9) MB, 0.0 ms [Runtime::PerformGC].
[5884]    12393 ms: Scavenge 35.2 (55.9) -> 28.1 (55.9) MB, 1.0 ms [Runtime::PerformGC].
[5884]    12410 ms: Scavenge 36.2 (56.9) -> 28.6 (56.9) MB, 1.0 ms [Runtime::PerformGC].
[5884]    12424 ms: Scavenge 36.4 (56.9) -> 29.2 (56.9) MB, 0.0 ms [Runtime::PerformGC].
[5884]    12442 ms: Scavenge 37.3 (57.9) -> 29.8 (57.9) MB, 1.0 ms [Runtime::PerformGC].
[5884]    12457 ms: Scavenge 37.5 (57.9) -> 30.4 (57.9) MB, 1.0 ms [Runtime::PerformGC].
[5884]    12475 ms: Scavenge 38.5 (58.9) -> 31.0 (58.9) MB, 1.0 ms [Runtime::PerformGC].
[5884]    12489 ms: Scavenge 38.7 (58.9) -> 31.6 (58.9) MB, 1.0 ms [Runtime::PerformGC].
[5884]    12507 ms: Scavenge 39.7 (59.9) -> 32.1 (59.9) MB, 1.0 ms [Runtime::PerformGC].
[5884]    12521 ms: Scavenge 39.9 (59.9) -> 32.8 (59.9) MB, 0.0 ms [Runtime::PerformGC].
[5884]    12544 ms: Scavenge 40.9 (61.0) -> 33.3 (61.0) MB, 1.0 ms (+ 4.0 ms in 19 steps since last GC) [Runtime::PerformGC].
[5884]    12576 ms: Scavenge 41.1 (61.0) -> 33.9 (61.0) MB, 1.0 ms (+ 11.0 ms in 66 steps since last GC) [Runtime::PerformGC].
[5884]    12585 ms: Mark-sweep 35.6 (61.0) -> 24.2 (52.8) MB, 2.0 ms (+ 17.0 ms in 101 steps since start of marking, biggest step 1.0 ms) [StackGuard GC request] [GC in old space requested].
[5884]    12603 ms: Scavenge 32.9 (53.8) -> 25.4 (53.8) MB, 1.0 ms [Runtime::PerformGC].
[5884]    12617 ms: Scavenge 32.7 (53.8) -> 25.8 (53.8) MB, 0.0 ms [Runtime::PerformGC].
[5884]    12634 ms: Scavenge 34.1 (54.9) -> 26.6 (54.9) MB, 1.0 ms [Runtime::PerformGC].
[5884]    12648 ms: Scavenge 34.1 (54.9) -> 27.0 (54.9) MB, 1.0 ms [Runtime::PerformGC].
[5884]    12666 ms: Scavenge 35.3 (55.9) -> 27.6 (55.9) MB, 1.0 ms [Runtime::PerformGC].
[5884]    12680 ms: Scavenge 35.3 (55.9) -> 28.2 (55.9) MB, 0.0 ms [Runtime::PerformGC].
[5884]    12697 ms: Scavenge 36.3 (56.9) -> 28.7 (56.9) MB, 1.0 ms [Runtime::PerformGC].
[5884]    12712 ms: Scavenge 36.5 (56.9) -> 29.3 (56.9) MB, 1.0 ms [Runtime::PerformGC].
[5884]    12730 ms: Scavenge 37.4 (57.9) -> 29.9 (57.9) MB, 1.0 ms [Runtime::PerformGC].
[5884]    12744 ms: Scavenge 37.6 (57.9) -> 30.5 (57.9) MB, 0.0 ms [Runtime::PerformGC].
[5884]    12762 ms: Scavenge 38.6 (58.9) -> 31.1 (58.9) MB, 1.0 ms [Runtime::PerformGC].
[5884]    12776 ms: Scavenge 38.8 (58.9) -> 31.7 (58.9) MB, 1.0 ms [Runtime::PerformGC].
[5884]    12792 ms: Scavenge 39.8 (59.9) -> 32.2 (59.9) MB, 0.0 ms [Runtime::PerformGC].
[5884]    12807 ms: Scavenge 39.8 (59.9) -> 32.7 (59.9) MB, 0.0 ms [Runtime::PerformGC].
[5884]    12826 ms: Scavenge 41.0 (61.0) -> 33.4 (61.0) MB, 1.0 ms (+ 1.0 ms in 7 steps since last GC) [Runtime::PerformGC].
[5884]    12859 ms: Scavenge 41.2 (61.0) -> 33.9 (61.0) MB, 0.0 ms (+ 17.0 ms in 72 steps since last GC) [Runtime::PerformGC].
[5884]    12874 ms: Mark-sweep 38.0 (61.0) -> 24.4 (53.8) MB, 3.0 ms (+ 21.0 ms in 103 steps since start of marking, biggest step 2.0 ms) [StackGuard GC request] [GC in old space requested].
[5884]    12893 ms: Scavenge 33.2 (54.8) -> 25.7 (54.8) MB, 0.0 ms [Runtime::PerformGC].
[5884]    12907 ms: Scavenge 33.2 (54.8) -> 26.3 (54.8) MB, 0.0 ms [Runtime::PerformGC].
[5884]    12925 ms: Scavenge 34.3 (55.9) -> 26.9 (55.9) MB, 1.0 ms [Runtime::PerformGC].
[5884]    12939 ms: Scavenge 34.3 (55.9) -> 27.4 (55.9) MB, 0.0 ms [Runtime::PerformGC].
[5884]    12957 ms: Scavenge 35.5 (56.9) -> 28.0 (56.9) MB, 0.0 ms [Runtime::PerformGC].
[5884]    12972 ms: Scavenge 35.5 (56.9) -> 28.6 (56.9) MB, 1.0 ms [Runtime::PerformGC].
[5884]    12990 ms: Scavenge 36.7 (57.9) -> 29.2 (57.9) MB, 1.0 ms [Runtime::PerformGC].
[5884]    13004 ms: Scavenge 36.4 (57.9) -> 29.6 (57.9) MB, 1.0 ms [Runtime::PerformGC].
[5884]    13021 ms: Scavenge 37.9 (58.9) -> 30.3 (58.9) MB, 1.0 ms [Runtime::PerformGC].
[5884]    13035 ms: Scavenge 37.9 (58.9) -> 30.7 (58.9) MB, 1.0 ms [Runtime::PerformGC].
[5884]    13053 ms: Scavenge 39.0 (59.9) -> 31.3 (59.9) MB, 1.0 ms [Runtime::PerformGC].
[5884]    13067 ms: Scavenge 39.0 (59.9) -> 31.9 (59.9) MB, 1.0 ms [Runtime::PerformGC].
[5884]    13084 ms: Scavenge 40.0 (60.9) -> 32.4 (60.9) MB, 1.0 ms [Runtime::PerformGC].
[5884]    13098 ms: Scavenge 40.2 (60.9) -> 33.1 (60.9) MB, 1.0 ms [Runtime::PerformGC].
[5884]    13117 ms: Scavenge 41.2 (62.0) -> 33.6 (62.0) MB, 1.0 ms (+ 0.0 ms in 9 steps since last GC) [Runtime::PerformGC].
[5884]    13150 ms: Scavenge 41.2 (62.0) -> 34.1 (62.0) MB, 0.0 ms (+ 19.0 ms in 70 steps since last GC) [Runtime::PerformGC].
[5884]    13162 ms: Mark-sweep 36.4 (62.0) -> 24.2 (53.8) MB, 2.0 ms (+ 24.0 ms in 99 steps since start of marking, biggest step 1.0 ms) [StackGuard GC request] [GC in old space requested].
[5884]    13180 ms: Scavenge 32.9 (54.8) -> 25.4 (54.8) MB, 0.0 ms [Runtime::PerformGC].
[5884]    13195 ms: Scavenge 32.9 (54.8) -> 25.8 (54.8) MB, 0.0 ms [Runtime::PerformGC].
[5884]    13212 ms: Scavenge 34.1 (55.9) -> 26.6 (55.9) MB, 1.0 ms [Runtime::PerformGC].
[5884]    13226 ms: Scavenge 34.1 (55.9) -> 27.0 (55.9) MB, 0.0 ms [Runtime::PerformGC].
[5884]    13245 ms: Scavenge 35.3 (56.9) -> 27.6 (56.9) MB, 1.0 ms [Runtime::PerformGC].
[5884]    13259 ms: Scavenge 35.3 (56.9) -> 28.2 (56.9) MB, 1.0 ms [Runtime::PerformGC].
[5884]    13276 ms: Scavenge 36.3 (57.9) -> 28.7 (57.9) MB, 1.0 ms [Runtime::PerformGC].
[5884]    13290 ms: Scavenge 36.5 (57.9) -> 29.3 (57.9) MB, 0.0 ms [Runtime::PerformGC].
[5884]    13308 ms: Scavenge 37.4 (58.9) -> 29.9 (58.9) MB, 1.0 ms [Runtime::PerformGC].
[5884]    13323 ms: Scavenge 37.6 (58.9) -> 30.5 (58.9) MB, 1.0 ms [Runtime::PerformGC].
[5884]    13340 ms: Scavenge 38.6 (59.9) -> 31.1 (59.9) MB, 1.0 ms [Runtime::PerformGC].
[5884]    13354 ms: Scavenge 38.8 (59.9) -> 31.7 (59.9) MB, 1.0 ms [Runtime::PerformGC].
[5884]    13370 ms: Scavenge 39.8 (60.9) -> 32.2 (60.9) MB, 1.0 ms [Runtime::PerformGC].
[5884]    13385 ms: Scavenge 39.8 (60.9) -> 32.7 (60.9) MB, 1.0 ms [Runtime::PerformGC].
[5884]    13404 ms: Scavenge 41.0 (62.0) -> 33.4 (62.0) MB, 1.0 ms (+ 2.0 ms in 7 steps since last GC) [Runtime::PerformGC].
[5884]    13437 ms: Scavenge 41.2 (62.0) -> 33.9 (62.0) MB, 1.0 ms (+ 16.0 ms in 72 steps since last GC) [Runtime::PerformGC].
[5884]    13452 ms: Mark-sweep 38.0 (62.0) -> 24.4 (54.8) MB, 3.0 ms (+ 23.0 ms in 103 steps since start of marking, biggest step 1.0 ms) [StackGuard GC request] [GC in old space requested].
[5884]    13471 ms: Scavenge 33.1 (55.8) -> 25.7 (55.8) MB, 1.0 ms [Runtime::PerformGC].
[5884]    13486 ms: Scavenge 33.2 (55.8) -> 26.3 (55.8) MB, 1.0 ms [Runtime::PerformGC].
[5884]    13504 ms: Scavenge 34.3 (56.9) -> 26.9 (56.9) MB, 1.0 ms [Runtime::PerformGC].
[5884]    13518 ms: Scavenge 34.3 (56.9) -> 27.4 (56.9) MB, 0.0 ms [Runtime::PerformGC].
[5884]    13537 ms: Scavenge 35.5 (57.9) -> 28.0 (57.9) MB, 1.0 ms [Runtime::PerformGC].
[5884]    13551 ms: Scavenge 35.2 (57.9) -> 28.4 (57.9) MB, 0.0 ms [Runtime::PerformGC].
[5884]    13567 ms: Scavenge 36.7 (58.9) -> 29.1 (58.9) MB, 0.0 ms [Runtime::PerformGC].
[5884]    13582 ms: Scavenge 36.7 (58.9) -> 29.6 (58.9) MB, 1.0 ms [Runtime::PerformGC].
[5884]    13600 ms: Scavenge 37.8 (59.9) -> 30.1 (59.9) MB, 1.0 ms [Runtime::PerformGC].
[5884]    13615 ms: Scavenge 37.9 (59.9) -> 30.7 (59.9) MB, 1.0 ms [Runtime::PerformGC].
[5884]    13631 ms: Scavenge 38.9 (60.9) -> 31.3 (60.9) MB, 0.0 ms [Runtime::PerformGC].
[5884]    13646 ms: Scavenge 39.0 (60.9) -> 31.9 (60.9) MB, 1.0 ms [Runtime::PerformGC].
[5884]    13662 ms: Scavenge 40.0 (61.9) -> 32.4 (61.9) MB, 0.0 ms [Runtime::PerformGC].
[5884]    13677 ms: Scavenge 40.1 (61.9) -> 32.9 (61.9) MB, 0.0 ms [Runtime::PerformGC].
[5884]    13696 ms: Scavenge 41.2 (63.0) -> 33.6 (63.0) MB, 1.0 ms (+ 4.0 ms in 7 steps since last GC) [Runtime::PerformGC].
[5884]    13729 ms: Scavenge 41.4 (63.0) -> 34.1 (63.0) MB, 0.0 ms (+ 19.0 ms in 72 steps since last GC) [Runtime::PerformGC].
[5884]    13744 ms: Mark-sweep 38.2 (63.0) -> 24.4 (54.8) MB, 3.0 ms (+ 26.0 ms in 103 steps since start of marking, biggest step 1.0 ms) [StackGuard GC request] [GC in old space requested].
[5884]    13763 ms: Scavenge 33.1 (55.8) -> 25.7 (55.8) MB, 1.0 ms [Runtime::PerformGC].
[5884]    13777 ms: Scavenge 33.2 (55.8) -> 26.3 (55.8) MB, 1.0 ms [Runtime::PerformGC].
[5884]    13795 ms: Scavenge 34.3 (56.9) -> 26.9 (56.9) MB, 1.0 ms [Runtime::PerformGC].
[5884]    13809 ms: Scavenge 34.0 (56.9) -> 27.2 (56.9) MB, 1.0 ms [Runtime::PerformGC].
[5884]    13826 ms: Scavenge 35.5 (57.9) -> 27.9 (57.9) MB, 1.0 ms [Runtime::PerformGC].
[5884]    13840 ms: Scavenge 35.5 (57.9) -> 28.4 (57.9) MB, 1.0 ms [Runtime::PerformGC].
[5884]    13857 ms: Scavenge 36.6 (58.9) -> 28.9 (58.9) MB, 0.0 ms [Runtime::PerformGC].
[5884]    13871 ms: Scavenge 36.7 (58.9) -> 29.6 (58.9) MB, 0.0 ms [Runtime::PerformGC].
[5884]    13888 ms: Scavenge 37.7 (59.9) -> 30.1 (59.9) MB, 1.0 ms [Runtime::PerformGC].
[5884]    13902 ms: Scavenge 37.9 (59.9) -> 30.7 (59.9) MB, 0.0 ms [Runtime::PerformGC].
[5884]    13919 ms: Scavenge 38.8 (60.9) -> 31.3 (60.9) MB, 1.0 ms [Runtime::PerformGC].
[5884]    13934 ms: Scavenge 38.9 (60.9) -> 31.8 (60.9) MB, 1.0 ms [Runtime::PerformGC].
[5884]    13951 ms: Scavenge 40.0 (61.9) -> 32.4 (61.9) MB, 1.0 ms [Runtime::PerformGC].
[5884]    13966 ms: Scavenge 40.2 (61.9) -> 32.9 (61.9) MB, 1.0 ms [Runtime::PerformGC].
[5884]    13980 ms: Scavenge 40.2 (61.9) -> 33.3 (61.9) MB, 1.0 ms [Runtime::PerformGC].
[5884]    14019 ms: Scavenge 41.4 (63.0) -> 34.1 (63.0) MB, 1.0 ms (+ 17.0 ms in 69 steps since last GC) [Runtime::PerformGC].
[5884]    14032 ms: Mark-sweep 36.1 (63.0) -> 24.2 (50.8) MB, 6.0 ms (+ 21.0 ms in 84 steps since start of marking, biggest step 1.0 ms) [StackGuard GC request] [GC in old space requested].
[5884]    14051 ms: Scavenge 32.9 (51.8) -> 25.2 (51.8) MB, 1.0 ms [Runtime::PerformGC].
[5884]    14065 ms: Scavenge 32.9 (51.8) -> 25.8 (51.8) MB, 1.0 ms [Runtime::PerformGC].
[5884]    14081 ms: Scavenge 33.9 (52.9) -> 26.4 (52.9) MB, 0.0 ms [Runtime::PerformGC].
[5884]    14096 ms: Scavenge 34.1 (52.9) -> 27.0 (52.9) MB, 0.0 ms [Runtime::PerformGC].
[5884]    14114 ms: Scavenge 35.1 (53.9) -> 27.5 (53.9) MB, 1.0 ms [Runtime::PerformGC].
[5884]    14129 ms: Scavenge 35.2 (53.9) -> 28.0 (53.9) MB, 1.0 ms [Runtime::PerformGC].
[5884]    14146 ms: Scavenge 36.3 (54.9) -> 28.7 (54.9) MB, 1.0 ms [Runtime::PerformGC].
[5884]    14160 ms: Scavenge 36.5 (54.9) -> 29.2 (54.9) MB, 0.0 ms [Runtime::PerformGC].
[5884]    14174 ms: Scavenge 36.5 (54.9) -> 29.6 (54.9) MB, 0.0 ms [Runtime::PerformGC].
[5884]    14191 ms: Scavenge 37.6 (55.9) -> 30.4 (55.9) MB, 1.0 ms [Runtime::PerformGC].
[5884]    14205 ms: Scavenge 37.6 (55.9) -> 30.7 (55.9) MB, 0.0 ms [Runtime::PerformGC].
[5884]    14223 ms: Scavenge 38.8 (56.9) -> 31.4 (56.9) MB, 1.0 ms [Runtime::PerformGC].
[5884]    14237 ms: Scavenge 38.8 (56.9) -> 31.9 (56.9) MB, 1.0 ms [Runtime::PerformGC].
[5884]    14254 ms: Scavenge 40.0 (57.9) -> 32.5 (57.9) MB, 1.0 ms [Runtime::PerformGC].
[5884]    14268 ms: Scavenge 40.0 (57.9) -> 33.1 (57.9) MB, 1.0 ms [Runtime::PerformGC].
[5884]    14312 ms: Scavenge 41.2 (59.0) -> 33.7 (59.0) MB, 1.0 ms (+ 26.0 ms in 74 steps since last GC) [Runtime::PerformGC].
[5884]    14318 ms: Mark-sweep 34.8 (59.0) -> 24.0 (50.8) MB, 3.0 ms (+ 27.0 ms in 82 steps since start of marking, biggest step 1.0 ms) [StackGuard GC request] [GC in old space requested].
[5884]    14332 ms: Scavenge 31.7 (50.8) -> 24.6 (50.8) MB, 1.0 ms [Runtime::PerformGC].
[5884]    14350 ms: Scavenge 32.7 (51.8) -> 25.3 (51.8) MB, 1.0 ms [Runtime::PerformGC].
[5884]    14363 ms: Scavenge 32.7 (51.8) -> 25.8 (51.8) MB, 1.0 ms [Runtime::PerformGC].
[5884]    14381 ms: Scavenge 33.9 (52.9) -> 26.4 (52.9) MB, 1.0 ms [Runtime::PerformGC].
[5884]    14395 ms: Scavenge 33.6 (52.9) -> 26.7 (52.9) MB, 1.0 ms [Runtime::PerformGC].
[5884]    14411 ms: Scavenge 35.0 (53.9) -> 27.4 (53.9) MB, 1.0 ms [Runtime::PerformGC].
[5884]    14425 ms: Scavenge 35.0 (53.9) -> 27.9 (53.9) MB, 0.0 ms [Runtime::PerformGC].
[5884]    14444 ms: Scavenge 36.2 (54.9) -> 28.5 (54.9) MB, 1.0 ms [Runtime::PerformGC].
[5884]    14458 ms: Scavenge 36.2 (54.9) -> 29.1 (54.9) MB, 0.0 ms [Runtime::PerformGC].
[5884]    14475 ms: Scavenge 37.2 (55.9) -> 29.6 (55.9) MB, 1.0 ms [Runtime::PerformGC].
[5884]    14489 ms: Scavenge 37.4 (55.9) -> 30.3 (55.9) MB, 1.0 ms [Runtime::PerformGC].
[5884]    14505 ms: Scavenge 38.4 (56.9) -> 30.8 (56.9) MB, 1.0 ms [Runtime::PerformGC].
[5884]    14520 ms: Scavenge 38.4 (56.9) -> 31.3 (56.9) MB, 1.0 ms [Runtime::PerformGC].
[5884]    14536 ms: Scavenge 39.5 (57.9) -> 32.0 (57.9) MB, 0.0 ms [Runtime::PerformGC].
[5884]    14570 ms: Scavenge 39.7 (57.9) -> 32.5 (57.9) MB, 1.0 ms (+ 18.0 ms in 72 steps since last GC) [Runtime::PerformGC].
[5884]    14586 ms: Mark-sweep 36.6 (57.9) -> 24.4 (50.8) MB, 3.0 ms (+ 25.0 ms in 96 steps since start of marking, biggest step 2.0 ms) [StackGuard GC request] [GC in old space requested].
[5884]    14605 ms: Scavenge 33.1 (51.8) -> 25.7 (51.8) MB, 0.0 ms [Runtime::PerformGC].
[5884]    14619 ms: Scavenge 33.2 (51.8) -> 26.3 (51.8) MB, 1.0 ms [Runtime::PerformGC].
[5884]    14637 ms: Scavenge 34.3 (52.9) -> 26.9 (52.9) MB, 0.0 ms [Runtime::PerformGC].
[5884]    14651 ms: Scavenge 34.0 (52.9) -> 27.2 (52.9) MB, 0.0 ms [Runtime::PerformGC].
[5884]    14676 ms: Scavenge 35.5 (53.9) -> 27.9 (53.9) MB, 0.0 ms [Runtime::PerformGC].
[5884]    14691 ms: Scavenge 35.5 (53.9) -> 28.4 (53.9) MB, 1.0 ms [Runtime::PerformGC].
[5884]    14707 ms: Scavenge 36.6 (54.9) -> 28.9 (54.9) MB, 0.0 ms [Runtime::PerformGC].
[5884]    14722 ms: Scavenge 36.7 (54.9) -> 29.6 (54.9) MB, 1.0 ms [Runtime::PerformGC].
[5884]    14739 ms: Scavenge 37.7 (55.9) -> 30.1 (55.9) MB, 0.0 ms [Runtime::PerformGC].
[marking 257CC835 <JS Function (SharedFunctionInfo 14717811)> for recompilation, reason: small function, ICs with typeinfo: 5/5 (100%)]
[optimizing 257CC835 <JS Function (SharedFunctionInfo 14717811)> - took 1.000, 0.000, 0.000 ms]
[5884]    14754 ms: Scavenge 37.9 (55.9) -> 30.7 (55.9) MB, 1.0 ms [Runtime::PerformGC].
[5884]    14771 ms: Scavenge 38.8 (56.9) -> 31.3 (56.9) MB, 1.0 ms [Runtime::PerformGC].
[5884]    14786 ms: Scavenge 38.9 (56.9) -> 31.8 (56.9) MB, 1.0 ms [Runtime::PerformGC].
[5884]    14803 ms: Scavenge 40.0 (57.9) -> 32.5 (57.9) MB, 1.0 ms [Runtime::PerformGC].
[5884]    14818 ms: Scavenge 40.2 (57.9) -> 32.9 (57.9) MB, 1.0 ms [Runtime::PerformGC].
[5884]    14832 ms: Scavenge 40.2 (57.9) -> 33.3 (57.9) MB, 1.0 ms [Runtime::PerformGC].
[5884]    14872 ms: Scavenge 41.4 (59.0) -> 34.1 (59.0) MB, 1.0 ms (+ 21.0 ms in 68 steps since last GC) [Runtime::PerformGC].
[5884]    14881 ms: Mark-sweep 36.1 (59.0) -> 24.2 (50.8) MB, 3.0 ms (+ 24.0 ms in 82 steps since start of marking, biggest step 1.0 ms) [StackGuard GC request] [GC in old space requested].
[5884]    14899 ms: Scavenge 32.9 (51.8) -> 25.2 (51.8) MB, 0.0 ms [Runtime::PerformGC].
[5884]    14913 ms: Scavenge 32.9 (51.8) -> 25.8 (51.8) MB, 1.0 ms [Runtime::PerformGC].
[5884]    14930 ms: Scavenge 33.9 (52.9) -> 26.4 (52.9) MB, 1.0 ms [Runtime::PerformGC].
[5884]    14945 ms: Scavenge 34.1 (52.9) -> 27.0 (52.9) MB, 1.0 ms [Runtime::PerformGC].
[5884]    14962 ms: Scavenge 35.1 (53.9) -> 27.5 (53.9) MB, 1.0 ms [Runtime::PerformGC].
[5884]    14977 ms: Scavenge 35.3 (53.9) -> 28.2 (53.9) MB, 1.0 ms [Runtime::PerformGC].
[5884]    14994 ms: Scavenge 36.3 (54.9) -> 28.7 (54.9) MB, 0.0 ms [Runtime::PerformGC].
[5884]    15009 ms: Scavenge 36.5 (54.9) -> 29.3 (54.9) MB, 1.0 ms [Runtime::PerformGC].
[5884]    15026 ms: Scavenge 37.4 (55.9) -> 29.9 (55.9) MB, 0.0 ms [Runtime::PerformGC].
[5884]    15041 ms: Scavenge 37.6 (55.9) -> 30.5 (55.9) MB, 1.0 ms [Runtime::PerformGC].
[5884]    15058 ms: Scavenge 38.6 (56.9) -> 31.1 (56.9) MB, 0.0 ms [Runtime::PerformGC].
[5884]    15073 ms: Scavenge 38.7 (56.9) -> 31.5 (56.9) MB, 0.0 ms [Runtime::PerformGC].
[5884]    15090 ms: Scavenge 39.8 (57.9) -> 32.2 (57.9) MB, 1.0 ms [Runtime::PerformGC].
[5884]    15105 ms: Scavenge 40.0 (57.9) -> 32.7 (57.9) MB, 1.0 ms [Runtime::PerformGC].
[5884]    15119 ms: Scavenge 40.0 (57.9) -> 33.1 (57.9) MB, 1.0 ms [Runtime::PerformGC].
[5884]    15158 ms: Scavenge 41.2 (59.0) -> 33.9 (59.0) MB, 1.0 ms (+ 23.0 ms in 69 steps since last GC) [Runtime::PerformGC].
[5884]    15168 ms: Mark-sweep 35.8 (59.0) -> 24.3 (50.8) MB, 3.0 ms (+ 26.0 ms in 84 steps since start of marking, biggest step 1.0 ms) [StackGuard GC request] [GC in old space requested].
[5884]    15186 ms: Scavenge 33.0 (51.8) -> 25.3 (51.8) MB, 1.0 ms [Runtime::PerformGC].
[5884]    15200 ms: Scavenge 33.0 (51.8) -> 25.9 (51.8) MB, 1.0 ms [Runtime::PerformGC].
[5884]    15217 ms: Scavenge 34.0 (52.9) -> 26.5 (52.9) MB, 1.0 ms [Runtime::PerformGC].
[5884]    15231 ms: Scavenge 34.2 (52.9) -> 27.1 (52.9) MB, 0.0 ms [Runtime::PerformGC].
[5884]    15249 ms: Scavenge 35.2 (53.9) -> 27.6 (53.9) MB, 1.0 ms [Runtime::PerformGC].
[5884]    15264 ms: Scavenge 35.4 (53.9) -> 28.3 (53.9) MB, 1.0 ms [Runtime::PerformGC].
[5884]    15282 ms: Scavenge 36.4 (54.9) -> 28.8 (54.9) MB, 1.0 ms [Runtime::PerformGC].
[5884]    15297 ms: Scavenge 36.4 (54.9) -> 29.3 (54.9) MB, 1.0 ms [Runtime::PerformGC].
[5884]    15313 ms: Scavenge 37.5 (55.9) -> 30.0 (55.9) MB, 0.0 ms [Runtime::PerformGC].
[5884]    15328 ms: Scavenge 37.7 (55.9) -> 30.5 (55.9) MB, 1.0 ms [Runtime::PerformGC].
[5884]    15342 ms: Scavenge 37.7 (55.9) -> 30.8 (55.9) MB, 1.0 ms [Runtime::PerformGC].
[5884]    15358 ms: Scavenge 38.9 (56.9) -> 31.6 (56.9) MB, 1.0 ms [Runtime::PerformGC].
[5884]    15373 ms: Scavenge 38.9 (56.9) -> 32.0 (56.9) MB, 0.0 ms [Runtime::PerformGC].
[5884]    15390 ms: Scavenge 40.1 (57.9) -> 32.7 (57.9) MB, 0.0 ms [Runtime::PerformGC].
[5884]    15405 ms: Scavenge 40.1 (57.9) -> 33.2 (57.9) MB, 1.0 ms [Runtime::PerformGC].
[5884]    15448 ms: Scavenge 41.2 (59.0) -> 33.8 (59.0) MB, 1.0 ms (+ 25.0 ms in 73 steps since last GC) [Runtime::PerformGC].
[5884]    15454 ms: Mark-sweep 34.8 (59.0) -> 24.1 (50.8) MB, 3.0 ms (+ 27.0 ms in 82 steps since start of marking, biggest step 1.0 ms) [StackGuard GC request] [GC in old space requested].
[5884]    15468 ms: Scavenge 31.8 (50.8) -> 24.7 (50.8) MB, 0.0 ms [Runtime::PerformGC].
[5884]    15485 ms: Scavenge 32.8 (51.8) -> 25.4 (51.8) MB, 1.0 ms [Runtime::PerformGC].
[5884]    15499 ms: Scavenge 32.8 (51.8) -> 25.9 (51.8) MB, 0.0 ms [Runtime::PerformGC].
[5884]    15517 ms: Scavenge 34.0 (52.9) -> 26.5 (52.9) MB, 1.0 ms [Runtime::PerformGC].
[5884]    15531 ms: Scavenge 34.0 (52.9) -> 27.1 (52.9) MB, 1.0 ms [Runtime::PerformGC].
[5884]    15549 ms: Scavenge 35.1 (53.9) -> 27.7 (53.9) MB, 1.0 ms [Runtime::PerformGC].
[5884]    15562 ms: Scavenge 35.1 (53.9) -> 28.2 (53.9) MB, 0.0 ms [Runtime::PerformGC].
[5884]    15581 ms: Scavenge 36.3 (54.9) -> 28.8 (54.9) MB, 1.0 ms [Runtime::PerformGC].
[5884]    15595 ms: Scavenge 36.3 (54.9) -> 29.4 (54.9) MB, 1.0 ms [Runtime::PerformGC].
[5884]    15613 ms: Scavenge 37.5 (55.9) -> 30.0 (55.9) MB, 1.0 ms [Runtime::PerformGC].
[5884]    15628 ms: Scavenge 37.3 (55.9) -> 30.4 (55.9) MB, 1.0 ms [Runtime::PerformGC].
[5884]    15644 ms: Scavenge 38.7 (56.9) -> 31.0 (56.9) MB, 0.0 ms [Runtime::PerformGC].
[5884]    15659 ms: Scavenge 38.7 (56.9) -> 31.5 (56.9) MB, 1.0 ms [Runtime::PerformGC].
[5884]    15676 ms: Scavenge 39.7 (57.9) -> 32.1 (57.9) MB, 0.0 ms [Runtime::PerformGC].
[5884]    15709 ms: Scavenge 39.8 (57.9) -> 32.7 (57.9) MB, 1.0 ms (+ 14.0 ms in 71 steps since last GC) [Runtime::PerformGC].
[5884]    15726 ms: Mark-sweep 36.5 (57.9) -> 24.5 (51.8) MB, 3.0 ms (+ 23.0 ms in 98 steps since start of marking, biggest step 2.0 ms) [StackGuard GC request] [GC in old space requested].
[5884]    15744 ms: Scavenge 33.3 (52.8) -> 25.9 (52.8) MB, 1.0 ms [Runtime::PerformGC].
[5884]    15758 ms: Scavenge 33.3 (52.8) -> 26.3 (52.8) MB, 1.0 ms [Runtime::PerformGC].
[5884]    15775 ms: Scavenge 34.4 (53.9) -> 27.0 (53.9) MB, 1.0 ms [Runtime::PerformGC].
[5884]    15789 ms: Scavenge 34.4 (53.9) -> 27.5 (53.9) MB, 1.0 ms [Runtime::PerformGC].
[5884]    15807 ms: Scavenge 35.6 (54.9) -> 28.2 (54.9) MB, 1.0 ms [Runtime::PerformGC].
[5884]    15821 ms: Scavenge 35.6 (54.9) -> 28.7 (54.9) MB, 1.0 ms [Runtime::PerformGC].
[5884]    15838 ms: Scavenge 36.8 (55.9) -> 29.3 (55.9) MB, 1.0 ms [Runtime::PerformGC].
[5884]    15852 ms: Scavenge 36.8 (55.9) -> 29.9 (55.9) MB, 1.0 ms [Runtime::PerformGC].
[5884]    15869 ms: Scavenge 37.9 (56.9) -> 30.4 (56.9) MB, 1.0 ms [Runtime::PerformGC].
[5884]    15883 ms: Scavenge 37.7 (56.9) -> 30.8 (56.9) MB, 0.0 ms [Runtime::PerformGC].
[5884]    15900 ms: Scavenge 39.1 (57.9) -> 31.5 (57.9) MB, 0.0 ms [Runtime::PerformGC].
[5884]    15915 ms: Scavenge 39.1 (57.9) -> 32.0 (57.9) MB, 1.0 ms [Runtime::PerformGC].
[5884]    15933 ms: Scavenge 40.2 (58.9) -> 32.5 (58.9) MB, 0.0 ms [Runtime::PerformGC].
[5884]    15948 ms: Scavenge 40.3 (58.9) -> 33.2 (58.9) MB, 1.0 ms [Runtime::PerformGC].
[5884]    15970 ms: Scavenge 41.3 (60.0) -> 33.7 (60.0) MB, 1.0 ms (+ 2.0 ms in 19 steps since last GC) [Runtime::PerformGC].
[5884]    16002 ms: Scavenge 41.5 (60.0) -> 34.3 (60.0) MB, 1.0 ms (+ 15.0 ms in 66 steps since last GC) [Runtime::PerformGC].
[5884]    16013 ms: Mark-sweep 37.4 (60.0) -> 24.5 (51.8) MB, 3.0 ms (+ 21.0 ms in 103 steps since start of marking, biggest step 1.0 ms) [StackGuard GC request] [GC in old space requested].
[5884]    16032 ms: Scavenge 33.3 (52.8) -> 25.8 (52.8) MB, 1.0 ms [Runtime::PerformGC].
[5884]    16046 ms: Scavenge 33.3 (52.8) -> 26.3 (52.8) MB, 1.0 ms [Runtime::PerformGC].
[5884]    16064 ms: Scavenge 34.4 (53.9) -> 27.0 (53.9) MB, 1.0 ms [Runtime::PerformGC].
[5884]    16078 ms: Scavenge 34.4 (53.9) -> 27.5 (53.9) MB, 1.0 ms [Runtime::PerformGC].
[5884]    16096 ms: Scavenge 35.6 (54.9) -> 28.1 (54.9) MB, 1.0 ms [Runtime::PerformGC].
[5884]    16111 ms: Scavenge 35.3 (54.9) -> 28.5 (54.9) MB, 1.0 ms [Runtime::PerformGC].
[5884]    16127 ms: Scavenge 36.8 (55.9) -> 29.2 (55.9) MB, 1.0 ms [Runtime::PerformGC].
[5884]    16142 ms: Scavenge 36.8 (55.9) -> 29.7 (55.9) MB, 1.0 ms [Runtime::PerformGC].
[5884]    16159 ms: Scavenge 37.9 (56.9) -> 30.2 (56.9) MB, 0.0 ms [Runtime::PerformGC].
[5884]    16174 ms: Scavenge 37.9 (56.9) -> 30.8 (56.9) MB, 1.0 ms [Runtime::PerformGC].
[5884]    16190 ms: Scavenge 39.0 (57.9) -> 31.4 (57.9) MB, 1.0 ms [Runtime::PerformGC].
[5884]    16204 ms: Scavenge 39.1 (57.9) -> 32.0 (57.9) MB, 1.0 ms [Runtime::PerformGC].
[5884]    16221 ms: Scavenge 40.1 (58.9) -> 32.5 (58.9) MB, 1.0 ms [Runtime::PerformGC].
[5884]    16236 ms: Scavenge 40.2 (58.9) -> 33.0 (58.9) MB, 1.0 ms [Runtime::PerformGC].
[5884]    16255 ms: Scavenge 41.3 (60.0) -> 33.7 (60.0) MB, 1.0 ms (+ 4.0 ms in 7 steps since last GC) [Runtime::PerformGC].
[5884]    16288 ms: Scavenge 41.5 (60.0) -> 34.2 (60.0) MB, 0.0 ms (+ 16.0 ms in 73 steps since last GC) [Runtime::PerformGC].
[5884]    16303 ms: Mark-sweep 38.3 (60.0) -> 24.5 (51.8) MB, 3.0 ms (+ 27.0 ms in 104 steps since start of marking, biggest step 1.0 ms) [StackGuard GC request] [GC in old space requested].
[5884]    16323 ms: Scavenge 33.3 (52.8) -> 25.8 (52.8) MB, 1.0 ms [Runtime::PerformGC].
[5884]    16337 ms: Scavenge 33.3 (52.8) -> 26.3 (52.8) MB, 1.0 ms [Runtime::PerformGC].
[5884]    16355 ms: Scavenge 34.4 (53.9) -> 27.0 (53.9) MB, 1.0 ms [Runtime::PerformGC].
[5884]    16369 ms: Scavenge 34.4 (53.9) -> 27.5 (53.9) MB, 1.0 ms [Runtime::PerformGC].
[5884]    16387 ms: Scavenge 35.6 (54.9) -> 28.1 (54.9) MB, 1.0 ms [Runtime::PerformGC].
[5884]    16402 ms: Scavenge 35.3 (54.9) -> 28.5 (54.9) MB, 1.0 ms [Runtime::PerformGC].
[5884]    16419 ms: Scavenge 36.8 (55.9) -> 29.2 (55.9) MB, 1.0 ms [Runtime::PerformGC].
[5884]    16435 ms: Scavenge 36.8 (55.9) -> 29.7 (55.9) MB, 1.0 ms [Runtime::PerformGC].
[5884]    16453 ms: Scavenge 37.9 (56.9) -> 30.2 (56.9) MB, 1.0 ms [Runtime::PerformGC].
[5884]    16467 ms: Scavenge 37.9 (56.9) -> 30.8 (56.9) MB, 0.0 ms [Runtime::PerformGC].
[5884]    16484 ms: Scavenge 39.0 (57.9) -> 31.4 (57.9) MB, 1.0 ms [Runtime::PerformGC].
[5884]    16497 ms: Scavenge 39.1 (57.9) -> 32.0 (57.9) MB, 0.0 ms [Runtime::PerformGC].
[5884]    16514 ms: Scavenge 40.1 (58.9) -> 32.5 (58.9) MB, 1.0 ms [Runtime::PerformGC].
[5884]    16529 ms: Scavenge 40.2 (58.9) -> 33.0 (58.9) MB, 1.0 ms [Runtime::PerformGC].
[5884]    16548 ms: Scavenge 41.3 (60.0) -> 33.7 (60.0) MB, 1.0 ms (+ 4.0 ms in 7 steps since last GC) [Runtime::PerformGC].
[5884]    16582 ms: Scavenge 41.5 (60.0) -> 34.2 (60.0) MB, 1.0 ms (+ 21.0 ms in 73 steps since last GC) [Runtime::PerformGC].
[5884]    16597 ms: Mark-sweep 38.3 (60.0) -> 24.5 (51.8) MB, 4.0 ms (+ 30.0 ms in 104 steps since start of marking, biggest step 1.0 ms) [StackGuard GC request] [GC in old space requested].
[5884]    16616 ms: Scavenge 33.3 (52.8) -> 25.8 (52.8) MB, 1.0 ms [Runtime::PerformGC].
[5884]    16630 ms: Scavenge 33.3 (52.8) -> 26.3 (52.8) MB, 1.0 ms [Runtime::PerformGC].
[5884]    16648 ms: Scavenge 34.4 (53.9) -> 27.0 (53.9) MB, 1.0 ms [Runtime::PerformGC].
[5884]    16662 ms: Scavenge 34.4 (53.9) -> 27.5 (53.9) MB, 0.0 ms [Runtime::PerformGC].
[5884]    16681 ms: Scavenge 35.6 (54.9) -> 28.1 (54.9) MB, 1.0 ms [Runtime::PerformGC].
[5884]    16695 ms: Scavenge 35.3 (54.9) -> 28.5 (54.9) MB, 1.0 ms [Runtime::PerformGC].
[5884]    16712 ms: Scavenge 36.8 (55.9) -> 29.2 (55.9) MB, 1.0 ms [Runtime::PerformGC].
[5884]    16726 ms: Scavenge 36.8 (55.9) -> 29.7 (55.9) MB, 1.0 ms [Runtime::PerformGC].
[5884]    16743 ms: Scavenge 37.9 (56.9) -> 30.2 (56.9) MB, 0.0 ms [Runtime::PerformGC].
[5884]    16758 ms: Scavenge 37.9 (56.9) -> 30.8 (56.9) MB, 1.0 ms [Runtime::PerformGC].
[5884]    16774 ms: Scavenge 39.0 (57.9) -> 31.4 (57.9) MB, 1.0 ms [Runtime::PerformGC].
[5884]    16788 ms: Scavenge 39.1 (57.9) -> 32.0 (57.9) MB, 1.0 ms [Runtime::PerformGC].
[5884]    16805 ms: Scavenge 40.1 (58.9) -> 32.5 (58.9) MB, 1.0 ms [Runtime::PerformGC].
[5884]    16820 ms: Scavenge 40.2 (58.9) -> 33.0 (58.9) MB, 1.0 ms [Runtime::PerformGC].
[5884]    16838 ms: Scavenge 41.3 (60.0) -> 33.7 (60.0) MB, 1.0 ms (+ 2.0 ms in 7 steps since last GC) [Runtime::PerformGC].
[5884]    16872 ms: Scavenge 41.5 (60.0) -> 34.2 (60.0) MB, 1.0 ms (+ 19.0 ms in 73 steps since last GC) [Runtime::PerformGC].
[5884]    16887 ms: Mark-sweep 38.3 (60.0) -> 24.5 (51.8) MB, 3.0 ms (+ 25.0 ms in 104 steps since start of marking, biggest step 1.0 ms) [StackGuard GC request] [GC in old space requested].
[5884]    16906 ms: Scavenge 33.3 (52.8) -> 25.8 (52.8) MB, 1.0 ms [Runtime::PerformGC].
[5884]    16920 ms: Scavenge 33.3 (52.8) -> 26.3 (52.8) MB, 1.0 ms [Runtime::PerformGC].
[5884]    16938 ms: Scavenge 34.4 (53.9) -> 27.0 (53.9) MB, 1.0 ms [Runtime::PerformGC].
[5884]    16952 ms: Scavenge 34.4 (53.9) -> 27.5 (53.9) MB, 0.0 ms [Runtime::PerformGC].
[5884]    16970 ms: Scavenge 35.6 (54.9) -> 28.1 (54.9) MB, 0.0 ms [Runtime::PerformGC].
[5884]    16985 ms: Scavenge 35.3 (54.9) -> 28.5 (54.9) MB, 1.0 ms [Runtime::PerformGC].
[5884]    17002 ms: Scavenge 36.8 (55.9) -> 29.2 (55.9) MB, 1.0 ms [Runtime::PerformGC].
[5884]    17016 ms: Scavenge 36.8 (55.9) -> 29.7 (55.9) MB, 1.0 ms [Runtime::PerformGC].
[5884]    17033 ms: Scavenge 37.9 (56.9) -> 30.2 (56.9) MB, 0.0 ms [Runtime::PerformGC].
[5884]    17048 ms: Scavenge 37.9 (56.9) -> 30.8 (56.9) MB, 1.0 ms [Runtime::PerformGC].
[5884]    17065 ms: Scavenge 38.9 (57.9) -> 31.4 (57.9) MB, 1.0 ms [Runtime::PerformGC].
[5884]    17079 ms: Scavenge 39.1 (57.9) -> 32.0 (57.9) MB, 1.0 ms [Runtime::PerformGC].
[5884]    17095 ms: Scavenge 40.1 (58.9) -> 32.5 (58.9) MB, 0.0 ms [Runtime::PerformGC].
[5884]    17110 ms: Scavenge 40.2 (58.9) -> 33.0 (58.9) MB, 0.0 ms [Runtime::PerformGC].
[5884]    17129 ms: Scavenge 41.3 (60.0) -> 33.7 (60.0) MB, 1.0 ms (+ 2.0 ms in 7 steps since last GC) [Runtime::PerformGC].
[5884]    17163 ms: Scavenge 41.5 (60.0) -> 34.2 (60.0) MB, 1.0 ms (+ 16.0 ms in 73 steps since last GC) [Runtime::PerformGC].
[5884]    17177 ms: Mark-sweep 38.3 (60.0) -> 24.5 (51.8) MB, 3.0 ms (+ 23.0 ms in 104 steps since start of marking, biggest step 1.0 ms) [StackGuard GC request] [GC in old space requested].
[marking 2591B229 <JS Function (SharedFunctionInfo 14717811)> for recompilation, reason: small function, ICs with typeinfo: 5/5 (100%)]
[5884]    17197 ms: Scavenge 33.3 (52.8) -> 25.8 (52.8) MB, 1.0 ms [Runtime::PerformGC].
[5884]    17211 ms: Scavenge 33.3 (52.8) -> 26.3 (52.8) MB, 1.0 ms [Runtime::PerformGC].
[5884]    17229 ms: Scavenge 34.4 (53.9) -> 27.0 (53.9) MB, 1.0 ms [Runtime::PerformGC].
[5884]    17243 ms: Scavenge 34.4 (53.9) -> 27.5 (53.9) MB, 1.0 ms [Runtime::PerformGC].
[5884]    17261 ms: Scavenge 35.5 (54.9) -> 28.1 (54.9) MB, 0.0 ms [Runtime::PerformGC].
[5884]    17276 ms: Scavenge 35.3 (54.9) -> 28.5 (54.9) MB, 1.0 ms [Runtime::PerformGC].
[5884]    17292 ms: Scavenge 36.8 (55.9) -> 29.2 (55.9) MB, 0.0 ms [Runtime::PerformGC].
[5884]    17307 ms: Scavenge 36.8 (55.9) -> 29.7 (55.9) MB, 1.0 ms [Runtime::PerformGC].
[5884]    17324 ms: Scavenge 37.9 (56.9) -> 30.2 (56.9) MB, 0.0 ms [Runtime::PerformGC].
[5884]    17339 ms: Scavenge 37.9 (56.9) -> 30.8 (56.9) MB, 1.0 ms [Runtime::PerformGC].
[5884]    17355 ms: Scavenge 38.9 (57.9) -> 31.4 (57.9) MB, 1.0 ms [Runtime::PerformGC].
[5884]    17369 ms: Scavenge 39.1 (57.9) -> 32.0 (57.9) MB, 0.0 ms [Runtime::PerformGC].
[5884]    17385 ms: Scavenge 40.1 (58.9) -> 32.5 (58.9) MB, 0.0 ms [Runtime::PerformGC].
[5884]    17401 ms: Scavenge 40.2 (58.9) -> 33.0 (58.9) MB, 1.0 ms [Runtime::PerformGC].
[5884]    17419 ms: Scavenge 41.3 (60.0) -> 33.7 (60.0) MB, 0.0 ms (+ 3.0 ms in 7 steps since last GC) [Runtime::PerformGC].
[5884]    17454 ms: Scavenge 41.5 (60.0) -> 34.2 (60.0) MB, 1.0 ms (+ 20.0 ms in 73 steps since last GC) [Runtime::PerformGC].
[5884]    17468 ms: Mark-sweep 38.3 (60.0) -> 24.5 (51.8) MB, 3.0 ms (+ 28.0 ms in 104 steps since start of marking, biggest step 1.0 ms) [StackGuard GC request] [GC in old space requested].
[5884]    17489 ms: Scavenge 33.3 (52.8) -> 25.8 (52.8) MB, 1.0 ms [Runtime::PerformGC].
[5884]    17503 ms: Scavenge 33.3 (52.8) -> 26.3 (52.8) MB, 1 / 1.0 ms [Runtime::PerformGC].
[5884]    17520 ms: Scavenge 34.4 (53.9) -> 27.0 (53.9) MB, 0.0 ms [Runtime::PerformGC].
[5884]    17534 ms: Scavenge 34.4 (53.9) -> 27.5 (53.9) MB, 0.0 ms [Runtime::PerformGC].
[5884]    17552 ms: Scavenge 35.6 (54.9) -> 28.1 (54.9) MB, 1.0 ms [Runtime::PerformGC].
[5884]    17567 ms: Scavenge 35.3 (54.9) -> 28.5 (54.9) MB, 1.0 ms [Runtime::PerformGC].
[5884]    17583 ms: Scavenge 36.8 (55.9) -> 29.2 (55.9) MB, 1.0 ms [Runtime::PerformGC].
[5884]    17597 ms: Scavenge 36.8 (55.9) -> 29.7 (55.9) MB, 1.0 ms [Runtime::PerformGC].
[5884]    17615 ms: Scavenge 37.9 (56.9) -> 30.2 (56.9) MB, 1.0 ms [Runtime::PerformGC].
[5884]    17629 ms: Scavenge 37.9 (56.9) -> 30.8 (56.9) MB, 1.0 ms [Runtime::PerformGC].
[5884]    17645 ms: Scavenge 38.9 (57.9) -> 31.4 (57.9) MB, 0.0 ms [Runtime::PerformGC].
[5884]    17659 ms: Scavenge 39.1 (57.9) -> 32.0 (57.9) MB, 0.0 ms [Runtime::PerformGC].
[5884]    17676 ms: Scavenge 40.1 (58.9) -> 32.5 (58.9) MB, 1.0 ms [Runtime::PerformGC].
[5884]    17691 ms: Scavenge 40.2 (58.9) -> 33.0 (58.9) MB, 1.0 ms [Runtime::PerformGC].
[5884]    17710 ms: Scavenge 41.3 (60.0) -> 33.7 (60.0) MB, 1.0 ms (+ 0.0 ms in 7 steps since last GC) [Runtime::PerformGC].
[5884]    17743 ms: Scavenge 41.5 (60.0) -> 34.2 (60.0) MB, 0.0 ms (+ 14.0 ms in 73 steps since last GC) [Runtime::PerformGC].
[5884]    17758 ms: Mark-sweep 38.3 (60.0) -> 24.5 (51.8) MB, 3.0 ms (+ 23.0 ms in 104 steps since start of marking, biggest step 1.0 ms) [StackGuard GC request] [GC in old space requested].
[5884]    17778 ms: Scavenge 33.3 (52.8) -> 25.8 (52.8) MB, 1.0 ms [Runtime::PerformGC].
[5884]    17791 ms: Scavenge 33.3 (52.8) -> 26.3 (52.8) MB, 0.0 ms [Runtime::PerformGC].
[5884]    17809 ms: Scavenge 34.4 (53.9) -> 27.0 (53.9) MB, 1.0 ms [Runtime::PerformGC].
[5884]    17823 ms: Scavenge 34.1 (53.9) -> 27.3 (53.9) MB, 1.0 ms [Runtime::PerformGC].
[5884]    17839 ms: Scavenge 35.6 (54.9) -> 28.0 (54.9) MB, 1.0 ms [Runtime::PerformGC].
[5884]    17853 ms: Scavenge 35.6 (54.9) -> 28.5 (54.9) MB, 0.0 ms [Runtime::PerformGC].
[5884]    17871 ms: Scavenge 36.7 (55.9) -> 29.0 (55.9) MB, 0.0 ms [Runtime::PerformGC].
[5884]    17886 ms: Scavenge 36.8 (55.9) -> 29.7 (55.9) MB, 1.0 ms [Runtime::PerformGC].
[5884]    17903 ms: Scavenge 37.8 (56.9) -> 30.2 (56.9) MB, 1.0 ms [Runtime::PerformGC].
[5884]    17917 ms: Scavenge 37.9 (56.9) -> 30.8 (56.9) MB, 1.0 ms [Runtime::PerformGC].
[5884]    17934 ms: Scavenge 38.9 (57.9) -> 31.4 (57.9) MB, 1.0 ms [Runtime::PerformGC].
[5884]    17948 ms: Scavenge 39.0 (57.9) -> 31.9 (57.9) MB, 0.0 ms [Runtime::PerformGC].
[5884]    17965 ms: Scavenge 40.1 (58.9) -> 32.5 (58.9) MB, 1.0 ms [Runtime::PerformGC].
[5884]    17980 ms: Scavenge 40.3 (58.9) -> 33.0 (58.9) MB, 0.0 ms [Runtime::PerformGC].
[5884]    17994 ms: Scavenge 40.3 (58.9) -> 33.4 (58.9) MB, 0.0 ms [Runtime::PerformGC].
[5884]    18034 ms: Scavenge 41.5 (60.0) -> 34.2 (60.0) MB, 1.0 ms (+ 24.0 ms in 68 steps since last GC) [Runtime::PerformGC].
[5884]    18043 ms: Mark-sweep 36.2 (60.0) -> 24.3 (51.8) MB, 2.0 ms (+ 28.0 ms in 83 steps since start of marking, biggest step 1.0 ms) [StackGuard GC request] [GC in old space requested].
[5884]    18062 ms: Scavenge 33.0 (52.8) -> 25.3 (52.8) MB, 1.0 ms [Runtime::PerformGC].
[5884]    18076 ms: Scavenge 33.0 (52.8) -> 25.9 (52.8) MB, 1.0 ms [Runtime::PerformGC].
[5884]    18093 ms: Scavenge 34.0 (53.9) -> 26.5 (53.9) MB, 1.0 ms [Runtime::PerformGC].
[5884]    18108 ms: Scavenge 34.2 (53.9) -> 27.1 (53.9) MB, 1.0 ms [Runtime::PerformGC].
[5884]    18125 ms: Scavenge 35.2 (54.9) -> 27.6 (54.9) MB, 0.0 ms [Runtime::PerformGC].
[5884]    18140 ms: Scavenge 35.4 (54.9) -> 28.3 (54.9) MB, 0.0 ms [Runtime::PerformGC].
[5884]    18158 ms: Scavenge 36.4 (55.9) -> 28.8 (55.9) MB, 1.0 ms [Runtime::PerformGC].
[5884]    18173 ms: Scavenge 36.6 (55.9) -> 29.4 (55.9) MB, 0.0 ms [Runtime::PerformGC].
[5884]    18191 ms: Scavenge 37.5 (56.9) -> 30.0 (56.9) MB, 1.0 ms [Runtime::PerformGC].
[5884]    18206 ms: Scavenge 37.6 (56.9) -> 30.5 (56.9) MB, 1.0 ms [Runtime::PerformGC].
[5884]    18223 ms: Scavenge 38.7 (57.9) -> 31.2 (57.9) MB, 1.0 ms [Runtime::PerformGC].
[5884]    18238 ms: Scavenge 38.9 (57.9) -> 31.6 (57.9) MB, 1.0 ms [Runtime::PerformGC].
[5884]    18252 ms: Scavenge 38.9 (57.9) -> 32.0 (57.9) MB, 1.0 ms [Runtime::PerformGC].
[5884]    18268 ms: Scavenge 40.1 (58.9) -> 32.8 (58.9) MB, 1.0 ms [Runtime::PerformGC].
[5884]    18283 ms: Scavenge 40.1 (58.9) -> 33.2 (58.9) MB, 0.0 ms [Runtime::PerformGC].
[5884]    18326 ms: Scavenge 41.2 (60.0) -> 33.9 (60.0) MB, 1.0 ms (+ 22.0 ms in 71 steps since last GC) [Runtime::PerformGC].
[5884]    18332 ms: Mark-sweep 34.8 (60.0) -> 24.2 (51.8) MB, 3.0 ms (+ 24.0 ms in 78 steps since start of marking, biggest step 1.0 ms) [StackGuard GC request] [GC in old space requested].
[5884]    18347 ms: Scavenge 31.9 (51.8) -> 24.8 (51.8) MB, 1.0 ms [Runtime::PerformGC].
[5884]    18363 ms: Scavenge 32.9 (52.8) -> 25.6 (52.8) MB, 1.0 ms [Runtime::PerformGC].
[5884]    18378 ms: Scavenge 32.9 (52.8) -> 26.0 (52.8) MB, 1.0 ms [Runtime::PerformGC].
[5884]    18394 ms: Scavenge 34.1 (53.9) -> 26.7 (53.9) MB, 0.0 ms [Runtime::PerformGC].
[5884]    18408 ms: Scavenge 34.1 (53.9) -> 27.2 (53.9) MB, 1.0 ms [Runtime::PerformGC].
[5884]    18426 ms: Scavenge 35.2 (54.9) -> 27.8 (54.9) MB, 1.0 ms [Runtime::PerformGC].
[5884]    18440 ms: Scavenge 35.2 (54.9) -> 28.3 (54.9) MB, 1.0 ms [Runtime::PerformGC].
[5884]    18458 ms: Scavenge 36.4 (55.9) -> 29.0 (55.9) MB, 1.0 ms [Runtime::PerformGC].
[5884]    18471 ms: Scavenge 36.4 (55.9) -> 29.5 (55.9) MB, 0.0 ms [Runtime::PerformGC].
[5884]    18489 ms: Scavenge 37.5 (56.9) -> 30.1 (56.9) MB, 1.0 ms [Runtime::PerformGC].
[5884]    18503 ms: Scavenge 37.3 (56.9) -> 30.5 (56.9) MB, 1.0 ms [Runtime::PerformGC].
[5884]    18520 ms: Scavenge 38.8 (57.9) -> 31.1 (57.9) MB, 1.0 ms [Runtime::PerformGC].
[5884]    18534 ms: Scavenge 38.8 (57.9) -> 31.6 (57.9) MB, 0.0 ms [Runtime::PerformGC].
[5884]    18552 ms: Scavenge 39.8 (58.9) -> 32.2 (58.9) MB, 1.0 ms [Runtime::PerformGC].
[5884]    18566 ms: Scavenge 39.9 (58.9) -> 32.8 (58.9) MB, 0.0 ms [Runtime::PerformGC].
[5884]    18588 ms: Scavenge 40.9 (60.0) -> 33.4 (60.0) MB, 1.0 ms (+ 2.0 ms in 19 steps since last GC) [Runtime::PerformGC].
[5884]    18621 ms: Scavenge 41.1 (60.0) -> 34.0 (60.0) MB, 1.0 ms (+ 18.0 ms in 66 steps since last GC) [Runtime::PerformGC].
[5884]    18632 ms: Mark-sweep 37.0 (60.0) -> 24.5 (52.8) MB, 3.0 ms (+ 23.0 ms in 103 steps since start of marking, biggest step 1.0 ms) [StackGuard GC request] [GC in old space requested].
[5884]    18652 ms: Scavenge 33.3 (53.8) -> 25.8 (53.8) MB, 0.0 ms [Runtime::PerformGC].
[5884]    18667 ms: Scavenge 33.3 (53.8) -> 26.3 (53.8) MB, 1.0 ms [Runtime::PerformGC].
[5884]    18685 ms: Scavenge 34.4 (54.9) -> 27.0 (54.9) MB, 1.0 ms [Runtime::PerformGC].
[5884]    18699 ms: Scavenge 34.4 (54.9) -> 27.5 (54.9) MB, 0.0 ms [Runtime::PerformGC].
[5884]    18718 ms: Scavenge 35.6 (55.9) -> 28.1 (55.9) MB, 1.0 ms [Runtime::PerformGC].
[5884]    18732 ms: Scavenge 35.3 (55.9) -> 28.5 (55.9) MB, 1.0 ms [Runtime::PerformGC].
[5884]    18748 ms: Scavenge 36.8 (56.9) -> 29.2 (56.9) MB, 0.0 ms [Runtime::PerformGC].
[5884]    18763 ms: Scavenge 36.8 (56.9) -> 29.7 (56.9) MB, 1.0 ms [Runtime::PerformGC].
[5884]    18780 ms: Scavenge 37.9 (57.9) -> 30.2 (57.9) MB, 0.0 ms [Runtime::PerformGC].
[5884]    18795 ms: Scavenge 37.9 (57.9) -> 30.8 (57.9) MB, 1.0 ms [Runtime::PerformGC].
[5884]    18812 ms: Scavenge 38.9 (58.9) -> 31.4 (58.9) MB, 1.0 ms [Runtime::PerformGC].
[5884]    18825 ms: Scavenge 39.1 (58.9) -> 32.0 (58.9) MB, 0.0 ms [Runtime::PerformGC].
[5884]    18842 ms: Scavenge 40.1 (59.9) -> 32.5 (59.9) MB, 1.0 ms [Runtime::PerformGC].
[5884]    18856 ms: Scavenge 40.2 (59.9) -> 33.0 (59.9) MB, 0.0 ms [Runtime::PerformGC].
[5884]    18875 ms: Scavenge 41.3 (61.0) -> 33.7 (61.0) MB, 1.0 ms (+ 2.0 ms in 7 steps since last GC) [Runtime::PerformGC].
[5884]    18909 ms: Scavenge 41.5 (61.0) -> 34.2 (61.0) MB, 1.0 ms (+ 19.0 ms in 73 steps since last GC) [Runtime::PerformGC].
[5884]    18924 ms: Mark-sweep 38.3 (61.0) -> 24.5 (52.8) MB, 3.0 ms (+ 27.0 ms in 104 steps since start of marking, biggest step 1.0 ms) [StackGuard GC request] [GC in old space requested].
[5884]    18943 ms: Scavenge 33.3 (53.8) -> 25.8 (53.8) MB, 1.0 ms [Runtime::PerformGC].
[5884]    18957 ms: Scavenge 33.3 (53.8) -> 26.3 (53.8) MB, 0.0 ms [Runtime::PerformGC].
[5884]    18975 ms: Scavenge 34.4 (54.9) -> 27.0 (54.9) MB, 1.0 ms [Runtime::PerformGC].
[5884]    18989 ms: Scavenge 34.4 (54.9) -> 27.5 (54.9) MB, 1.0 ms [Runtime::PerformGC].
[5884]    19007 ms: Scavenge 35.6 (55.9) -> 28.1 (55.9) MB, 1.0 ms [Runtime::PerformGC].
[5884]    19021 ms: Scavenge 35.3 (55.9) -> 28.5 (55.9) MB, 0.0 ms [Runtime::PerformGC].
[5884]    19038 ms: Scavenge 36.8 (56.9) -> 29.2 (56.9) MB, 1.0 ms [Runtime::PerformGC].
[5884]    19053 ms: Scavenge 36.8 (56.9) -> 29.7 (56.9) MB, 1.0 ms [Runtime::PerformGC].
[5884]    19070 ms: Scavenge 37.9 (57.9) -> 30.2 (57.9) MB, 0.0 ms [Runtime::PerformGC].
[5884]    19085 ms: Scavenge 37.9 (57.9) -> 30.8 (57.9) MB, 1.0 ms [Runtime::PerformGC].
[5884]    19102 ms: Scavenge 38.9 (58.9) -> 31.4 (58.9) MB, 1.0 ms [Runtime::PerformGC].
[5884]    19116 ms: Scavenge 39.1 (58.9) -> 32.0 (58.9) MB, 1.0 ms [Runtime::PerformGC].
[5884]    19133 ms: Scavenge 40.1 (59.9) -> 32.5 (59.9) MB, 1.0 ms [Runtime::PerformGC].
[5884]    19148 ms: Scavenge 40.2 (59.9) -> 33.0 (59.9) MB, 1.0 ms [Runtime::PerformGC].
[5884]    19167 ms: Scavenge 41.3 (61.0) -> 33.7 (61.0) MB, 1.0 ms (+ 0.0 ms in 7 steps since last GC) [Runtime::PerformGC].
[5884]    19201 ms: Scavenge 41.5 (61.0) -> 34.2 (61.0) MB, 1.0 ms (+ 19.0 ms in 73 steps since last GC) [Runtime::PerformGC].
[5884]    19216 ms: Mark-sweep 38.3 (61.0) -> 24.5 (52.8) MB, 3.0 ms (+ 23.0 ms in 104 steps since start of marking, biggest step 1.0 ms) [StackGuard GC request] [GC in old space requested].
[5884]    19235 ms: Scavenge 33.3 (53.8) -> 25.8 (53.8) MB, 0.0 ms [Runtime::PerformGC].
[5884]    19250 ms: Scavenge 33.3 (53.8) -> 26.3 (53.8) MB, 1.0 ms [Runtime::PerformGC].
[5884]    19268 ms: Scavenge 34.4 (54.9) -> 27.0 (54.9) MB, 1.0 ms [Runtime::PerformGC].
[5884]    19282 ms: Scavenge 34.4 (54.9) -> 27.5 (54.9) MB, 0.0 ms [Runtime::PerformGC].
[5884]    19301 ms: Scavenge 35.5 (55.9) -> 28.1 (55.9) MB, 1.0 ms [Runtime::PerformGC].
[5884]    19315 ms: Scavenge 35.3 (55.9) -> 28.5 (55.9) MB, 1.0 ms [Runtime::PerformGC].
[5884]    19331 ms: Scavenge 36.8 (56.9) -> 29.1 (56.9) MB, 1.0 ms [Runtime::PerformGC].
[5884]    19345 ms: Scavenge 36.8 (56.9) -> 29.7 (56.9) MB, 0.0 ms [Runtime::PerformGC].
[5884]    19363 ms: Scavenge 37.9 (57.9) -> 30.2 (57.9) MB, 1.0 ms [Runtime::PerformGC].
[5884]    19377 ms: Scavenge 37.9 (57.9) -> 30.8 (57.9) MB, 1.0 ms [Runtime::PerformGC].
[5884]    19394 ms: Scavenge 38.9 (58.9) -> 31.4 (58.9) MB, 1.0 ms [Runtime::PerformGC].
[5884]    19409 ms: Scavenge 39.1 (58.9) -> 32.0 (58.9) MB, 1.0 ms [Runtime::PerformGC].
[5884]    19426 ms: Scavenge 40.1 (59.9) -> 32.5 (59.9) MB, 1.0 ms [Runtime::PerformGC].
[5884]    19441 ms: Scavenge 40.2 (59.9) -> 33.0 (59.9) MB, 0.0 ms [Runtime::PerformGC].
[5884]    19460 ms: Scavenge 41.3 (61.0) -> 33.7 (61.0) MB, 1.0 ms (+ 1.0 ms in 7 steps since last GC) [Runtime::PerformGC].
[5884]    19493 ms: Scavenge 41.5 (61.0) -> 34.2 (61.0) MB, 0.0 ms (+ 20.0 ms in 73 steps since last GC) [Runtime::PerformGC].
[5884]    19508 ms: Mark-sweep 38.3 (61.0) -> 24.5 (52.8) MB, 3.0 ms (+ 29.0 ms in 104 steps since start of marking, biggest step 1.0 ms) [StackGuard GC request] [GC in old space requested].
[5884]    19527 ms: Scavenge 33.3 (53.8) -> 25.8 (53.8) MB, 0.0 ms [Runtime::PerformGC].
[5884]    19542 ms: Scavenge 33.3 (53.8) -> 26.3 (53.8) MB, 1.0 ms [Runtime::PerformGC].
[5884]    19560 ms: Scavenge 34.4 (54.9) -> 27.0 (54.9) MB, 1.0 ms [Runtime::PerformGC].
[5884]    19574 ms: Scavenge 34.4 (54.9) -> 27.5 (54.9) MB, 1.0 ms [Runtime::PerformGC].
[marking 2519EB45 <JS Function (SharedFunctionInfo 14717811)> for recompilation, reason: small function, ICs with typeinfo: 5/5 (100%)]
[optimizing 2519EB45 <JS Function (SharedFunctionInfo 14717811)> - took 0.000, 0.000, 0.000 ms]
[5884]    19592 ms: Scavenge 35.6 (55.9) -> 28.1 (55.9) MB, 1.0 ms [Runtime::PerformGC].
[5884]    19606 ms: Scavenge 35.3 (55.9) -> 28.5 (55.9) MB, 1.0 ms [Runtime::PerformGC].
[5884]    19623 ms: Scavenge 36.8 (56.9) -> 29.1 (56.9) MB, 1.0 ms [allocation failure].
[5884]    19638 ms: Scavenge 36.8 (56.9) -> 29.7 (56.9) MB, 1.0 ms [Runtime::PerformGC].
[5884]    19655 ms: Scavenge 37.9 (57.9) -> 30.2 (57.9) MB, 0.0 ms [Runtime::PerformGC].
[5884]    19670 ms: Scavenge 37.9 (57.9) -> 30.8 (57.9) MB, 1.0 ms [Runtime::PerformGC].
[5884]    19686 ms: Scavenge 38.9 (58.9) -> 31.4 (58.9) MB, 0.0 ms [Runtime::PerformGC].
[5884]    19700 ms: Scavenge 39.1 (58.9) -> 32.0 (58.9) MB, 0.0 ms [Runtime::PerformGC].
[5884]    19718 ms: Scavenge 40.1 (59.9) -> 32.5 (59.9) MB, 1.0 ms [Runtime::PerformGC].
[5884]    19732 ms: Scavenge 40.2 (59.9) -> 33.0 (59.9) MB, 0.0 ms [Runtime::PerformGC].
[5884]    19751 ms: Scavenge 41.3 (61.0) -> 33.7 (61.0) MB, 1.0 ms (+ 1.0 ms in 7 steps since last GC) [Runtime::PerformGC].
[5884]    19785 ms: Scavenge 41.5 (61.0) -> 34.2 (61.0) MB, 0.0 ms (+ 26.0 ms in 72 steps since last GC) [Runtime::PerformGC].
[5884]    19800 ms: Mark-sweep 38.3 (61.0) -> 24.5 (52.8) MB, 3.0 ms (+ 34.0 ms in 103 steps since start of marking, biggest step 1.0 ms) [StackGuard GC request] [GC in old space requested].
[5884]    19819 ms: Scavenge 33.3 (53.8) -> 25.8 (53.8) MB, 0.0 ms [Runtime::PerformGC].
[5884]    19834 ms: Scavenge 33.3 (53.8) -> 26.4 (53.8) MB, 1.0 ms [Runtime::PerformGC].
[5884]    19852 ms: Scavenge 34.4 (54.9) -> 27.0 (54.9) MB, 1.0 ms [Runtime::PerformGC].
[5884]    19866 ms: Scavenge 34.4 (54.9) -> 27.5 (54.9) MB, 1.0 ms [Runtime::PerformGC].
[5884]    19884 ms: Scavenge 35.6 (55.9) -> 28.1 (55.9) MB, 1.0 ms [Runtime::PerformGC].
[5884]    19898 ms: Scavenge 35.3 (55.9) -> 28.5 (55.9) MB, 1.0 ms [Runtime::PerformGC].
[5884]    19915 ms: Scavenge 36.8 (56.9) -> 29.1 (56.9) MB, 1.0 ms [Runtime::PerformGC].
[5884]    19929 ms: Scavenge 36.8 (56.9) -> 29.7 (56.9) MB, 1.0 ms [Runtime::PerformGC].
[5884]    19946 ms: Scavenge 37.9 (57.9) -> 30.2 (57.9) MB, 0.0 ms [Runtime::PerformGC].
[5884]    19961 ms: Scavenge 37.9 (57.9) -> 30.8 (57.9) MB, 1.0 ms [Runtime::PerformGC].
[5884]    19977 ms: Scavenge 38.9 (58.9) -> 31.4 (58.9) MB, 1.0 ms [Runtime::PerformGC].
[5884]    19991 ms: Scavenge 39.1 (58.9) -> 32.0 (58.9) MB, 0.0 ms [Runtime::PerformGC].
[5884]    20008 ms: Scavenge 40.1 (59.9) -> 32.5 (59.9) MB, 1.0 ms [Runtime::PerformGC].
[5884]    20022 ms: Scavenge 40.2 (59.9) -> 33.0 (59.9) MB, 0.0 ms [Runtime::PerformGC].
[5884]    20042 ms: Scavenge 41.3 (61.0) -> 33.7 (61.0) MB, 1.0 ms (+ 4.0 ms in 7 steps since last GC) [Runtime::PerformGC].
[5884]    20075 ms: Scavenge 41.5 (61.0) -> 34.2 (61.0) MB, 0.0 ms (+ 16.0 ms in 73 steps since last GC) [Runtime::PerformGC].
[5884]    20090 ms: Mark-sweep 38.3 (61.0) -> 24.5 (52.8) MB, 3.0 ms (+ 28.0 ms in 104 steps since start of marking, biggest step 1.0 ms) [StackGuard GC request] [GC in old space requested].
[5884]    20110 ms: Scavenge 33.3 (53.8) -> 25.8 (53.8) MB, 1.0 ms [Runtime::PerformGC].
[5884]    20124 ms: Scavenge 33.3 (53.8) -> 26.4 (53.8) MB, 1.0 ms [Runtime::PerformGC].
[5884]    20142 ms: Scavenge 34.4 (54.9) -> 27.0 (54.9) MB, 1.0 ms [Runtime::PerformGC].
[5884]    20156 ms: Scavenge 34.4 (54.9) -> 27.5 (54.9) MB, 1.0 ms [Runtime::PerformGC].
[5884]    20175 ms: Scavenge 35.6 (55.9) -> 28.1 (55.9) MB, 1.0 ms [Runtime::PerformGC].
[5884]    20189 ms: Scavenge 35.3 (55.9) -> 28.5 (55.9) MB, 1.0 ms [Runtime::PerformGC].
[5884]    20206 ms: Scavenge 36.8 (56.9) -> 29.1 (56.9) MB, 1.0 ms [Runtime::PerformGC].
[5884]    20220 ms: Scavenge 36.8 (56.9) -> 29.7 (56.9) MB, 0.0 ms [Runtime::PerformGC].
[5884]    20238 ms: Scavenge 37.9 (57.9) -> 30.2 (57.9) MB, 1.0 ms [Runtime::PerformGC].
[5884]    20252 ms: Scavenge 37.9 (57.9) -> 30.8 (57.9) MB, 0.0 ms [Runtime::PerformGC].
[5884]    20269 ms: Scavenge 38.9 (58.9) -> 31.4 (58.9) MB, 1.0 ms [Runtime::PerformGC].
[5884]    20283 ms: Scavenge 39.1 (58.9) -> 32.0 (58.9) MB, 1.0 ms [Runtime::PerformGC].
[5884]    20299 ms: Scavenge 40.1 (59.9) -> 32.5 (59.9) MB, 1.0 ms [Runtime::PerformGC].
[5884]    20314 ms: Scavenge 40.2 (59.9) -> 33.0 (59.9) MB, 0.0 ms [Runtime::PerformGC].
[5884]    20333 ms: Scavenge 41.3 (61.0) -> 33.7 (61.0) MB, 1.0 ms (+ 2.0 ms in 7 steps since last GC) [Runtime::PerformGC].
[5884]    20367 ms: Scavenge 41.5 (61.0) -> 34.2 (61.0) MB, 1.0 ms (+ 17.0 ms in 73 steps since last GC) [Runtime::PerformGC].
[5884]    20382 ms: Mark-sweep 38.3 (61.0) -> 24.5 (52.8) MB, 3.0 ms (+ 23.0 ms in 104 steps since start of marking, biggest step 1.0 ms) [StackGuard GC request] [GC in old space requested].
[5884]    20401 ms: Scavenge 33.3 (53.8) -> 25.8 (53.8) MB, 0.0 ms [Runtime::PerformGC].
[5884]    20415 ms: Scavenge 33.3 (53.8) -> 26.4 (53.8) MB, 1.0 ms [Runtime::PerformGC].
[5884]    20433 ms: Scavenge 34.4 (54.9) -> 27.0 (54.9) MB, 1.0 ms [Runtime::PerformGC].
[5884]    20447 ms: Scavenge 34.4 (54.9) -> 27.5 (54.9) MB, 1.0 ms [Runtime::PerformGC].
[5884]    20465 ms: Scavenge 35.6 (55.9) -> 28.1 (55.9) MB, 1.0 ms [Runtime::PerformGC].
[5884]    20479 ms: Scavenge 35.3 (55.9) -> 28.5 (55.9) MB, 1.0 ms [Runtime::PerformGC].
[5884]    20495 ms: Scavenge 36.8 (56.9) -> 29.1 (56.9) MB, 0.0 ms [Runtime::PerformGC].
[5884]    20510 ms: Scavenge 36.8 (56.9) -> 29.7 (56.9) MB, 1.0 ms [Runtime::PerformGC].
[5884]    20527 ms: Scavenge 37.9 (57.9) -> 30.2 (57.9) MB, 0.0 ms [Runtime::PerformGC].
[5884]    20542 ms: Scavenge 37.9 (57.9) -> 30.8 (57.9) MB, 1.0 ms [Runtime::PerformGC].
[5884]    20558 ms: Scavenge 38.9 (58.9) -> 31.4 (58.9) MB, 0.0 ms [Runtime::PerformGC].
[5884]    20572 ms: Scavenge 39.1 (58.9) -> 32.0 (58.9) MB, 0.0 ms [Runtime::PerformGC].
[5884]    20589 ms: Scavenge 40.1 (59.9) -> 32.5 (59.9) MB, 1.0 ms [Runtime::PerformGC].
[5884]    20604 ms: Scavenge 40.2 (59.9) -> 33.0 (59.9) MB, 1.0 ms [Runtime::PerformGC].
[5884]    20623 ms: Scavenge 41.3 (61.0) -> 33.7 (61.0) MB, 1.0 ms (+ 2.0 ms in 7 steps since last GC) [Runtime::PerformGC].
[5884]    20658 ms: Scavenge 41.5 (61.0) -> 34.2 (61.0) MB, 1.0 ms (+ 25.0 ms in 73 steps since last GC) [Runtime::PerformGC].
[5884]    20673 ms: Mark-sweep 38.3 (61.0) -> 24.5 (52.8) MB, 3.0 ms (+ 32.0 ms in 104 steps since start of marking, biggest step 1.0 ms) [StackGuard GC request] [GC in old space requested].
[5884]    20692 ms: Scavenge 33.3 (53.8) -> 25.8 (53.8) MB, 1.0 ms [Runtime::PerformGC].
[5884]    20706 ms: Scavenge 33.3 (53.8) -> 26.4 (53.8) MB, 0.0 ms [Runtime::PerformGC].
[5884]    20725 ms: Scavenge 34.4 (54.9) -> 27.0 (54.9) MB, 1.0 ms [Runtime::PerformGC].
[5884]    20739 ms: Scavenge 34.4 (54.9) -> 27.5 (54.9) MB, 1.0 ms [Runtime::PerformGC].
[5884]    20757 ms: Scavenge 35.6 (55.9) -> 28.1 (55.9) MB, 1.0 ms [Runtime::PerformGC].
[5884]    20771 ms: Scavenge 35.3 (55.9) -> 28.5 (55.9) MB, 1.0 ms [Runtime::PerformGC].
[5884]    20788 ms: Scavenge 36.8 (56.9) -> 29.1 (56.9) MB, 1.0 ms [Runtime::PerformGC].
[5884]    20802 ms: Scavenge 36.8 (56.9) -> 29.7 (56.9) MB, 1.0 ms [Runtime::PerformGC].
[5884]    20820 ms: Scavenge 37.9 (57.9) -> 30.2 (57.9) MB, 1.0 ms [Runtime::PerformGC].
[5884]    20834 ms: Scavenge 37.9 (57.9) -> 30.8 (57.9) MB, 1.0 ms [Runtime::PerformGC].
[5884]    20850 ms: Scavenge 38.9 (58.9) -> 31.4 (58.9) MB, 0.0 ms [Runtime::PerformGC].
[5884]    20864 ms: Scavenge 39.1 (58.9) -> 32.0 (58.9) MB, 0.0 ms [Runtime::PerformGC].
[5884]    20881 ms: Scavenge 40.1 (59.9) -> 32.5 (59.9) MB, 1.0 ms [Runtime::PerformGC].
[5884]    20896 ms: Scavenge 40.2 (59.9) -> 33.0 (59.9) MB, 1.0 ms [Runtime::PerformGC].
[5884]    20915 ms: Scavenge 41.3 (61.0) -> 33.7 (61.0) MB, 1.0 ms (+ 0.0 ms in 7 steps since last GC) [Runtime::PerformGC].
[5884]    20949 ms: Scavenge 41.5 (61.0) -> 34.2 (61.0) MB, 1.0 ms (+ 20.0 ms in 73 steps since last GC) [Runtime::PerformGC].
[5884]    20964 ms: Mark-sweep 38.3 (61.0) -> 24.5 (52.8) MB, 3.0 ms (+ 26.0 ms in 104 steps since start of marking, biggest step 1.0 ms) [StackGuard GC request] [GC in old space requested].
[5884]    20982 ms: Scavenge 33.3 (53.8) -> 25.8 (53.8) MB, 0.0 ms [Runtime::PerformGC].
[5884]    20996 ms: Scavenge 33.3 (53.8) -> 26.4 (53.8) MB, 0.0 ms [Runtime::PerformGC].
[5884]    21014 ms: Scavenge 34.4 (54.9) -> 27.0 (54.9) MB, 1.0 ms [Runtime::PerformGC].
[5884]    21028 ms: Scavenge 34.4 (54.9) -> 27.5 (54.9) MB, 1.0 ms [Runtime::PerformGC].
[5884]    21046 ms: Scavenge 35.6 (55.9) -> 28.1 (55.9) MB, 1.0 ms [Runtime::PerformGC].
[5884]    21060 ms: Scavenge 35.3 (55.9) -> 28.5 (55.9) MB, 0.0 ms [Runtime::PerformGC].
[5884]    21077 ms: Scavenge 36.8 (56.9) -> 29.1 (56.9) MB, 1.0 ms [Runtime::PerformGC].
[5884]    21091 ms: Scavenge 36.8 (56.9) -> 29.7 (56.9) MB, 1.0 ms [Runtime::PerformGC].
[5884]    21109 ms: Scavenge 37.9 (57.9) -> 30.2 (57.9) MB, 1.0 ms [Runtime::PerformGC].
[5884]    21123 ms: Scavenge 37.9 (57.9) -> 30.8 (57.9) MB, 0.0 ms [Runtime::PerformGC].
[5884]    21140 ms: Scavenge 38.9 (58.9) -> 31.4 (58.9) MB, 1.0 ms [Runtime::PerformGC].
[5884]    21154 ms: Scavenge 39.1 (58.9) -> 32.0 (58.9) MB, 1.0 ms [Runtime::PerformGC].
[5884]    21170 ms: Scavenge 40.1 (59.9) -> 32.5 (59.9) MB, 1.0 ms [Runtime::PerformGC].
[5884]    21185 ms: Scavenge 40.2 (59.9) -> 33.0 (59.9) MB, 1.0 ms [Runtime::PerformGC].
[5884]    21204 ms: Scavenge 41.3 (61.0) -> 33.7 (61.0) MB, 1.0 ms (+ 1.0 ms in 7 steps since last GC) [Runtime::PerformGC].
[5884]    21238 ms: Scavenge 41.5 (61.0) -> 34.2 (61.0) MB, 1.0 ms (+ 17.0 ms in 73 steps since last GC) [Runtime::PerformGC].
[5884]    21254 ms: Mark-sweep 38.3 (61.0) -> 24.5 (52.8) MB, 4.0 ms (+ 24.0 ms in 104 steps since start of marking, biggest step 2.0 ms) [StackGuard GC request] [GC in old space requested].
[5884]    21273 ms: Scavenge 33.3 (53.8) -> 25.8 (53.8) MB, 1.0 ms [Runtime::PerformGC].
[5884]    21287 ms: Scavenge 33.3 (53.8) -> 26.4 (53.8) MB, 1.0 ms [Runtime::PerformGC].
[5884]    21305 ms: Scavenge 34.4 (54.9) -> 27.0 (54.9) MB, 1.0 ms [Runtime::PerformGC].
[5884]    21319 ms: Scavenge 34.4 (54.9) -> 27.5 (54.9) MB, 1.0 ms [Runtime::PerformGC].
[5884]    21337 ms: Scavenge 35.6 (55.9) -> 28.1 (55.9) MB, 1.0 ms [Runtime::PerformGC].
[5884]    21351 ms: Scavenge 35.3 (55.9) -> 28.5 (55.9) MB, 0.0 ms [Runtime::PerformGC].
[5884]    21368 ms: Scavenge 36.8 (56.9) -> 29.1 (56.9) MB, 1.0 ms [Runtime::PerformGC].
[5884]    21383 ms: Scavenge 36.8 (56.9) -> 29.7 (56.9) MB, 1.0 ms [Runtime::PerformGC].
[5884]    21400 ms: Scavenge 37.9 (57.9) -> 30.2 (57.9) MB, 0.0 ms [Runtime::PerformGC].
[5884]    21415 ms: Scavenge 37.9 (57.9) -> 30.8 (57.9) MB, 1.0 ms [Runtime::PerformGC].
[5884]    21432 ms: Scavenge 38.9 (58.9) -> 31.4 (58.9) MB, 1.0 ms [Runtime::PerformGC].
[5884]    21446 ms: Scavenge 39.1 (58.9) -> 32.0 (58.9) MB, 0.0 ms [Runtime::PerformGC].
[5884]    21463 ms: Scavenge 40.1 (59.9) -> 32.5 (59.9) MB, 1.0 ms [Runtime::PerformGC].
[5884]    21478 ms: Scavenge 40.2 (59.9) -> 33.0 (59.9) MB, 1.0 ms [Runtime::PerformGC].
[5884]    21497 ms: Scavenge 41.3 (61.0) -> 33.7 (61.0) MB, 1.0 ms (+ 1.0 ms in 7 steps since last GC) [Runtime::PerformGC].
[5884]    21531 ms: Scavenge 41.5 (61.0) -> 34.2 (61.0) MB, 0.0 ms (+ 18.0 ms in 73 steps since last GC) [Runtime::PerformGC].
[5884]    21546 ms: Mark-sweep 38.3 (61.0) -> 24.5 (52.8) MB, 3.0 ms (+ 27.0 ms in 104 steps since start of marking, biggest step 1.0 ms) [StackGuard GC request] [GC in old space requested].
[5884]    21565 ms: Scavenge 33.3 (53.8) -> 25.8 (53.8) MB, 0.0 ms [Runtime::PerformGC].
[5884]    21580 ms: Scavenge 33.3 (53.8) -> 26.4 (53.8) MB, 1.0 ms [Runtime::PerformGC].
[5884]    21597 ms: Scavenge 34.4 (54.9) -> 27.0 (54.9) MB, 1.0 ms [Runtime::PerformGC].
[5884]    21611 ms: Scavenge 34.4 (54.9) -> 27.5 (54.9) MB, 0.0 ms [Runtime::PerformGC].
[5884]    21629 ms: Scavenge 35.6 (55.9) -> 28.1 (55.9) MB, 0.0 ms [Runtime::PerformGC].
[5884]    21644 ms: Scavenge 35.3 (55.9) -> 28.5 (55.9) MB, 1.0 ms [Runtime::PerformGC].
[5884]    21660 ms: Scavenge 36.8 (56.9) -> 29.1 (56.9) MB, 0.0 ms [Runtime::PerformGC].
[5884]    21675 ms: Scavenge 36.8 (56.9) -> 29.7 (56.9) MB, 1.0 ms [Runtime::PerformGC].
[5884]    21692 ms: Scavenge 37.9 (57.9) -> 30.2 (57.9) MB, 0.0 ms [Runtime::PerformGC].
[5884]    21707 ms: Scavenge 37.9 (57.9) -> 30.8 (57.9) MB, 1.0 ms [Runtime::PerformGC].
[5884]    21724 ms: Scavenge 38.9 (58.9) -> 31.4 (58.9) MB, 1.0 ms [Runtime::PerformGC].
[5884]    21737 ms: Scavenge 39.1 (58.9) -> 32.0 (58.9) MB, 0.0 ms [Runtime::PerformGC].
[5884]    21754 ms: Scavenge 40.1 (59.9) -> 32.5 (59.9) MB, 1.0 ms [Runtime::PerformGC].
[5884]    21769 ms: Scavenge 40.2 (59.9) -> 33.0 (59.9) MB, 1.0 ms [Runtime::PerformGC].
[5884]    21788 ms: Scavenge 41.3 (61.0) -> 33.7 (61.0) MB, 1.0 ms (+ 3.0 ms in 7 steps since last GC) [Runtime::PerformGC].
[5884]    21822 ms: Scavenge 41.5 (61.0) -> 34.2 (61.0) MB, 1.0 ms (+ 14.0 ms in 73 steps since last GC) [Runtime::PerformGC].
[5884]    21837 ms: Mark-sweep 38.3 (61.0) -> 24.5 (52.8) MB, 3.0 ms (+ 23.0 ms in 104 steps since start of marking, biggest step 2.0 ms) [StackGuard GC request] [GC in old space requested].
[5884]    21856 ms: Scavenge 33.3 (53.8) -> 25.8 (53.8) MB, 0.0 ms [Runtime::PerformGC].
[5884]    21871 ms: Scavenge 33.3 (53.8) -> 26.4 (53.8) MB, 1.0 ms [Runtime::PerformGC].
[5884]    21889 ms: Scavenge 34.4 (54.9) -> 27.0 (54.9) MB, 1.0 ms [Runtime::PerformGC].
[5884]    21903 ms: Scavenge 34.4 (54.9) -> 27.5 (54.9) MB, 1.0 ms [Runtime::PerformGC].
[5884]    21921 ms: Scavenge 35.6 (55.9) -> 28.1 (55.9) MB, 0.0 ms [Runtime::PerformGC].
[5884]    21936 ms: Scavenge 35.3 (55.9) -> 28.5 (55.9) MB, 1.0 ms [Runtime::PerformGC].
[5884]    21952 ms: Scavenge 36.8 (56.9) -> 29.1 (56.9) MB, 0.0 ms [Runtime::PerformGC].
[5884]    21966 ms: Scavenge 36.8 (56.9) -> 29.7 (56.9) MB, 0.0 ms [Runtime::PerformGC].
[5884]    21984 ms: Scavenge 37.9 (57.9) -> 30.2 (57.9) MB, 1.0 ms [Runtime::PerformGC].
[5884]    21998 ms: Scavenge 37.9 (57.9) -> 30.8 (57.9) MB, 1.0 ms [Runtime::PerformGC].
[5884]    22015 ms: Scavenge 38.9 (58.9) -> 31.4 (58.9) MB, 1.0 ms [Runtime::PerformGC].
[5884]    22029 ms: Scavenge 39.1 (58.9) -> 32.0 (58.9) MB, 1.0 ms [Runtime::PerformGC].
[5884]    22045 ms: Scavenge 40.1 (59.9) -> 32.5 (59.9) MB, 1.0 ms [Runtime::PerformGC].
[5884]    22060 ms: Scavenge 40.2 (59.9) -> 33.0 (59.9) MB, 1.0 ms [Runtime::PerformGC].
[5884]    22079 ms: Scavenge 41.3 (61.0) -> 33.7 (61.0) MB, 1.0 ms (+ 2.0 ms in 7 steps since last GC) [Runtime::PerformGC].
[marking 25D157ED <JS Function (SharedFunctionInfo 14717811)> for recompilation, reason: small function, ICs with typeinfo: 5/5 (100%)]
[5884]    22113 ms: Scavenge 41.5 (61.0) -> 34.2 (61.0) MB, 1.0 ms (+ 18.0 ms in 73 steps since last GC) [Runtime::PerformGC].
[5884]    22128 ms: Mark-sweep 38.3 (61.0) -> 24.5 (52.8) MB, 3.0 ms (+ 25.0 ms in 104 steps since start of marking, biggest step 1.0 ms) [StackGuard GC request] [GC in old space requested].
[5884]    22147 ms: Scavenge 33.3 (53.8) -> 25.8 (53.8) MB, 1.0 ms [Runtime::PerformGC].
[5884]    22161 ms: Scavenge 33.3 (53.8) -> 26.4 (53.8) MB, 1.0 ms [Runtime::PerformGC].
[5884]    22179 ms: Scavenge 34.4 (54.9) -> 27.0 (54.9) MB, 1.0 ms [Runtime::PerformGC].
[5884]    22193 ms: Scavenge 34.4 (54.9) -> 27.5 (54.9) MB, 1.0 ms [Runtime::PerformGC].
[5884]    22211 ms: Scavenge 35.6 (55.9) -> 28.1 (55.9) MB, 0.0 ms [Runtime::PerformGC].
[5884]    22226 ms: Scavenge 35.3 (55.9) -> 28.5 (55.9) MB, 1.0 ms [Runtime::PerformGC].
[5884]    22243 ms: Scavenge 36.8 (56.9) -> 29.1 (56.9) MB, 1.0 ms [Runtime::PerformGC].
[5884]    22258 ms: Scavenge 36.8 (56.9) -> 29.7 (56.9) MB, 1.0 ms [Runtime::PerformGC].
[5884]    22276 ms: Scavenge 37.9 (57.9) -> 30.2 (57.9) MB, 1.0 ms [Runtime::PerformGC].
[5884]    22290 ms: Scavenge 37.9 (57.9) -> 30.8 (57.9) MB, 0.0 ms [Runtime::PerformGC].
[5884]    22307 ms: Scavenge 38.9 (58.9) -> 31.4 (58.9) MB, 0.0 ms [Runtime::PerformGC].
[5884]    22322 ms: Scavenge 39.1 (58.9) -> 32.0 (58.9) MB, 1.0 ms [Runtime::PerformGC].
[5884]    22339 ms: Scavenge 40.1 (59.9) -> 32.5 (59.9) MB, 1.0 ms [Runtime::PerformGC].
[5884]    22354 ms: Scavenge 40.2 (59.9) -> 33.0 (59.9) MB, 1.0 ms [Runtime::PerformGC].
[5884]    22373 ms: Scavenge 41.3 (61.0) -> 33.7 (61.0) MB, 1.0 ms (+ 4.0 ms in 7 steps since last GC) [Runtime::PerformGC].
[5884]    22407 ms: Scavenge 41.5 (61.0) -> 34.2 (61.0) MB, 1.0 ms (+ 20.0 ms in 73 steps since last GC) [Runtime::PerformGC].
[5884]    22422 ms: Mark-sweep 38.3 (61.0) -> 24.5 (52.8) MB, 3.0 ms (+ 29.0 ms in 104 steps since start of marking, biggest step 1.0 ms) [StackGuard GC request] [GC in old space requested].
[5884]    22441 ms: Scavenge 33.3 (53.8) -> 25.8 (53.8) MB, 1.0 ms [Runtime::PerformGC].
[5884]    22455 ms: Scavenge 33.3 (53.8) -> 26.4 (53.8) MB, 1.0 ms [Runtime::PerformGC].
[5884]    22473 ms: Scavenge 34.4 (54.9) -> 27.0 (54.9) MB, 1.0 ms [Runtime::PerformGC].
[5884]    22487 ms: Scavenge 34.4 (54.9) -> 27.5 (54.9) MB, 1.0 ms [Runtime::PerformGC].
[5884]    22505 ms: Scavenge 35.6 (55.9) -> 28.1 (55.9) MB, 1.0 ms [Runtime::PerformGC].
[5884]    22519 ms: Scavenge 35.3 (55.9) -> 28.5 (55.9) MB, 0.0 ms [Runtime::PerformGC].
[5884]    22536 ms: Scavenge 36.8 (56.9) -> 29.1 (56.9) MB, 1.0 ms [Runtime::PerformGC].
[5884]    22550 ms: Scavenge 36.8 (56.9) -> 29.7 (56.9) MB, 0.0 ms [Runtime::PerformGC].
[5884]    22568 ms: Scavenge 37.9 (57.9) -> 30.2 (57.9) MB, 1.0 ms [Runtime::PerformGC].
[5884]    22582 ms: Scavenge 37.9 (57.9) -> 30.8 (57.9) MB, 0.0 ms [Runtime::PerformGC].
[5884]    22599 ms: Scavenge 38.9 (58.9) -> 31.4 (58.9) MB, 1.0 ms [Runtime::PerformGC].
[5884]    22613 ms: Scavenge 39.1 (58.9) -> 32.0 (58.9) MB, 1.0 ms [Runtime::PerformGC].
[5884]    22629 ms: Scavenge 40.1 (59.9) -> 32.5 (59.9) MB, 0.0 ms [Runtime::PerformGC].
[5884]    22644 ms: Scavenge 40.2 (59.9) -> 33.0 (59.9) MB, 0.0 ms [Runtime::PerformGC].
[5884]    22663 ms: Scavenge 41.3 (61.0) -> 33.7 (61.0) MB, 1.0 ms (+ 0.0 ms in 7 steps since last GC) [Runtime::PerformGC].
[5884]    22697 ms: Scavenge 41.5 (61.0) -> 34.2 (61.0) MB, 1.0 ms (+ 14.0 ms in 73 steps since last GC) [Runtime::PerformGC].
[5884]    22712 ms: Mark-sweep 38.3 (61.0) -> 24.5 (52.8) MB, 3.0 ms (+ 20.0 ms in 104 steps since start of marking, biggest step 1.0 ms) [StackGuard GC request] [GC in old space requested].
[5884]    22731 ms: Scavenge 33.3 (53.8) -> 25.8 (53.8) MB, 1.0 ms [Runtime::PerformGC].
[5884]    22745 ms: Scavenge 33.3 (53.8) -> 26.4 (53.8) MB, 1.0 ms [Runtime::PerformGC].
[5884]    22763 ms: Scavenge 34.4 (54.9) -> 27.0 (54.9) MB, 1.0 ms [Runtime::PerformGC].
[5884]    22777 ms: Scavenge 34.4 (54.9) -> 27.5 (54.9) MB, 1.0 ms [Runtime::PerformGC].
[5884]    22796 ms: Scavenge 35.6 (55.9) -> 28.1 (55.9) MB, 1.0 ms [Runtime::PerformGC].
[5884]    22810 ms: Scavenge 35.3 (55.9) -> 28.5 (55.9) MB, 1.0 ms [Runtime::PerformGC].
[5884]    22827 ms: Scavenge 36.8 (56.9) -> 29.1 (56.9) MB, 0.0 ms [Runtime::PerformGC].
[5884]    22842 ms: Scavenge 36.8 (56.9) -> 29.7 (56.9) MB, 1.0 ms [Runtime::PerformGC].
[5884]    22860 ms: Scavenge 37.9 (57.9) -> 30.2 (57.9) MB, 0.0 ms [Runtime::PerformGC].
[5884]    22875 ms: Scavenge 37.9 (57.9) -> 30.8 (57.9) MB, 1.0 ms [Runtime::PerformGC].
[5884]    22892 ms: Scavenge 38.9 (58.9) -> 31.4 (58.9) MB, 1.0 ms [Runtime::PerformGC].
[5884]    22906 ms: Scavenge 39.1 (58.9) -> 32.0 (58.9) MB, 1.0 ms [Runtime::PerformGC].
[5884]    22923 ms: Scavenge 40.1 (59.9) -> 32.5 (59.9) MB, 1.0 ms [Runtime::PerformGC].
[5884]    22938 ms: Scavenge 40.2 (59.9) -> 33.0 (59.9) MB, 1.0 ms [Runtime::PerformGC].
[5884]    22956 ms: Scavenge 41.3 (61.0) -> 33.7 (61.0) MB, 1.0 ms (+ 2.0 ms in 7 steps since last GC) [Runtime::PerformGC].
[5884]    22990 ms: Scavenge 41.5 (61.0) -> 34.2 (61.0) MB, 0.0 ms (+ 25.0 ms in 73 steps since last GC) [Runtime::PerformGC].
[5884]    23005 ms: Mark-sweep 38.3 (61.0) -> 24.5 (52.8) MB, 3.0 ms (+ 31.0 ms in 104 steps since start of marking, biggest step 1.0 ms) [StackGuard GC request] [GC in old space requested].
[5884]    23025 ms: Scavenge 33.3 (53.8) -> 25.8 (53.8) MB, 1.0 ms [Runtime::PerformGC].
[5884]    23039 ms: Scavenge 33.3 (53.8) -> 26.4 (53.8) MB, 1.0 ms [Runtime::PerformGC].
[5884]    23057 ms: Scavenge 34.4 (54.9) -> 27.0 (54.9) MB, 1.0 ms [Runtime::PerformGC].
[5884]    23071 ms: Scavenge 34.4 (54.9) -> 27.5 (54.9) MB, 1.0 ms [Runtime::PerformGC].
[5884]    23088 ms: Scavenge 35.6 (55.9) -> 28.1 (55.9) MB, 0.0 ms [Runtime::PerformGC].
[5884]    23103 ms: Scavenge 35.3 (55.9) -> 28.5 (55.9) MB, 1.0 ms [Runtime::PerformGC].
[5884]    23119 ms: Scavenge 36.8 (56.9) -> 29.1 (56.9) MB, 0.0 ms [Runtime::PerformGC].
[5884]    23134 ms: Scavenge 36.8 (56.9) -> 29.7 (56.9) MB, 1.0 ms [Runtime::PerformGC].
[5884]    23152 ms: Scavenge 37.9 (57.9) -> 30.2 (57.9) MB, 1.0 ms [Runtime::PerformGC].
[5884]    23166 ms: Scavenge 37.9 (57.9) -> 30.8 (57.9) MB, 1.0 ms [Runtime::PerformGC].
[5884]    23183 ms: Scavenge 38.9 (58.9) -> 31.4 (58.9) MB, 1.0 ms [Runtime::PerformGC].
[5884]    23197 ms: Scavenge 39.1 (58.9) -> 32.0 (58.9) MB, 1.0 ms [Runtime::PerformGC].
[5884]    23213 ms: Scavenge 40.1 (59.9) -> 32.5 (59.9) MB, 0.0 ms [Runtime::PerformGC].
[5884]    23228 ms: Scavenge 40.2 (59.9) -> 33.0 (59.9) MB, 0.0 ms [Runtime::PerformGC].
[5884]    23248 ms: Scavenge 41.3 (61.0) -> 33.7 (61.0) MB, 1.0 ms (+ 3.0 ms in 7 steps since last GC) [Runtime::PerformGC].
[5884]    23282 ms: Scavenge 41.5 (61.0) -> 34.2 (61.0) MB, 1.0 ms (+ 14.0 ms in 73 steps since last GC) [Runtime::PerformGC].
[5884]    23297 ms: Mark-sweep 38.3 (61.0) -> 24.5 (52.8) MB, 3.0 ms (+ 24.0 ms in 104 steps since start of marking, biggest step 1.0 ms) [StackGuard GC request] [GC in old space requested].
[5884]    23316 ms: Scavenge 33.3 (53.8) -> 25.8 (53.8) MB, 1.0 ms [Runtime::PerformGC].
[5884]    23330 ms: Scavenge 33.3 (53.8) -> 26.4 (53.8) MB, 0.0 ms [Runtime::PerformGC].
[5884]    23348 ms: Scavenge 34.4 (54.9) -> 27.0 (54.9) MB, 1.0 ms [Runtime::PerformGC].
[5884]    23362 ms: Scavenge 34.4 (54.9) -> 27.5 (54.9) MB, 1.0 ms [Runtime::PerformGC].
[5884]    23380 ms: Scavenge 35.6 (55.9) -> 28.1 (55.9) MB, 0.0 ms [Runtime::PerformGC].
[5884]    23395 ms: Scavenge 35.3 (55.9) -> 28.5 (55.9) MB, 1.0 ms [Runtime::PerformGC].
[5884]    23411 ms: Scavenge 36.8 (56.9) -> 29.1 (56.9) MB, 0.0 ms [Runtime::PerformGC].
[5884]    23426 ms: Scavenge 36.8 (56.9) -> 29.7 (56.9) MB, 1.0 ms [Runtime::PerformGC].
[5884]    23443 ms: Scavenge 37.9 (57.9) -> 30.2 (57.9) MB, 0.0 ms [Runtime::PerformGC].
[5884]    23457 ms: Scavenge 37.9 (57.9) -> 30.8 (57.9) MB, 0.0 ms [Runtime::PerformGC].
[5884]    23474 ms: Scavenge 38.9 (58.9) -> 31.4 (58.9) MB, 1.0 ms [Runtime::PerformGC].
[5884]    23488 ms: Scavenge 39.1 (58.9) -> 32.0 (58.9) MB, 0.0 ms [Runtime::PerformGC].
[5884]    23505 ms: Scavenge 40.1 (59.9) -> 32.5 (59.9) MB, 1.0 ms [Runtime::PerformGC].
[5884]    23520 ms: Scavenge 40.2 (59.9) -> 33.0 (59.9) MB, 1.0 ms [Runtime::PerformGC].
[5884]    23538 ms: Scavenge 41.3 (61.0) -> 33.7 (61.0) MB, 0.0 ms (+ 4.0 ms in 7 steps since last GC) [Runtime::PerformGC].
[5884]    23572 ms: Scavenge 41.5 (61.0) -> 34.2 (61.0) MB, 0.0 ms (+ 15.0 ms in 73 steps since last GC) [Runtime::PerformGC].
[5884]    23587 ms: Mark-sweep 38.3 (61.0) -> 24.5 (52.8) MB, 3.0 ms (+ 24.0 ms in 104 steps since start of marking, biggest step 1.0 ms) [StackGuard GC request] [GC in old space requested].
[5884]    23607 ms: Scavenge 33.3 (53.8) -> 25.8 (53.8) MB, 1.0 ms [Runtime::PerformGC].
[5884]    23621 ms: Scavenge 33.3 (53.8) -> 26.4 (53.8) MB, 1.0 ms [Runtime::PerformGC].
[5884]    23639 ms: Scavenge 34.4 (54.9) -> 27.0 (54.9) MB, 1.0 ms [Runtime::PerformGC].
[5884]    23653 ms: Scavenge 34.4 (54.9) -> 27.5 (54.9) MB, 1.0 ms [Runtime::PerformGC].
[5884]    23671 ms: Scavenge 35.6 (55.9) -> 28.1 (55.9) MB, 1.0 ms [Runtime::PerformGC].
[5884]    23685 ms: Scavenge 35.3 (55.9) -> 28.5 (55.9) MB, 0.0 ms [Runtime::PerformGC].
[5884]    23702 ms: Scavenge 36.8 (56.9) -> 29.1 (56.9) MB, 0.0 ms [Runtime::PerformGC].
[5884]    23717 ms: Scavenge 36.8 (56.9) -> 29.7 (56.9) MB, 1.0 ms [Runtime::PerformGC].
[5884]    23735 ms: Scavenge 37.9 (57.9) -> 30.2 (57.9) MB, 1.0 ms [Runtime::PerformGC].
[5884]    23750 ms: Scavenge 37.9 (57.9) -> 30.8 (57.9) MB, 1.0 ms [Runtime::PerformGC].
[5884]    23767 ms: Scavenge 38.9 (58.9) -> 31.4 (58.9) MB, 1.0 ms [Runtime::PerformGC].
[5884]    23781 ms: Scavenge 39.1 (58.9) -> 32.0 (58.9) MB, 0.0 ms [Runtime::PerformGC].
[5884]    23798 ms: Scavenge 40.1 (59.9) -> 32.5 (59.9) MB, 1.0 ms [Runtime::PerformGC].
[5884]    23813 ms: Scavenge 40.2 (59.9) -> 33.0 (59.9) MB, 1.0 ms [Runtime::PerformGC].
[5884]    23831 ms: Scavenge 41.3 (61.0) -> 33.7 (61.0) MB, 0.0 ms (+ 3.0 ms in 7 steps since last GC) [Runtime::PerformGC].
[5884]    23866 ms: Scavenge 41.5 (61.0) -> 34.2 (61.0) MB, 1.0 ms (+ 20.0 ms in 73 steps since last GC) [Runtime::PerformGC].
[5884]    23881 ms: Mark-sweep 38.3 (61.0) -> 24.5 (52.8) MB, 3.0 ms (+ 30.0 ms in 104 steps since start of marking, biggest step 1.0 ms) [StackGuard GC request] [GC in old space requested].
[5884]    23901 ms: Scavenge 33.3 (53.8) -> 25.8 (53.8) MB, 1.0 ms [Runtime::PerformGC].
[5884]    23915 ms: Scavenge 33.3 (53.8) -> 26.4 (53.8) MB, 1.0 ms [Runtime::PerformGC].
[5884]    23933 ms: Scavenge 34.4 (54.9) -> 27.0 (54.9) MB, 0.0 ms [Runtime::PerformGC].
[5884]    23948 ms: Scavenge 34.4 (54.9) -> 27.5 (54.9) MB, 1.0 ms [Runtime::PerformGC].
[5884]    23966 ms: Scavenge 35.6 (55.9) -> 28.1 (55.9) MB, 1.0 ms [Runtime::PerformGC].
[5884]    23980 ms: Scavenge 35.3 (55.9) -> 28.5 (55.9) MB, 1.0 ms [Runtime::PerformGC].
[5884]    23997 ms: Scavenge 36.8 (56.9) -> 29.1 (56.9) MB, 1.0 ms [Runtime::PerformGC].
[5884]    24011 ms: Scavenge 36.8 (56.9) -> 29.7 (56.9) MB, 0.0 ms [Runtime::PerformGC].
[5884]    24029 ms: Scavenge 37.9 (57.9) -> 30.2 (57.9) MB, 1.0 ms [Runtime::PerformGC].
[5884]    24043 ms: Scavenge 37.9 (57.9) -> 30.8 (57.9) MB, 0.0 ms [Runtime::PerformGC].
[5884]    24060 ms: Scavenge 38.9 (58.9) -> 31.4 (58.9) MB, 1.0 ms [Runtime::PerformGC].
[5884]    24074 ms: Scavenge 39.1 (58.9) -> 32.0 (58.9) MB, 0.0 ms [Runtime::PerformGC].
[5884]    24091 ms: Scavenge 40.1 (59.9) -> 32.5 (59.9) MB, 1.0 ms [Runtime::PerformGC].
[5884]    24106 ms: Scavenge 40.2 (59.9) -> 33.0 (59.9) MB, 0.0 ms [Runtime::PerformGC].
[5884]    24125 ms: Scavenge 41.3 (61.0) -> 33.7 (61.0) MB, 1.0 ms (+ 2.0 ms in 7 steps since last GC) [Runtime::PerformGC].
[5884]    24159 ms: Scavenge 41.5 (61.0) -> 34.2 (61.0) MB, 0.0 ms (+ 22.0 ms in 73 steps since last GC) [Runtime::PerformGC].
[5884]    24174 ms: Mark-sweep 38.3 (61.0) -> 24.5 (52.8) MB, 3.0 ms (+ 31.0 ms in 104 steps since start of marking, biggest step 1.0 ms) [StackGuard GC request] [GC in old space requested].
[5884]    24193 ms: Scavenge 33.3 (53.8) -> 25.8 (53.8) MB, 0.0 ms [Runtime::PerformGC].
[5884]    24208 ms: Scavenge 33.3 (53.8) -> 26.4 (53.8) MB, 1.0 ms [Runtime::PerformGC].
[5884]    24226 ms: Scavenge 34.4 (54.9) -> 27.0 (54.9) MB, 1.0 ms [Runtime::PerformGC].
[5884]    24240 ms: Scavenge 34.4 (54.9) -> 27.5 (54.9) MB, 1.0 ms [Runtime::PerformGC].
[5884]    24258 ms: Scavenge 35.6 (55.9) -> 28.1 (55.9) MB, 0.0 ms [Runtime::PerformGC].
[5884]    24273 ms: Scavenge 35.3 (55.9) -> 28.5 (55.9) MB, 1.0 ms [Runtime::PerformGC].
[5884]    24289 ms: Scavenge 36.8 (56.9) -> 29.1 (56.9) MB, 0.0 ms [Runtime::PerformGC].
[5884]    24304 ms: Scavenge 36.8 (56.9) -> 29.7 (56.9) MB, 1.0 ms [Runtime::PerformGC].
[5884]    24321 ms: Scavenge 37.9 (57.9) -> 30.2 (57.9) MB, 0.0 ms [Runtime::PerformGC].
[5884]    24336 ms: Scavenge 37.9 (57.9) -> 30.8 (57.9) MB, 1.0 ms [Runtime::PerformGC].
[5884]    24353 ms: Scavenge 38.9 (58.9) -> 31.4 (58.9) MB, 1.0 ms [Runtime::PerformGC].
[5884]    24367 ms: Scavenge 39.1 (58.9) -> 32.0 (58.9) MB, 1.0 ms [Runtime::PerformGC].
[5884]    24383 ms: Scavenge 40.1 (59.9) -> 32.5 (59.9) MB, 1.0 ms [Runtime::PerformGC].
[5884]    24398 ms: Scavenge 40.2 (59.9) -> 33.0 (59.9) MB, 0.0 ms [Runtime::PerformGC].
[5884]    24417 ms: Scavenge 41.3 (61.0) -> 33.7 (61.0) MB, 0.0 ms (+ 2.0 ms in 7 steps since last GC) [Runtime::PerformGC].
[5884]    24452 ms: Scavenge 41.5 (61.0) -> 34.2 (61.0) MB, 1.0 ms (+ 17.0 ms in 73 steps since last GC) [Runtime::PerformGC].
[5884]    24467 ms: Mark-sweep 38.3 (61.0) -> 24.5 (52.8) MB, 3.0 ms (+ 29.0 ms in 104 steps since start of marking, biggest step 2.0 ms) [StackGuard GC request] [GC in old space requested].
[5884]    24487 ms: Scavenge 33.3 (53.8) -> 25.8 (53.8) MB, 1.0 ms [Runtime::PerformGC].
[5884]    24501 ms: Scavenge 33.3 (53.8) -> 26.4 (53.8) MB, 0.0 ms [Runtime::PerformGC].
[marking 2596D939 <JS Function (SharedFunctionInfo 14717811)> for recompilation, reason: small function, ICs with typeinfo: 5/5 (100%)]
[optimizing 2596D939 <JS Function (SharedFunctionInfo 14717811)> - took 1.000, 0.000, 0.000 ms]
[5884]    24520 ms: Scavenge 34.4 (54.9) -> 27.0 (54.9) MB, 1.0 ms [Runtime::PerformGC].
[5884]    24534 ms: Scavenge 34.4 (54.9) -> 27.5 (54.9) MB, 1.0 ms [Runtime::PerformGC].
[5884]    24553 ms: Scavenge 35.6 (55.9) -> 28.1 (55.9) MB, 1.0 ms [Runtime::PerformGC].
[5884]    24567 ms: Scavenge 35.3 (55.9) -> 28.5 (55.9) MB, 1.0 ms [Runtime::PerformGC].
[5884]    24584 ms: Scavenge 36.8 (56.9) -> 29.1 (56.9) MB, 1.0 ms [Runtime::PerformGC].
[5884]    24599 ms: Scavenge 36.8 (56.9) -> 29.7 (56.9) MB, 1.0 ms [Runtime::PerformGC].
[5884]    24617 ms: Scavenge 37.9 (57.9) -> 30.2 (57.9) MB, 1.0 ms [Runtime::PerformGC].
[5884]    24631 ms: Scavenge 38.0 (57.9) -> 30.8 (57.9) MB, 0.0 ms [Runtime::PerformGC].
[5884]    24648 ms: Scavenge 38.9 (58.9) -> 31.4 (58.9) MB, 1.0 ms [Runtime::PerformGC].
[5884]    24662 ms: Scavenge 39.1 (58.9) -> 32.0 (58.9) MB, 0.0 ms [Runtime::PerformGC].
[5884]    24679 ms: Scavenge 40.1 (59.9) -> 32.5 (59.9) MB, 0.0 ms [Runtime::PerformGC].
[5884]    24694 ms: Scavenge 40.2 (59.9) -> 33.0 (59.9) MB, 1.0 ms [Runtime::PerformGC].
[5884]    24713 ms: Scavenge 41.3 (61.0) -> 33.7 (61.0) MB, 1.0 ms (+ 2.0 ms in 7 steps since last GC) [Runtime::PerformGC].
[5884]    24747 ms: Scavenge 41.5 (61.0) -> 34.2 (61.0) MB, 1.0 ms (+ 14.0 ms in 73 steps since last GC) [Runtime::PerformGC].
[5884]    24762 ms: Mark-sweep 38.3 (61.0) -> 24.5 (52.8) MB, 3.0 ms (+ 21.0 ms in 104 steps since start of marking, biggest step 1.0 ms) [StackGuard GC request] [GC in old space requested].
[5884]    24781 ms: Scavenge 33.2 (53.8) -> 25.8 (53.8) MB, 1.0 ms [Runtime::PerformGC].
[5884]    24795 ms: Scavenge 33.3 (53.8) -> 26.4 (53.8) MB, 1.0 ms [Runtime::PerformGC].
[5884]    24813 ms: Scavenge 34.4 (54.9) -> 27.0 (54.9) MB, 1.0 ms [Runtime::PerformGC].
[5884]    24827 ms: Scavenge 34.4 (54.9) -> 27.5 (54.9) MB, 1.0 ms [Runtime::PerformGC].
[5884]    24845 ms: Scavenge 35.6 (55.9) -> 28.1 (55.9) MB, 1.0 ms [Runtime::PerformGC].
[5884]    24859 ms: Scavenge 35.3 (55.9) -> 28.5 (55.9) MB, 1.0 ms [Runtime::PerformGC].
[5884]    24874 ms: Scavenge 36.8 (56.9) -> 29.1 (56.9) MB, 0.0 ms [Runtime::PerformGC].
[5884]    24889 ms: Scavenge 36.8 (56.9) -> 29.7 (56.9) MB, 1.0 ms [Runtime::PerformGC].
[5884]    24907 ms: Scavenge 37.9 (57.9) -> 30.2 (57.9) MB, 1.0 ms [Runtime::PerformGC].
[5884]    24921 ms: Scavenge 37.9 (57.9) -> 30.8 (57.9) MB, 0.0 ms [Runtime::PerformGC].
[5884]    24938 ms: Scavenge 38.9 (58.9) -> 31.4 (58.9) MB, 0.0 ms [Runtime::PerformGC].
[5884]    24953 ms: Scavenge 39.1 (58.9) -> 32.0 (58.9) MB, 1.0 ms [Runtime::PerformGC].
[5884]    24969 ms: Scavenge 40.1 (59.9) -> 32.5 (59.9) MB, 0.0 ms [Runtime::PerformGC].
[5884]    24984 ms: Scavenge 40.2 (59.9) -> 33.0 (59.9) MB, 0.0 ms [Runtime::PerformGC].
[5884]    25004 ms: Scavenge 41.3 (61.0) -> 33.7 (61.0) MB, 1.0 ms (+ 3.0 ms in 7 steps since last GC) [Runtime::PerformGC].
[5884]    25038 ms: Scavenge 41.5 (61.0) -> 34.2 (61.0) MB, 0.0 ms (+ 19.0 ms in 72 steps since last GC) [Runtime::PerformGC].
[5884]    25053 ms: Mark-sweep 38.3 (61.0) -> 24.5 (52.8) MB, 3.0 ms (+ 27.0 ms in 103 steps since start of marking, biggest step 1.0 ms) [StackGuard GC request] [GC in old space requested].
[5884]    25073 ms: Scavenge 33.2 (53.8) -> 25.8 (53.8) MB, 1.0 ms [Runtime::PerformGC].
[5884]    25087 ms: Scavenge 33.3 (53.8) -> 26.4 (53.8) MB, 1.0 ms [Runtime::PerformGC].
[5884]    25105 ms: Scavenge 34.4 (54.9) -> 27.0 (54.9) MB, 1.0 ms [Runtime::PerformGC].
[5884]    25119 ms: Scavenge 34.4 (54.9) -> 27.5 (54.9) MB, 0.0 ms [Runtime::PerformGC].
[5884]    25138 ms: Scavenge 35.6 (55.9) -> 28.1 (55.9) MB, 1.0 ms [Runtime::PerformGC].
[5884]    25152 ms: Scavenge 35.3 (55.9) -> 28.5 (55.9) MB, 0.0 ms [Runtime::PerformGC].
[5884]    25169 ms: Scavenge 36.8 (56.9) -> 29.1 (56.9) MB, 0.0 ms [Runtime::PerformGC].
[5884]    25184 ms: Scavenge 36.8 (56.9) -> 29.7 (56.9) MB, 1.0 ms [Runtime::PerformGC].
[5884]    25202 ms: Scavenge 37.9 (57.9) -> 30.2 (57.9) MB, 0.0 ms [Runtime::PerformGC].
[5884]    25217 ms: Scavenge 37.9 (57.9) -> 30.8 (57.9) MB, 1.0 ms [Runtime::PerformGC].
[5884]    25234 ms: Scavenge 38.9 (58.9) -> 31.4 (58.9) MB, 1.0 ms [Runtime::PerformGC].
[5884]    25248 ms: Scavenge 39.1 (58.9) -> 32.0 (58.9) MB, 0.0 ms [Runtime::PerformGC].
[5884]    25265 ms: Scavenge 40.1 (59.9) -> 32.5 (59.9) MB, 1.0 ms [Runtime::PerformGC].
[5884]    25280 ms: Scavenge 40.2 (59.9) -> 33.0 (59.9) MB, 1.0 ms [Runtime::PerformGC].
[5884]    25298 ms: Scavenge 41.3 (61.0) -> 33.7 (61.0) MB, 0.0 ms (+ 2.0 ms in 7 steps since last GC) [Runtime::PerformGC].
[5884]    25333 ms: Scavenge 41.5 (61.0) -> 34.2 (61.0) MB, 0.0 ms (+ 18.0 ms in 72 steps since last GC) [Runtime::PerformGC].
[5884]    25348 ms: Mark-sweep 38.3 (61.0) -> 24.5 (52.8) MB, 3.0 ms (+ 29.0 ms in 103 steps since start of marking, biggest step 2.0 ms) [StackGuard GC request] [GC in old space requested].
[5884]    25367 ms: Scavenge 33.2 (53.8) -> 25.8 (53.8) MB, 0.0 ms [Runtime::PerformGC].
[5884]    25381 ms: Scavenge 33.3 (53.8) -> 26.4 (53.8) MB, 0.0 ms [Runtime::PerformGC].
[5884]    25402 ms: Scavenge 34.4 (54.9) -> 27.0 (54.9) MB, 1.0 ms [Runtime::PerformGC].
[5884]    25417 ms: Scavenge 34.4 (54.9) -> 27.5 (54.9) MB, 1.0 ms [Runtime::PerformGC].
[5884]    25436 ms: Scavenge 35.6 (55.9) -> 28.1 (55.9) MB, 1.0 ms [Runtime::PerformGC].
[5884]    25450 ms: Scavenge 35.3 (55.9) -> 28.5 (55.9) MB, 1.0 ms [Runtime::PerformGC].
[5884]    25468 ms: Scavenge 36.8 (56.9) -> 29.2 (56.9) MB, 1.0 ms [Runtime::PerformGC].
[5884]    25482 ms: Scavenge 36.8 (56.9) -> 29.7 (56.9) MB, 0.0 ms [Runtime::PerformGC].
[5884]    25500 ms: Scavenge 37.9 (57.9) -> 30.2 (57.9) MB, 1.0 ms [Runtime::PerformGC].
[5884]    25514 ms: Scavenge 37.9 (57.9) -> 30.8 (57.9) MB, 1.0 ms [Runtime::PerformGC].
[5884]    25531 ms: Scavenge 38.9 (58.9) -> 31.4 (58.9) MB, 1.0 ms [Runtime::PerformGC].
[5884]    25545 ms: Scavenge 39.1 (58.9) -> 32.0 (58.9) MB, 0.0 ms [Runtime::PerformGC].
[5884]    25562 ms: Scavenge 40.1 (59.9) -> 32.5 (59.9) MB, 1.0 ms [Runtime::PerformGC].
[5884]    25577 ms: Scavenge 40.2 (59.9) -> 33.0 (59.9) MB, 1.0 ms [Runtime::PerformGC].
[5884]    25596 ms: Scavenge 41.3 (61.0) -> 33.7 (61.0) MB, 1.0 ms (+ 1.0 ms in 7 steps since last GC) [Runtime::PerformGC].
[5884]    25631 ms: Scavenge 41.5 (61.0) -> 34.2 (61.0) MB, 1.0 ms (+ 22.0 ms in 72 steps since last GC) [Runtime::PerformGC].
[5884]    25646 ms: Mark-sweep 38.2 (61.0) -> 24.4 (52.8) MB, 3.0 ms (+ 30.0 ms in 103 steps since start of marking, biggest step 1.0 ms) [StackGuard GC request] [GC in old space requested].
[5884]    25665 ms: Scavenge 33.1 (53.8) -> 25.7 (53.8) MB, 1.0 ms [Runtime::PerformGC].
[5884]    25680 ms: Scavenge 33.2 (53.8) -> 26.3 (53.8) MB, 1.0 ms [Runtime::PerformGC].
[5884]    25698 ms: Scavenge 34.3 (54.9) -> 26.9 (54.9) MB, 1.0 ms [Runtime::PerformGC].
[5884]    25712 ms: Scavenge 34.3 (54.9) -> 27.4 (54.9) MB, 1.0 ms [Runtime::PerformGC].
[5884]    25730 ms: Scavenge 35.5 (55.9) -> 28.0 (55.9) MB, 1.0 ms [Runtime::PerformGC].
[5884]    25745 ms: Scavenge 35.2 (55.9) -> 28.4 (55.9) MB, 1.0 ms [Runtime::PerformGC].
[5884]    25761 ms: Scavenge 36.7 (56.9) -> 29.1 (56.9) MB, 0.0 ms [Runtime::PerformGC].
[5884]    25776 ms: Scavenge 36.7 (56.9) -> 29.6 (56.9) MB, 1.0 ms [Runtime::PerformGC].
[5884]    25794 ms: Scavenge 37.8 (57.9) -> 30.1 (57.9) MB, 0.0 ms [Runtime::PerformGC].
[5884]    25808 ms: Scavenge 37.9 (57.9) -> 30.7 (57.9) MB, 0.0 ms [Runtime::PerformGC].
[5884]    25826 ms: Scavenge 38.8 (58.9) -> 31.3 (58.9) MB, 1.0 ms [Runtime::PerformGC].
[5884]    25841 ms: Scavenge 39.0 (58.9) -> 31.9 (58.9) MB, 1.0 ms [Runtime::PerformGC].
[5884]    25859 ms: Scavenge 40.0 (59.9) -> 32.5 (59.9) MB, 1.0 ms [Runtime::PerformGC].
[5884]    25874 ms: Scavenge 40.2 (59.9) -> 33.1 (59.9) MB, 1.0 ms [Runtime::PerformGC].
[5884]    25897 ms: Scavenge 41.2 (61.0) -> 33.6 (61.0) MB, 0.0 ms (+ 2.0 ms in 19 steps since last GC) [Runtime::PerformGC].
[5884]    25932 ms: Scavenge 41.4 (61.0) -> 34.3 (61.0) MB, 1.0 ms (+ 18.0 ms in 69 steps since last GC) [Runtime::PerformGC].
[5884]    25941 ms: Mark-sweep 36.3 (61.0) -> 24.3 (52.8) MB, 3.0 ms (+ 22.0 ms in 101 steps since start of marking, biggest step 1.0 ms) [StackGuard GC request] [GC in old space requested].
[5884]    25960 ms: Scavenge 33.0 (53.8) -> 25.6 (53.8) MB, 0.0 ms [Runtime::PerformGC].
[5884]    25975 ms: Scavenge 33.1 (53.8) -> 26.2 (53.8) MB, 1.0 ms [Runtime::PerformGC].
[5884]    25993 ms: Scavenge 34.2 (54.9) -> 26.8 (54.9) MB, 1.0 ms [Runtime::PerformGC].
[5884]    26007 ms: Scavenge 34.2 (54.9) -> 27.3 (54.9) MB, 0.0 ms [Runtime::PerformGC].
[5884]    26026 ms: Scavenge 35.4 (55.9) -> 27.9 (55.9) MB, 1.0 ms [Runtime::PerformGC].
[5884]    26041 ms: Scavenge 35.1 (55.9) -> 28.3 (55.9) MB, 1.0 ms [Runtime::PerformGC].
[5884]    26058 ms: Scavenge 36.6 (56.9) -> 29.0 (56.9) MB, 1.0 ms [Runtime::PerformGC].
[5884]    26073 ms: Scavenge 36.6 (56.9) -> 29.5 (56.9) MB, 1.0 ms [Runtime::PerformGC].
[5884]    26091 ms: Scavenge 37.8 (57.9) -> 30.0 (57.9) MB, 1.0 ms [Runtime::PerformGC].
[5884]    26106 ms: Scavenge 37.8 (57.9) -> 30.6 (57.9) MB, 1.0 ms [Runtime::PerformGC].
[5884]    26122 ms: Scavenge 38.8 (58.9) -> 31.2 (58.9) MB, 0.0 ms [Runtime::PerformGC].
[5884]    26137 ms: Scavenge 38.9 (58.9) -> 31.8 (58.9) MB, 1.0 ms [Runtime::PerformGC].
[5884]    26155 ms: Scavenge 39.9 (59.9) -> 32.4 (59.9) MB, 1.0 ms [Runtime::PerformGC].
[5884]    26170 ms: Scavenge 40.1 (59.9) -> 33.0 (59.9) MB, 1.0 ms [Runtime::PerformGC].
[5884]    26193 ms: Scavenge 41.1 (61.0) -> 33.5 (61.0) MB, 1.0 ms (+ 6.0 ms in 19 steps since last GC) [Runtime::PerformGC].
[5884]    26227 ms: Scavenge 41.3 (61.0) -> 34.2 (61.0) MB, 0.0 ms (+ 16.0 ms in 70 steps since last GC) [Runtime::PerformGC].
[5884]    26237 ms: Mark-sweep 36.2 (61.0) -> 24.3 (52.8) MB, 3.0 ms (+ 26.0 ms in 102 steps since start of marking, biggest step 1.0 ms) [StackGuard GC request] [GC in old space requested].
[5884]    26256 ms: Scavenge 33.0 (53.8) -> 25.6 (53.8) MB, 1.0 ms [Runtime::PerformGC].
[5884]    26270 ms: Scavenge 33.1 (53.8) -> 26.2 (53.8) MB, 0.0 ms [Runtime::PerformGC].
[5884]    26289 ms: Scavenge 34.2 (54.9) -> 26.8 (54.9) MB, 1.0 ms [Runtime::PerformGC].
[5884]    26303 ms: Scavenge 34.2 (54.9) -> 27.3 (54.9) MB, 1.0 ms [Runtime::PerformGC].
[5884]    26321 ms: Scavenge 35.4 (55.9) -> 27.9 (55.9) MB, 1.0 ms [Runtime::PerformGC].
[5884]    26335 ms: Scavenge 35.1 (55.9) -> 28.3 (55.9) MB, 1.0 ms [Runtime::PerformGC].
[5884]    26352 ms: Scavenge 36.6 (56.9) -> 29.0 (56.9) MB, 1.0 ms [Runtime::PerformGC].
[5884]    26366 ms: Scavenge 36.6 (56.9) -> 29.5 (56.9) MB, 1.0 ms [Runtime::PerformGC].
[5884]    26384 ms: Scavenge 37.8 (57.9) -> 30.0 (57.9) MB, 1.0 ms [Runtime::PerformGC].
[5884]    26400 ms: Scavenge 37.8 (57.9) -> 30.6 (57.9) MB, 1.0 ms [Runtime::PerformGC].
[5884]    26417 ms: Scavenge 38.8 (58.9) -> 31.2 (58.9) MB, 1.0 ms [Runtime::PerformGC].
[5884]    26432 ms: Scavenge 38.9 (58.9) -> 31.8 (58.9) MB, 1.0 ms [Runtime::PerformGC].
[5884]    26450 ms: Scavenge 39.9 (59.9) -> 32.4 (59.9) MB, 1.0 ms [Runtime::PerformGC].
[5884]    26465 ms: Scavenge 40.1 (59.9) -> 33.0 (59.9) MB, 1.0 ms [Runtime::PerformGC].
[5884]    26490 ms: Scavenge 41.1 (61.0) -> 33.5 (61.0) MB, 2.0 ms (+ 4.0 ms in 19 steps since last GC) [Runtime::PerformGC].
[5884]    26524 ms: Scavenge 41.3 (61.0) -> 34.2 (61.0) MB, 0.0 ms (+ 22.0 ms in 69 steps since last GC) [Runtime::PerformGC].
[5884]    26534 ms: Mark-sweep 36.2 (61.0) -> 24.3 (52.8) MB, 4.0 ms (+ 29.0 ms in 101 steps since start of marking, biggest step 1.0 ms) [StackGuard GC request] [GC in old space requested].
[5884]    26553 ms: Scavenge 33.0 (53.8) -> 25.6 (53.8) MB, 1.0 ms [Runtime::PerformGC].
[5884]    26567 ms: Scavenge 33.1 (53.8) -> 26.2 (53.8) MB, 1.0 ms [Runtime::PerformGC].
[5884]    26585 ms: Scavenge 34.2 (54.9) -> 26.8 (54.9) MB, 1.0 ms [Runtime::PerformGC].
[5884]    26599 ms: Scavenge 34.2 (54.9) -> 27.3 (54.9) MB, 0.0 ms [Runtime::PerformGC].
[5884]    26617 ms: Scavenge 35.4 (55.9) -> 27.9 (55.9) MB, 0.0 ms [Runtime::PerformGC].
[5884]    26632 ms: Scavenge 35.1 (55.9) -> 28.3 (55.9) MB, 0.0 ms [Runtime::PerformGC].
[5884]    26649 ms: Scavenge 36.6 (56.9) -> 29.0 (56.9) MB, 1.0 ms [Runtime::PerformGC].
[5884]    26663 ms: Scavenge 36.6 (56.9) -> 29.5 (56.9) MB, 0.0 ms [Runtime::PerformGC].
[5884]    26681 ms: Scavenge 37.8 (57.9) -> 30.0 (57.9) MB, 0.0 ms [Runtime::PerformGC].
[5884]    26696 ms: Scavenge 37.8 (57.9) -> 30.6 (57.9) MB, 0.0 ms [Runtime::PerformGC].
[5884]    26713 ms: Scavenge 38.8 (58.9) -> 31.2 (58.9) MB, 0.0 ms [Runtime::PerformGC].
[5884]    26728 ms: Scavenge 38.9 (58.9) -> 31.8 (58.9) MB, 0.0 ms [Runtime::PerformGC].
[5884]    26746 ms: Scavenge 39.9 (59.9) -> 32.4 (59.9) MB, 0.0 ms [Runtime::PerformGC].
[5884]    26761 ms: Scavenge 40.1 (59.9) -> 33.0 (59.9) MB, 1.0 ms [Runtime::PerformGC].
[5884]    26785 ms: Scavenge 41.1 (61.0) -> 33.5 (61.0) MB, 1.0 ms (+ 5.0 ms in 19 steps since last GC) [Runtime::PerformGC].
[5884]    26820 ms: Scavenge 41.3 (61.0) -> 34.2 (61.0) MB, 1.0 ms (+ 19.0 ms in 71 steps since last GC) [Runtime::PerformGC].
[5884]    26829 ms: Mark-sweep 36.2 (61.0) -> 24.3 (52.8) MB, 3.0 ms (+ 28.0 ms in 103 steps since start of marking, biggest step 1.0 ms) [StackGuard GC request] [GC in old space requested].
[5884]    26848 ms: Scavenge 33.0 (53.8) -> 25.6 (53.8) MB, 0.0 ms [Runtime::PerformGC].
[5884]    26863 ms: Scavenge 33.1 (53.8) -> 26.2 (53.8) MB, 1.0 ms [Runtime::PerformGC].
[5884]    26881 ms: Scavenge 34.2 (54.9) -> 26.8 (54.9) MB, 1.0 ms [Runtime::PerformGC].
[5884]    26895 ms: Scavenge 34.2 (54.9) -> 27.3 (54.9) MB, 0.0 ms [Runtime::PerformGC].
[5884]    26914 ms: Scavenge 35.4 (55.9) -> 27.9 (55.9) MB, 1.0 ms [Runtime::PerformGC].
[5884]    26929 ms: Scavenge 35.1 (55.9) -> 28.3 (55.9) MB, 1.0 ms [Runtime::PerformGC].
[5884]    26945 ms: Scavenge 36.6 (56.9) -> 29.0 (56.9) MB, 0.0 ms [Runtime::PerformGC].
[5884]    26960 ms: Scavenge 36.6 (56.9) -> 29.5 (56.9) MB, 0.0 ms [Runtime::PerformGC].
[5884]    26979 ms: Scavenge 37.8 (57.9) -> 30.0 (57.9) MB, 1.0 ms [Runtime::PerformGC].
[5884]    26994 ms: Scavenge 37.8 (57.9) -> 30.6 (57.9) MB, 1.0 ms [Runtime::PerformGC].
[5884]    27011 ms: Scavenge 38.8 (58.9) -> 31.2 (58.9) MB, 0.0 ms [Runtime::PerformGC].
[5884]    27026 ms: Scavenge 38.9 (58.9) -> 31.8 (58.9) MB, 0.0 ms [Runtime::PerformGC].
[5884]    27045 ms: Scavenge 39.9 (59.9) -> 32.4 (59.9) MB, 1.0 ms [Runtime::PerformGC].
[5884]    27060 ms: Scavenge 40.1 (59.9) -> 33.0 (59.9) MB, 1.0 ms [Runtime::PerformGC].
[5884]    27083 ms: Scavenge 41.1 (61.0) -> 33.5 (61.0) MB, 1.0 ms (+ 5.0 ms in 19 steps since last GC) [Runtime::PerformGC].
[marking 257BDD99 <JS Function (SharedFunctionInfo 14717811)> for recompilation, reason: small function, ICs with typeinfo: 5/5 (100%)]
[5884]    27118 ms: Scavenge 41.3 (61.0) -> 34.2 (61.0) MB, 1.0 ms (+ 17.0 ms in 70 steps since last GC) [Runtime::PerformGC].
[5884]    27127 ms: Mark-sweep 36.2 (61.0) -> 24.3 (52.8) MB, 3.0 ms (+ 23.0 ms in 102 steps since start of marking, biggest step 1.0 ms) [StackGuard GC request] [GC in old space requested].
[5884]    27146 ms: Scavenge 33.0 (53.8) -> 25.6 (53.8) MB, 0.0 ms [Runtime::PerformGC].
[5884]    27161 ms: Scavenge 33.1 (53.8) -> 26.2 (53.8) MB, 1.0 ms [Runtime::PerformGC].
[5884]    27179 ms: Scavenge 34.2 (54.9) -> 26.8 (54.9) MB, 1.0 ms [Runtime::PerformGC].
[5884]    27193 ms: Scavenge 34.2 (54.9) -> 27.3 (54.9) MB, 1.0 ms [Runtime::PerformGC].
[5884]    27212 ms: Scavenge 35.4 (55.9) -> 27.9 (55.9) MB, 1.0 ms [Runtime::PerformGC].
[5884]    27226 ms: Scavenge 35.1 (55.9) -> 28.3 (55.9) MB, 0.0 ms [Runtime::PerformGC].
[5884]    27244 ms: Scavenge 36.6 (56.9) -> 29.0 (56.9) MB, 1.0 ms [Runtime::PerformGC].
[5884]    27259 ms: Scavenge 36.6 (56.9) -> 29.5 (56.9) MB, 1.0 ms [Runtime::PerformGC].
[5884]    27277 ms: Scavenge 37.8 (57.9) -> 30.1 (57.9) MB, 1.0 ms [Runtime::PerformGC].
[5884]    27291 ms: Scavenge 37.8 (57.9) -> 30.6 (57.9) MB, 0.0 ms [Runtime::PerformGC].
[5884]    27309 ms: Scavenge 38.9 (58.9) -> 31.2 (58.9) MB, 0.0 ms [Runtime::PerformGC].
[5884]    27325 ms: Scavenge 38.9 (58.9) -> 31.8 (58.9) MB, 1.0 ms [Runtime::PerformGC].
[5884]    27342 ms: Scavenge 39.9 (59.9) -> 32.4 (59.9) MB, 0.0 ms [Runtime::PerformGC].
[5884]    27358 ms: Scavenge 40.1 (59.9) -> 33.0 (59.9) MB, 1.0 ms [Runtime::PerformGC].
[5884]    27381 ms: Scavenge 41.1 (61.0) -> 33.5 (61.0) MB, 0.0 ms (+ 1.0 ms in 19 steps since last GC) [Runtime::PerformGC].
[5884]    27416 ms: Scavenge 41.3 (61.0) -> 34.2 (61.0) MB, 1.0 ms (+ 10.0 ms in 71 steps since last GC) [Runtime::PerformGC].
[5884]    27425 ms: Mark-sweep 36.2 (61.0) -> 24.2 (52.8) MB, 3.0 ms (+ 15.0 ms in 103 steps since start of marking, biggest step 1.0 ms) [StackGuard GC request] [GC in old space requested].
[5884]    27445 ms: Scavenge 33.0 (53.8) -> 25.5 (53.8) MB, 1.0 ms [Runtime::PerformGC].
[5884]    27459 ms: Scavenge 33.0 (53.8) -> 26.1 (53.8) MB, 1.0 ms [Runtime::PerformGC].
[5884]    27477 ms: Scavenge 34.1 (54.9) -> 26.7 (54.9) MB, 1.0 ms [Runtime::PerformGC].
[5884]    27491 ms: Scavenge 34.1 (54.9) -> 27.2 (54.9) MB, 1.0 ms [Runtime::PerformGC].
[5884]    27509 ms: Scavenge 35.3 (55.9) -> 27.8 (55.9) MB, 1.0 ms [Runtime::PerformGC].
[5884]    27524 ms: Scavenge 35.3 (55.9) -> 28.4 (55.9) MB, 1.0 ms [Runtime::PerformGC].
[5884]    27542 ms: Scavenge 36.5 (56.9) -> 29.0 (56.9) MB, 1.0 ms [Runtime::PerformGC].
[5884]    27557 ms: Scavenge 36.2 (56.9) -> 29.4 (56.9) MB, 1.0 ms [Runtime::PerformGC].
[5884]    27573 ms: Scavenge 37.7 (57.9) -> 30.1 (57.9) MB, 1.0 ms [Runtime::PerformGC].
[5884]    27588 ms: Scavenge 37.7 (57.9) -> 30.5 (57.9) MB, 1.0 ms [Runtime::PerformGC].
[5884]    27607 ms: Scavenge 38.8 (58.9) -> 31.2 (58.9) MB, 1.0 ms [Runtime::PerformGC].
[5884]    27621 ms: Scavenge 38.8 (58.9) -> 31.7 (58.9) MB, 0.0 ms [Runtime::PerformGC].
[5884]    27640 ms: Scavenge 39.9 (59.9) -> 32.3 (59.9) MB, 1.0 ms [Runtime::PerformGC].
[5884]    27655 ms: Scavenge 40.0 (59.9) -> 32.9 (59.9) MB, 1.0 ms [Runtime::PerformGC].
[5884]    27677 ms: Scavenge 41.0 (61.0) -> 33.4 (61.0) MB, 1.0 ms (+ 2.0 ms in 19 steps since last GC) [Runtime::PerformGC].
[5884]    27712 ms: Scavenge 41.2 (61.0) -> 34.1 (61.0) MB, 1.0 ms (+ 17.0 ms in 72 steps since last GC) [Runtime::PerformGC].
[5884]    27720 ms: Mark-sweep 36.1 (61.0) -> 24.2 (52.8) MB, 3.0 ms (+ 21.0 ms in 104 steps since start of marking, biggest step 1.0 ms) [StackGuard GC request] [GC in old space requested].
[5884]    27739 ms: Scavenge 33.0 (53.8) -> 25.5 (53.8) MB, 0.0 ms [Runtime::PerformGC].
[5884]    27754 ms: Scavenge 33.0 (53.8) -> 26.1 (53.8) MB, 1.0 ms [Runtime::PerformGC].
[5884]    27772 ms: Scavenge 34.1 (54.9) -> 26.7 (54.9) MB, 1.0 ms [Runtime::PerformGC].
[5884]    27786 ms: Scavenge 34.1 (54.9) -> 27.2 (54.9) MB, 1.0 ms [Runtime::PerformGC].
[5884]    27805 ms: Scavenge 35.3 (55.9) -> 27.8 (55.9) MB, 1.0 ms [Runtime::PerformGC].
[5884]    27819 ms: Scavenge 35.3 (55.9) -> 28.4 (55.9) MB, 0.0 ms [Runtime::PerformGC].
[5884]    27838 ms: Scavenge 36.5 (56.9) -> 29.0 (56.9) MB, 1.0 ms [Runtime::PerformGC].
[5884]    27852 ms: Scavenge 36.2 (56.9) -> 29.4 (56.9) MB, 1.0 ms [Runtime::PerformGC].
[5884]    27869 ms: Scavenge 37.7 (57.9) -> 30.1 (57.9) MB, 1.0 ms [Runtime::PerformGC].
[5884]    27884 ms: Scavenge 37.7 (57.9) -> 30.5 (57.9) MB, 1.0 ms [Runtime::PerformGC].
[5884]    27902 ms: Scavenge 38.8 (58.9) -> 31.2 (58.9) MB, 1.0 ms [Runtime::PerformGC].
[5884]    27916 ms: Scavenge 38.8 (58.9) -> 31.7 (58.9) MB, 0.0 ms [Runtime::PerformGC].
[5884]    27934 ms: Scavenge 39.9 (59.9) -> 32.3 (59.9) MB, 0.0 ms [Runtime::PerformGC].
[5884]    27949 ms: Scavenge 40.0 (59.9) -> 32.9 (59.9) MB, 1.0 ms [Runtime::PerformGC].
[5884]    27972 ms: Scavenge 41.0 (61.0) -> 33.4 (61.0) MB, 1.0 ms (+ 8.0 ms in 19 steps since last GC) [Runtime::PerformGC].
[5884]    28006 ms: Scavenge 41.2 (61.0) -> 34.1 (61.0) MB, 1.0 ms (+ 21.0 ms in 71 steps since last GC) [Runtime::PerformGC].
[5884]    28015 ms: Mark-sweep 36.1 (61.0) -> 24.2 (52.8) MB, 3.0 ms (+ 30.0 ms in 103 steps since start of marking, biggest step 1.0 ms) [StackGuard GC request] [GC in old space requested].
[5884]    28034 ms: Scavenge 33.0 (53.8) -> 25.5 (53.8) MB, 1.0 ms [Runtime::PerformGC].
[5884]    28048 ms: Scavenge 33.0 (53.8) -> 26.1 (53.8) MB, 1.0 ms [Runtime::PerformGC].
[5884]    28066 ms: Scavenge 34.1 (54.9) -> 26.7 (54.9) MB, 1.0 ms [Runtime::PerformGC].
[5884]    28080 ms: Scavenge 34.1 (54.9) -> 27.2 (54.9) MB, 1.0 ms [Runtime::PerformGC].
[5884]    28098 ms: Scavenge 35.3 (55.9) -> 27.8 (55.9) MB, 1.0 ms [Runtime::PerformGC].
[5884]    28112 ms: Scavenge 35.3 (55.9) -> 28.4 (55.9) MB, 1.0 ms [Runtime::PerformGC].
[5884]    28130 ms: Scavenge 36.5 (56.9) -> 29.0 (56.9) MB, 1.0 ms [Runtime::PerformGC].
[5884]    28145 ms: Scavenge 36.2 (56.9) -> 29.4 (56.9) MB, 1.0 ms [Runtime::PerformGC].
[5884]    28161 ms: Scavenge 37.7 (57.9) -> 30.1 (57.9) MB, 1.0 ms [Runtime::PerformGC].
[5884]    28176 ms: Scavenge 37.7 (57.9) -> 30.5 (57.9) MB, 1.0 ms [Runtime::PerformGC].
[5884]    28193 ms: Scavenge 38.8 (58.9) -> 31.2 (58.9) MB, 1.0 ms [Runtime::PerformGC].
[5884]    28207 ms: Scavenge 38.8 (58.9) -> 31.7 (58.9) MB, 0.0 ms [Runtime::PerformGC].
[5884]    28225 ms: Scavenge 39.9 (59.9) -> 32.3 (59.9) MB, 1.0 ms [Runtime::PerformGC].
[5884]    28240 ms: Scavenge 40.0 (59.9) -> 32.9 (59.9) MB, 1.0 ms [Runtime::PerformGC].
[5884]    28261 ms: Scavenge 41.0 (61.0) -> 33.4 (61.0) MB, 0.0 ms (+ 6.0 ms in 19 steps since last GC) [Runtime::PerformGC].
[5884]    28295 ms: Scavenge 41.2 (61.0) -> 34.1 (61.0) MB, 0.0 ms (+ 18.0 ms in 71 steps since last GC) [Runtime::PerformGC].
[5884]    28304 ms: Mark-sweep 36.1 (61.0) -> 24.2 (52.8) MB, 3.0 ms (+ 26.0 ms in 103 steps since start of marking, biggest step 1.0 ms) [StackGuard GC request] [GC in old space requested].
[5884]    28323 ms: Scavenge 33.0 (53.8) -> 25.5 (53.8) MB, 1.0 ms [Runtime::PerformGC].
[5884]    28337 ms: Scavenge 33.0 (53.8) -> 26.1 (53.8) MB, 0.0 ms [Runtime::PerformGC].
[5884]    28356 ms: Scavenge 34.1 (54.9) -> 26.7 (54.9) MB, 1.0 ms [Runtime::PerformGC].
[5884]    28371 ms: Scavenge 34.1 (54.9) -> 27.2 (54.9) MB, 1.0 ms [Runtime::PerformGC].
[5884]    28389 ms: Scavenge 35.3 (55.9) -> 27.8 (55.9) MB, 0.0 ms [Runtime::PerformGC].
[5884]    28404 ms: Scavenge 35.3 (55.9) -> 28.4 (55.9) MB, 1.0 ms [Runtime::PerformGC].
[5884]    28422 ms: Scavenge 36.5 (56.9) -> 29.0 (56.9) MB, 1.0 ms [Runtime::PerformGC].
[5884]    28436 ms: Scavenge 36.2 (56.9) -> 29.4 (56.9) MB, 0.0 ms [Runtime::PerformGC].
[5884]    28453 ms: Scavenge 37.7 (57.9) -> 30.1 (57.9) MB, 1.0 ms [Runtime::PerformGC].
[5884]    28468 ms: Scavenge 37.7 (57.9) -> 30.5 (57.9) MB, 1.0 ms [Runtime::PerformGC].
[5884]    28485 ms: Scavenge 38.8 (58.9) -> 31.2 (58.9) MB, 0.0 ms [Runtime::PerformGC].
[5884]    28500 ms: Scavenge 38.8 (58.9) -> 31.7 (58.9) MB, 1.0 ms [Runtime::PerformGC].
[5884]    28518 ms: Scavenge 39.9 (59.9) -> 32.3 (59.9) MB, 1.0 ms [Runtime::PerformGC].
[5884]    28533 ms: Scavenge 40.0 (59.9) -> 32.9 (59.9) MB, 1.0 ms [Runtime::PerformGC].
[5884]    28555 ms: Scavenge 41.0 (61.0) -> 33.4 (61.0) MB, 1.0 ms (+ 4.0 ms in 19 steps since last GC) [Runtime::PerformGC].
[5884]    28591 ms: Scavenge 41.2 (61.0) -> 34.1 (61.0) MB, 1.0 ms (+ 18.0 ms in 71 steps since last GC) [Runtime::PerformGC].
[5884]    28601 ms: Mark-sweep 36.1 (61.0) -> 24.2 (52.8) MB, 3.0 ms (+ 25.0 ms in 103 steps since start of marking, biggest step 1.0 ms) [StackGuard GC request] [GC in old space requested].
[5884]    28621 ms: Scavenge 33.0 (53.8) -> 25.5 (53.8) MB, 1.0 ms [Runtime::PerformGC].
[5884]    28636 ms: Scavenge 33.0 (53.8) -> 26.1 (53.8) MB, 1.0 ms [Runtime::PerformGC].
[5884]    28654 ms: Scavenge 34.1 (54.9) -> 26.7 (54.9) MB, 1.0 ms [Runtime::PerformGC].
[5884]    28669 ms: Scavenge 34.1 (54.9) -> 27.2 (54.9) MB, 1.0 ms [Runtime::PerformGC].
[5884]    28687 ms: Scavenge 35.3 (55.9) -> 27.8 (55.9) MB, 1.0 ms [Runtime::PerformGC].
[5884]    28702 ms: Scavenge 35.3 (55.9) -> 28.4 (55.9) MB, 1.0 ms [Runtime::PerformGC].
[5884]    28720 ms: Scavenge 36.5 (56.9) -> 29.0 (56.9) MB, 1.0 ms [Runtime::PerformGC].
[5884]    28735 ms: Scavenge 36.2 (56.9) -> 29.4 (56.9) MB, 1.0 ms [Runtime::PerformGC].
[5884]    28751 ms: Scavenge 37.7 (57.9) -> 30.1 (57.9) MB, 0.0 ms [Runtime::PerformGC].
[5884]    28766 ms: Scavenge 37.7 (57.9) -> 30.5 (57.9) MB, 0.0 ms [Runtime::PerformGC].
[5884]    28784 ms: Scavenge 38.8 (58.9) -> 31.2 (58.9) MB, 1.0 ms [Runtime::PerformGC].
[5884]    28799 ms: Scavenge 38.8 (58.9) -> 31.7 (58.9) MB, 1.0 ms [Runtime::PerformGC].
[5884]    28816 ms: Scavenge 39.9 (59.9) -> 32.3 (59.9) MB, 0.0 ms [Runtime::PerformGC].
[5884]    28831 ms: Scavenge 40.0 (59.9) -> 32.9 (59.9) MB, 1.0 ms [Runtime::PerformGC].
[5884]    28853 ms: Scavenge 41.0 (61.0) -> 33.4 (61.0) MB, 1.0 ms (+ 5.0 ms in 19 steps since last GC) [Runtime::PerformGC].
[5884]    28889 ms: Scavenge 41.2 (61.0) -> 34.1 (61.0) MB, 1.0 ms (+ 27.0 ms in 71 steps since last GC) [Runtime::PerformGC].
[5884]    28899 ms: Mark-sweep 36.1 (61.0) -> 24.2 (52.8) MB, 3.0 ms (+ 34.0 ms in 103 steps since start of marking, biggest step 1.0 ms) [StackGuard GC request] [GC in old space requested].
[5884]    28919 ms: Scavenge 33.0 (53.8) -> 25.5 (53.8) MB, 1.0 ms [Runtime::PerformGC].
[5884]    28934 ms: Scavenge 33.0 (53.8) -> 26.1 (53.8) MB, 1.0 ms [Runtime::PerformGC].
[5884]    28953 ms: Scavenge 34.1 (54.9) -> 26.7 (54.9) MB, 1.0 ms [Runtime::PerformGC].
[5884]    28969 ms: Scavenge 34.1 (54.9) -> 27.2 (54.9) MB, 2.0 ms [Runtime::PerformGC].
[5884]    28987 ms: Scavenge 35.3 (55.9) -> 27.8 (55.9) MB, 0.0 ms [Runtime::PerformGC].
[5884]    29005 ms: Scavenge 35.3 (55.9) -> 28.4 (55.9) MB, 1.0 ms [Runtime::PerformGC].
[5884]    29027 ms: Scavenge 36.5 (56.9) -> 29.0 (56.9) MB, 1.0 ms [Runtime::PerformGC].
[5884]    29042 ms: Scavenge 36.2 (56.9) -> 29.4 (56.9) MB, 0.0 ms [Runtime::PerformGC].
[5884]    29059 ms: Scavenge 37.7 (57.9) -> 30.1 (57.9) MB, 1.0 ms [Runtime::PerformGC].
[5884]    29074 ms: Scavenge 37.7 (57.9) -> 30.5 (57.9) MB, 0.0 ms [Runtime::PerformGC].
[5884]    29092 ms: Scavenge 38.8 (58.9) -> 31.3 (58.9) MB, 1.0 ms [Runtime::PerformGC].
[5884]    29107 ms: Scavenge 38.8 (58.9) -> 31.7 (58.9) MB, 1.0 ms [Runtime::PerformGC].
[5884]    29125 ms: Scavenge 40.0 (59.9) -> 32.4 (59.9) MB, 0.0 ms [Runtime::PerformGC].
[5884]    29141 ms: Scavenge 40.0 (59.9) -> 32.9 (59.9) MB, 1.0 ms [Runtime::PerformGC].
[5884]    29186 ms: Scavenge 41.1 (61.0) -> 33.5 (61.0) MB, 1.0 ms (+ 25.0 ms in 69 steps since last GC) [Runtime::PerformGC].
[5884]    29200 ms: Mark-sweep 35.1 (61.0) -> 23.6 (49.8) MB, 7.0 ms (+ 28.0 ms in 85 steps since start of marking, biggest step 1.0 ms) [StackGuard GC request] [GC in old space requested].
[5884]    29213 ms: Scavenge 31.3 (49.8) -> 24.2 (49.8) MB, 0.0 ms [Runtime::PerformGC].
[5884]    29232 ms: Scavenge 32.3 (50.8) -> 24.8 (50.8) MB, 1.0 ms [Runtime::PerformGC].
[5884]    29246 ms: Scavenge 32.3 (50.8) -> 25.4 (50.8) MB, 1.0 ms [Runtime::PerformGC].
[5884]    29264 ms: Scavenge 33.5 (51.9) -> 26.0 (51.9) MB, 0.0 ms [Runtime::PerformGC].
[5884]    29279 ms: Scavenge 33.5 (51.9) -> 26.6 (51.9) MB, 1.0 ms [Runtime::PerformGC].
[5884]    29297 ms: Scavenge 34.6 (52.9) -> 27.2 (52.9) MB, 1.0 ms [Runtime::PerformGC].
[5884]    29311 ms: Scavenge 34.6 (52.9) -> 27.7 (52.9) MB, 1.0 ms [Runtime::PerformGC].
[5884]    29329 ms: Scavenge 35.8 (53.9) -> 28.4 (53.9) MB, 0.0 ms [Runtime::PerformGC].
[5884]    29344 ms: Scavenge 35.8 (53.9) -> 28.9 (53.9) MB, 1.0 ms [Runtime::PerformGC].
[5884]    29362 ms: Scavenge 37.0 (54.9) -> 29.5 (54.9) MB, 1.0 ms [Runtime::PerformGC].
[5884]    29376 ms: Scavenge 37.0 (54.9) -> 30.1 (54.9) MB, 0.0 ms [Runtime::PerformGC].
[5884]    29395 ms: Scavenge 38.2 (55.9) -> 30.7 (55.9) MB, 1.0 ms [Runtime::PerformGC].
[5884]    29409 ms: Scavenge 38.2 (55.9) -> 31.3 (55.9) MB, 1.0 ms [Runtime::PerformGC].
[5884]    29438 ms: Scavenge 39.3 (56.9) -> 31.9 (56.9) MB, 1.0 ms (+ 6.0 ms in 38 steps since last GC) [Runtime::PerformGC].
[5884]    29469 ms: Scavenge 39.1 (56.9) -> 32.2 (56.9) MB, 1.0 ms (+ 18.0 ms in 59 steps since last GC) [Runtime::PerformGC].
[5884]    29471 ms: Mark-sweep 33.4 (56.9) -> 24.0 (49.8) MB, 2.0 ms (+ 24.0 ms in 98 steps since start of marking, biggest step 0.0 ms) [StackGuard GC request] [GC in old space requested].
[5884]    29490 ms: Scavenge 32.8 (50.8) -> 25.3 (50.8) MB, 0.0 ms [Runtime::PerformGC].
[5884]    29505 ms: Scavenge 32.8 (50.8) -> 25.9 (50.8) MB, 1.0 ms [Runtime::PerformGC].
[5884]    29523 ms: Scavenge 33.9 (51.9) -> 26.5 (51.9) MB, 1.0 ms [Runtime::PerformGC].
[5884]    29537 ms: Scavenge 33.9 (51.9) -> 27.0 (51.9) MB, 1.0 ms [Runtime::PerformGC].
[marking 25146C8D <JS Function (SharedFunctionInfo 14717811)> for recompilation, reason: small function, ICs with typeinfo: 5/5 (100%)]
[optimizing 25146C8D <JS Function (SharedFunctionInfo 14717811)> - took 1.000, 0.000, 0.000 ms]
[5884]    29555 ms: Scavenge 35.1 (52.9) -> 27.7 (52.9) MB, 1.0 ms [Runtime::PerformGC].
[5884]    29569 ms: Scavenge 35.1 (52.9) -> 28.2 (52.9) MB, 0.0 ms [Runtime::PerformGC].
[5884]    29588 ms: Scavenge 36.3 (53.9) -> 28.8 (53.9) MB, 1.0 ms [Runtime::PerformGC].
[5884]    29602 ms: Scavenge 36.3 (53.9) -> 29.4 (53.9) MB, 1.0 ms [Runtime::PerformGC].
[5884]    29621 ms: Scavenge 37.5 (54.9) -> 30.0 (54.9) MB, 1.0 ms [Runtime::PerformGC].
[5884]    29636 ms: Scavenge 37.5 (54.9) -> 30.6 (54.9) MB, 1.0 ms [Runtime::PerformGC].
[5884]    29655 ms: Scavenge 38.6 (55.9) -> 31.2 (55.9) MB, 1.0 ms [Runtime::PerformGC].
[5884]    29669 ms: Scavenge 38.6 (55.9) -> 31.7 (55.9) MB, 0.0 ms [Runtime::PerformGC].
[5884]    29698 ms: Scavenge 39.8 (56.9) -> 32.3 (56.9) MB, 1.0 ms (+ 14.0 ms in 41 steps since last GC) [Runtime::PerformGC].
[5884]    29731 ms: Mark-sweep 39.6 (56.9) -> 24.0 (49.8) MB, 3.0 ms (+ 27.0 ms in 100 steps since start of marking, biggest step 1.0 ms) [StackGuard GC request] [GC in old space requested].
[5884]    29750 ms: Scavenge 32.8 (50.8) -> 25.3 (50.8) MB, 1.0 ms [Runtime::PerformGC].
[5884]    29764 ms: Scavenge 32.8 (50.8) -> 25.9 (50.8) MB, 1.0 ms [Runtime::PerformGC].
[5884]    29782 ms: Scavenge 33.9 (51.9) -> 26.5 (51.9) MB, 1.0 ms [Runtime::PerformGC].
[5884]    29796 ms: Scavenge 33.9 (51.9) -> 27.0 (51.9) MB, 1.0 ms [Runtime::PerformGC].
[5884]    29814 ms: Scavenge 35.1 (52.9) -> 27.7 (52.9) MB, 1.0 ms [Runtime::PerformGC].
[5884]    29828 ms: Scavenge 35.1 (52.9) -> 28.2 (52.9) MB, 0.0 ms [Runtime::PerformGC].
[5884]    29847 ms: Scavenge 36.3 (53.9) -> 28.8 (53.9) MB, 1.0 ms [Runtime::PerformGC].
[5884]    29861 ms: Scavenge 36.3 (53.9) -> 29.4 (53.9) MB, 1.0 ms [Runtime::PerformGC].
[5884]    29879 ms: Scavenge 37.5 (54.9) -> 30.0 (54.9) MB, 1.0 ms [Runtime::PerformGC].
[5884]    29893 ms: Scavenge 37.5 (54.9) -> 30.6 (54.9) MB, 1.0 ms [Runtime::PerformGC].
[5884]    29911 ms: Scavenge 38.6 (55.9) -> 31.2 (55.9) MB, 1.0 ms [Runtime::PerformGC].
[5884]    29926 ms: Scavenge 38.6 (55.9) -> 31.7 (55.9) MB, 1.0 ms [Runtime::PerformGC].
[5884]    29956 ms: Scavenge 39.8 (56.9) -> 32.3 (56.9) MB, 1.0 ms (+ 9.0 ms in 41 steps since last GC) [Runtime::PerformGC].
[5884]    29988 ms: Scavenge 39.5 (56.9) -> 32.7 (56.9) MB, 1.0 ms (+ 10.0 ms in 60 steps since last GC) [Runtime::PerformGC].
[5884]    29990 ms: Mark-sweep 33.9 (56.9) -> 24.1 (49.8) MB, 2.0 ms (+ 19.0 ms in 102 steps since start of marking, biggest step 0.0 ms) [StackGuard GC request] [GC in old space requested].
[5884]    30009 ms: Scavenge 32.9 (50.8) -> 25.4 (50.8) MB, 1.0 ms [Runtime::PerformGC].
[5884]    30023 ms: Scavenge 32.9 (50.8) -> 26.0 (50.8) MB, 0.0 ms [Runtime::PerformGC].
[5884]    30042 ms: Scavenge 34.0 (51.9) -> 26.6 (51.9) MB, 1.0 ms [Runtime::PerformGC].
[5884]    30056 ms: Scavenge 34.0 (51.9) -> 27.1 (51.9) MB, 1.0 ms [Runtime::PerformGC].
[5884]    30074 ms: Scavenge 35.2 (52.9) -> 27.7 (52.9) MB, 1.0 ms [Runtime::PerformGC].
[5884]    30088 ms: Scavenge 35.2 (52.9) -> 28.3 (52.9) MB, 1.0 ms [Runtime::PerformGC].
[5884]    30106 ms: Scavenge 36.4 (53.9) -> 28.9 (53.9) MB, 1.0 ms [Runtime::PerformGC].
[5884]    30121 ms: Scavenge 36.4 (53.9) -> 29.5 (53.9) MB, 1.0 ms [Runtime::PerformGC].
[5884]    30139 ms: Scavenge 37.6 (54.9) -> 30.1 (54.9) MB, 1.0 ms [Runtime::PerformGC].
[5884]    30153 ms: Scavenge 37.6 (54.9) -> 30.7 (54.9) MB, 1.0 ms [Runtime::PerformGC].
[5884]    30171 ms: Scavenge 38.7 (55.9) -> 31.3 (55.9) MB, 1.0 ms [Runtime::PerformGC].
[5884]    30185 ms: Scavenge 38.7 (55.9) -> 31.8 (55.9) MB, 1.0 ms [Runtime::PerformGC].
[5884]    30203 ms: Scavenge 39.9 (56.9) -> 32.4 (56.9) MB, 1.0 ms [Runtime::PerformGC].
[5884]    30218 ms: Scavenge 39.9 (56.9) -> 33.0 (56.9) MB, 1.0 ms [Runtime::PerformGC].
[5884]    30263 ms: Scavenge 41.1 (58.0) -> 33.6 (58.0) MB, 1.0 ms (+ 24.0 ms in 73 steps since last GC) [Runtime::PerformGC].
[5884]    30271 ms: Mark-sweep 34.8 (58.0) -> 23.7 (49.8) MB, 3.0 ms (+ 27.0 ms in 85 steps since start of marking, biggest step 1.0 ms) [StackGuard GC request] [GC in old space requested].
[5884]    30286 ms: Scavenge 31.5 (49.8) -> 24.4 (49.8) MB, 1.0 ms [Runtime::PerformGC].
[5884]    30305 ms: Scavenge 32.4 (50.8) -> 25.0 (50.8) MB, 1.0 ms [Runtime::PerformGC].
[5884]    30320 ms: Scavenge 32.4 (50.8) -> 25.5 (50.8) MB, 1.0 ms [Runtime::PerformGC].
[5884]    30338 ms: Scavenge 33.6 (51.9) -> 26.2 (51.9) MB, 1.0 ms [Runtime::PerformGC].
[5884]    30353 ms: Scavenge 33.6 (51.9) -> 26.7 (51.9) MB, 1.0 ms [Runtime::PerformGC].
[5884]    30370 ms: Scavenge 34.8 (52.9) -> 27.4 (52.9) MB, 0.0 ms [Runtime::PerformGC].
[5884]    30385 ms: Scavenge 34.8 (52.9) -> 27.9 (52.9) MB, 1.0 ms [Runtime::PerformGC].
[5884]    30403 ms: Scavenge 36.0 (53.9) -> 28.5 (53.9) MB, 1.0 ms [Runtime::PerformGC].
[5884]    30416 ms: Scavenge 36.0 (53.9) -> 29.1 (53.9) MB, 0.0 ms [Runtime::PerformGC].
[5884]    30434 ms: Scavenge 37.1 (54.9) -> 29.7 (54.9) MB, 0.0 ms [Runtime::PerformGC].
[5884]    30448 ms: Scavenge 37.1 (54.9) -> 30.2 (54.9) MB, 0.0 ms [Runtime::PerformGC].
[5884]    30467 ms: Scavenge 38.3 (55.9) -> 30.8 (55.9) MB, 1.0 ms [Runtime::PerformGC].
[5884]    30481 ms: Scavenge 38.3 (55.9) -> 31.4 (55.9) MB, 1.0 ms [Runtime::PerformGC].
[5884]    30510 ms: Scavenge 39.4 (56.9) -> 32.0 (56.9) MB, 1.0 ms (+ 14.0 ms in 39 steps since last GC) [Runtime::PerformGC].
[5884]    30544 ms: Mark-sweep 39.1 (56.9) -> 24.0 (49.8) MB, 3.0 ms (+ 26.0 ms in 101 steps since start of marking, biggest step 1.0 ms) [StackGuard GC request] [GC in old space requested].
[5884]    30565 ms: Scavenge 32.7 (50.8) -> 25.2 (50.8) MB, 2.0 ms [Runtime::PerformGC].
[5884]    30580 ms: Scavenge 32.6 (50.8) -> 25.6 (50.8) MB, 1.0 ms [Runtime::PerformGC].
[5884]    30597 ms: Scavenge 33.9 (51.9) -> 26.4 (51.9) MB, 1.0 ms [Runtime::PerformGC].
[5884]    30612 ms: Scavenge 33.9 (51.9) -> 26.8 (51.9) MB, 1.0 ms [Runtime::PerformGC].
[5884]    30630 ms: Scavenge 35.1 (52.9) -> 27.5 (52.9) MB, 0.0 ms [Runtime::PerformGC].
[5884]    30645 ms: Scavenge 35.1 (52.9) -> 28.0 (52.9) MB, 1 / 1.0 ms [Runtime::PerformGC].
[5884]    30663 ms: Scavenge 36.3 (53.9) -> 28.7 (53.9) MB, 1.0 ms [Runtime::PerformGC].
[5884]    30677 ms: Scavenge 36.3 (53.9) -> 29.1 (53.9) MB, 0.0 ms [Runtime::PerformGC].
[5884]    30695 ms: Scavenge 37.4 (54.9) -> 29.8 (54.9) MB, 1.0 ms [Runtime::PerformGC].
[5884]    30710 ms: Scavenge 37.4 (54.9) -> 30.3 (54.9) MB, 1.0 ms [Runtime::PerformGC].
[5884]    30727 ms: Scavenge 38.6 (55.9) -> 31.0 (55.9) MB, 0.0 ms [Runtime::PerformGC].
[5884]    30742 ms: Scavenge 38.6 (55.9) -> 31.5 (55.9) MB, 1.0 ms [Runtime::PerformGC].
[5884]    30760 ms: Scavenge 39.7 (56.9) -> 32.1 (56.9) MB, 1.0 ms [Runtime::PerformGC].
[5884]    30794 ms: Scavenge 39.8 (56.9) -> 32.7 (56.9) MB, 1.0 ms (+ 23.0 ms in 66 steps since last GC) [Runtime::PerformGC].
[5884]    30809 ms: Mark-sweep 35.4 (56.9) -> 23.4 (49.8) MB, 2.0 ms (+ 30.0 ms in 87 steps since start of marking, biggest step 2.0 ms) [StackGuard GC request] [GC in old space requested].
[5884]    30829 ms: Scavenge 32.1 (50.8) -> 24.8 (50.8) MB, 1.0 ms [Runtime::PerformGC].
[5884]    30844 ms: Scavenge 32.1 (50.8) -> 25.2 (50.8) MB, 1.0 ms [Runtime::PerformGC].
[5884]    30863 ms: Scavenge 33.3 (51.8) -> 25.9 (51.8) MB, 1.0 ms [Runtime::PerformGC].
[5884]    30879 ms: Scavenge 33.3 (51.8) -> 26.4 (51.8) MB, 1.0 ms [Runtime::PerformGC].
[5884]    30897 ms: Scavenge 34.5 (52.9) -> 27.1 (52.9) MB, 1.0 ms [Runtime::PerformGC].
[5884]    30913 ms: Scavenge 34.5 (52.9) -> 27.6 (52.9) MB, 1.0 ms [Runtime::PerformGC].
[5884]    30931 ms: Scavenge 35.7 (53.9) -> 28.2 (53.9) MB, 1.0 ms [Runtime::PerformGC].
[5884]    30946 ms: Scavenge 35.7 (53.9) -> 28.8 (53.9) MB, 1.0 ms [Runtime::PerformGC].
[5884]    30964 ms: Scavenge 36.8 (54.9) -> 29.4 (54.9) MB, 1.0 ms [Runtime::PerformGC].
[5884]    30978 ms: Scavenge 36.8 (54.9) -> 29.9 (54.9) MB, 1.0 ms [Runtime::PerformGC].
[5884]    30997 ms: Scavenge 38.0 (55.9) -> 30.5 (55.9) MB, 1.0 ms [Runtime::PerformGC].
[5884]    31012 ms: Scavenge 38.0 (55.9) -> 31.1 (55.9) MB, 1.0 ms [Runtime::PerformGC].
[5884]    31041 ms: Scavenge 39.2 (56.9) -> 31.7 (56.9) MB, 1.0 ms (+ 12.0 ms in 42 steps since last GC) [Runtime::PerformGC].
[5884]    31073 ms: Mark-sweep 38.9 (56.9) -> 24.0 (50.8) MB, 3.0 ms (+ 27.0 ms in 101 steps since start of marking, biggest step 1.0 ms) [StackGuard GC request] [GC in old space requested].
[5884]    31093 ms: Scavenge 32.8 (51.8) -> 25.3 (51.8) MB, 1.0 ms [Runtime::PerformGC].
[5884]    31107 ms: Scavenge 32.8 (51.8) -> 25.9 (51.8) MB, 1.0 ms [Runtime::PerformGC].
[5884]    31125 ms: Scavenge 33.9 (52.9) -> 26.5 (52.9) MB, 1.0 ms [Runtime::PerformGC].
[5884]    31139 ms: Scavenge 33.9 (52.9) -> 27.0 (52.9) MB, 0.0 ms [Runtime::PerformGC].
[5884]    31157 ms: Scavenge 35.1 (53.9) -> 27.7 (53.9) MB, 0.0 ms [Runtime::PerformGC].
[5884]    31172 ms: Scavenge 35.1 (53.9) -> 28.2 (53.9) MB, 1.0 ms [Runtime::PerformGC].
[5884]    31192 ms: Scavenge 36.3 (54.9) -> 28.8 (54.9) MB, 1.0 ms [Runtime::PerformGC].
[5884]    31207 ms: Scavenge 36.3 (54.9) -> 29.4 (54.9) MB, 1.0 ms [Runtime::PerformGC].
[5884]    31226 ms: Scavenge 37.5 (55.9) -> 30.0 (55.9) MB, 1.0 ms [Runtime::PerformGC].
[5884]    31240 ms: Scavenge 37.5 (55.9) -> 30.6 (55.9) MB, 1.0 ms [Runtime::PerformGC].
[5884]    31258 ms: Scavenge 38.6 (56.9) -> 31.2 (56.9) MB, 1.0 ms [Runtime::PerformGC].
[5884]    31272 ms: Scavenge 38.6 (56.9) -> 31.7 (56.9) MB, 0.0 ms [Runtime::PerformGC].
[5884]    31302 ms: Scavenge 39.8 (57.9) -> 32.3 (57.9) MB, 1.0 ms (+ 10.0 ms in 41 steps since last GC) [Runtime::PerformGC].
[5884]    31334 ms: Mark-sweep 39.6 (57.9) -> 24.0 (50.8) MB, 3.0 ms (+ 24.0 ms in 100 steps since start of marking, biggest step 1.0 ms) [StackGuard GC request] [GC in old space requested].
[5884]    31355 ms: Scavenge 32.7 (51.8) -> 25.3 (51.8) MB, 1.0 ms [Runtime::PerformGC].
[5884]    31369 ms: Scavenge 32.8 (51.8) -> 25.9 (51.8) MB, 1.0 ms [Runtime::PerformGC].
[5884]    31386 ms: Scavenge 33.9 (52.9) -> 26.5 (52.9) MB, 0.0 ms [Runtime::PerformGC].
[5884]    31401 ms: Scavenge 33.9 (52.9) -> 27.0 (52.9) MB, 1.0 ms [Runtime::PerformGC].
[5884]    31419 ms: Scavenge 35.1 (53.9) -> 27.7 (53.9) MB, 1.0 ms [Runtime::PerformGC].
[5884]    31434 ms: Scavenge 35.1 (53.9) -> 28.2 (53.9) MB, 1.0 ms [Runtime::PerformGC].
[5884]    31452 ms: Scavenge 36.3 (54.9) -> 28.8 (54.9) MB, 1.0 ms [Runtime::PerformGC].
[5884]    31466 ms: Scavenge 36.3 (54.9) -> 29.4 (54.9) MB, 0.0 ms [Runtime::PerformGC].
[5884]    31484 ms: Scavenge 37.5 (55.9) -> 30.0 (55.9) MB, 0.0 ms [Runtime::PerformGC].
[5884]    31499 ms: Scavenge 37.5 (55.9) -> 30.6 (55.9) MB, 1.0 ms [Runtime::PerformGC].
[5884]    31518 ms: Scavenge 38.6 (56.9) -> 31.2 (56.9) MB, 1.0 ms [Runtime::PerformGC].
[5884]    31532 ms: Scavenge 38.6 (56.9) -> 31.7 (56.9) MB, 0.0 ms [Runtime::PerformGC].
[5884]    31562 ms: Scavenge 39.8 (57.9) -> 32.3 (57.9) MB, 1.0 ms (+ 5.0 ms in 40 steps since last GC) [Runtime::PerformGC].
[5884]    31595 ms: Mark-sweep 39.6 (57.9) -> 24.0 (50.8) MB, 3.0 ms (+ 18.0 ms in 100 steps since start of marking, biggest step 1.0 ms) [StackGuard GC request] [GC in old space requested].
[5884]    31614 ms: Scavenge 32.8 (51.8) -> 25.3 (51.8) MB, 1.0 ms [Runtime::PerformGC].
[5884]    31628 ms: Scavenge 32.8 (51.8) -> 25.9 (51.8) MB, 1.0 ms [Runtime::PerformGC].
[5884]    31646 ms: Scavenge 33.9 (52.9) -> 26.5 (52.9) MB, 0.0 ms [Runtime::PerformGC].
[5884]    31661 ms: Scavenge 33.9 (52.9) -> 27.0 (52.9) MB, 1.0 ms [Runtime::PerformGC].
[5884]    31679 ms: Scavenge 35.1 (53.9) -> 27.7 (53.9) MB, 1.0 ms [Runtime::PerformGC].
[5884]    31694 ms: Scavenge 35.1 (53.9) -> 28.2 (53.9) MB, 1.0 ms [Runtime::PerformGC].
[5884]    31712 ms: Scavenge 36.3 (54.9) -> 28.8 (54.9) MB, 1.0 ms [Runtime::PerformGC].
[5884]    31726 ms: Scavenge 36.3 (54.9) -> 29.4 (54.9) MB, 1.0 ms [Runtime::PerformGC].
[5884]    31744 ms: Scavenge 37.5 (55.9) -> 30.0 (55.9) MB, 1.0 ms [Runtime::PerformGC].
[5884]    31758 ms: Scavenge 37.5 (55.9) -> 30.6 (55.9) MB, 1.0 ms [Runtime::PerformGC].
[5884]    31776 ms: Scavenge 38.6 (56.9) -> 31.2 (56.9) MB, 1.0 ms [Runtime::PerformGC].
[5884]    31790 ms: Scavenge 38.6 (56.9) -> 31.7 (56.9) MB, 0.0 ms [Runtime::PerformGC].
[5884]    31820 ms: Scavenge 39.8 (57.9) -> 32.3 (57.9) MB, 1.0 ms (+ 12.0 ms in 42 steps since last GC) [Runtime::PerformGC].
[5884]    31852 ms: Mark-sweep 39.6 (57.9) -> 24.0 (50.8) MB, 3.0 ms (+ 28.0 ms in 101 steps since start of marking, biggest step 1.0 ms) [StackGuard GC request] [GC in old space requested].
[5884]    31871 ms: Scavenge 32.8 (51.8) -> 25.3 (51.8) MB, 0.0 ms [Runtime::PerformGC].
[5884]    31885 ms: Scavenge 32.8 (51.8) -> 25.9 (51.8) MB, 0.0 ms [Runtime::PerformGC].
[5884]    31903 ms: Scavenge 34.0 (52.9) -> 26.5 (52.9) MB, 0.0 ms [Runtime::PerformGC].
[5884]    31918 ms: Scavenge 34.0 (52.9) -> 27.0 (52.9) MB, 1.0 ms [Runtime::PerformGC].
[5884]    31936 ms: Scavenge 35.1 (53.9) -> 27.7 (53.9) MB, 1.0 ms [Runtime::PerformGC].
[5884]    31950 ms: Scavenge 35.1 (53.9) -> 28.2 (53.9) MB, 1.0 ms [Runtime::PerformGC].
[5884]    31969 ms: Scavenge 36.3 (54.9) -> 28.8 (54.9) MB, 1.0 ms [Runtime::PerformGC].
[5884]    31983 ms: Scavenge 36.3 (54.9) -> 29.4 (54.9) MB, 1.0 ms [Runtime::PerformGC].
[5884]    32001 ms: Scavenge 37.5 (55.9) -> 30.0 (55.9) MB, 0.0 ms [Runtime::PerformGC].
[5884]    32016 ms: Scavenge 37.5 (55.9) -> 30.6 (55.9) MB, 1.0 ms [Runtime::PerformGC].
[5884]    32034 ms: Scavenge 38.6 (56.9) -> 31.2 (56.9) MB, 1.0 ms [Runtime::PerformGC].
[5884]    32048 ms: Scavenge 38.6 (56.9) -> 31.7 (56.9) MB, 1.0 ms [Runtime::PerformGC].
[marking 25956359 <JS Function (SharedFunctionInfo 14717811)> for recompilation, reason: small function, ICs with typeinfo: 5/5 (100%)]
[5884]    32076 ms: Scavenge 39.8 (57.9) -> 32.3 (57.9) MB, 1.0 ms (+ 8.0 ms in 40 steps since last GC) [Runtime::PerformGC].
[5884]    32108 ms: Mark-sweep 39.6 (57.9) -> 24.0 (50.8) MB, 3.0 ms (+ 19.0 ms in 101 steps since start of marking, biggest step 1.0 ms) [StackGuard GC request] [GC in old space requested].
[5884]    32127 ms: Scavenge 32.8 (51.8) -> 25.3 (51.8) MB, 1.0 ms [Runtime::PerformGC].
[5884]    32141 ms: Scavenge 32.8 (51.8) -> 25.9 (51.8) MB, 1.0 ms [Runtime::PerformGC].
[5884]    32159 ms: Scavenge 34.0 (52.9) -> 26.5 (52.9) MB, 1.0 ms [Runtime::PerformGC].
[5884]    32173 ms: Scavenge 34.0 (52.9) -> 27.0 (52.9) MB, 1.0 ms [Runtime::PerformGC].
[5884]    32191 ms: Scavenge 35.1 (53.9) -> 27.7 (53.9) MB, 1.0 ms [Runtime::PerformGC].
[5884]    32205 ms: Scavenge 35.1 (53.9) -> 28.2 (53.9) MB, 1.0 ms [Runtime::PerformGC].
[5884]    32223 ms: Scavenge 36.3 (54.9) -> 28.8 (54.9) MB, 1.0 ms [Runtime::PerformGC].
[5884]    32237 ms: Scavenge 36.3 (54.9) -> 29.4 (54.9) MB, 1.0 ms [Runtime::PerformGC].
[5884]    32256 ms: Scavenge 37.5 (55.9) -> 30.0 (55.9) MB, 0.0 ms [Runtime::PerformGC].
[5884]    32272 ms: Scavenge 37.5 (55.9) -> 30.6 (55.9) MB, 1.0 ms [Runtime::PerformGC].
[5884]    32291 ms: Scavenge 38.6 (56.9) -> 31.2 (56.9) MB, 1.0 ms [Runtime::PerformGC].
[5884]    32306 ms: Scavenge 38.6 (56.9) -> 31.7 (56.9) MB, 1.0 ms [Runtime::PerformGC].
[5884]    32337 ms: Scavenge 39.8 (57.9) -> 32.3 (57.9) MB, 1.0 ms (+ 11.0 ms in 41 steps since last GC) [Runtime::PerformGC].
[5884]    32370 ms: Scavenge 39.5 (57.9) -> 32.7 (57.9) MB, 1.0 ms (+ 13.0 ms in 60 steps since last GC) [Runtime::PerformGC].
[5884]    32372 ms: Mark-sweep 33.9 (57.9) -> 24.1 (50.8) MB, 2.0 ms (+ 24.0 ms in 102 steps since start of marking, biggest step 0.0 ms) [StackGuard GC request] [GC in old space requested].
[5884]    32393 ms: Scavenge 32.8 (51.8) -> 25.4 (51.8) MB, 1.0 ms [Runtime::PerformGC].
[5884]    32408 ms: Scavenge 32.9 (51.8) -> 26.0 (51.8) MB, 1.0 ms [Runtime::PerformGC].
[5884]    32427 ms: Scavenge 34.0 (52.9) -> 26.6 (52.9) MB, 1.0 ms [Runtime::PerformGC].
[5884]    32442 ms: Scavenge 34.0 (52.9) -> 27.1 (52.9) MB, 0.0 ms [Runtime::PerformGC].
[5884]    32461 ms: Scavenge 35.2 (53.9) -> 27.7 (53.9) MB, 1.0 ms [Runtime::PerformGC].
[5884]    32477 ms: Scavenge 35.2 (53.9) -> 28.3 (53.9) MB, 1.0 ms [Runtime::PerformGC].
[5884]    32496 ms: Scavenge 36.4 (54.9) -> 28.9 (54.9) MB, 1.0 ms [Runtime::PerformGC].
[5884]    32512 ms: Scavenge 36.4 (54.9) -> 29.5 (54.9) MB, 1.0 ms [Runtime::PerformGC].
[5884]    32531 ms: Scavenge 37.6 (55.9) -> 30.1 (55.9) MB, 1.0 ms [Runtime::PerformGC].
[5884]    32546 ms: Scavenge 37.6 (55.9) -> 30.7 (55.9) MB, 1.0 ms [Runtime::PerformGC].
[5884]    32566 ms: Scavenge 38.7 (56.9) -> 31.3 (56.9) MB, 1.0 ms [Runtime::PerformGC].
[5884]    32581 ms: Scavenge 38.7 (56.9) -> 31.8 (56.9) MB, 0.0 ms [Runtime::PerformGC].
[5884]    32600 ms: Scavenge 39.9 (57.9) -> 32.4 (57.9) MB, 0.0 ms [Runtime::PerformGC].
[5884]    32616 ms: Scavenge 39.9 (57.9) -> 33.0 (57.9) MB, 1.0 ms [Runtime::PerformGC].
[5884]    32663 ms: Scavenge 41.1 (59.0) -> 33.6 (59.0) MB, 0.0 ms (+ 28.0 ms in 74 steps since last GC) [Runtime::PerformGC].
[5884]    32670 ms: Mark-sweep 34.6 (59.0) -> 23.5 (50.8) MB, 3.0 ms (+ 30.0 ms in 83 steps since start of marking, biggest step 1.0 ms) [StackGuard GC request] [GC in old space requested].
[5884]    32684 ms: Scavenge 31.3 (50.8) -> 24.2 (50.8) MB, 0.0 ms [Runtime::PerformGC].
[5884]    32703 ms: Scavenge 32.1 (51.8) -> 24.8 (51.8) MB, 1.0 ms [Runtime::PerformGC].
[5884]    32718 ms: Scavenge 32.3 (51.8) -> 25.3 (51.8) MB, 1.0 ms [Runtime::PerformGC].
[5884]    32737 ms: Scavenge 33.3 (52.9) -> 26.0 (52.9) MB, 1.0 ms [Runtime::PerformGC].
[5884]    32752 ms: Scavenge 33.4 (52.9) -> 26.5 (52.9) MB, 1.0 ms [Runtime::PerformGC].
[5884]    32771 ms: Scavenge 34.6 (53.9) -> 27.2 (53.9) MB, 1.0 ms [Runtime::PerformGC].
[5884]    32786 ms: Scavenge 34.6 (53.9) -> 27.7 (53.9) MB, 1.0 ms [Runtime::PerformGC].
[5884]    32805 ms: Scavenge 35.8 (54.9) -> 28.3 (54.9) MB, 1.0 ms [Runtime::PerformGC].
[5884]    32820 ms: Scavenge 35.8 (54.9) -> 28.9 (54.9) MB, 1.0 ms [Runtime::PerformGC].
[5884]    32839 ms: Scavenge 36.9 (55.9) -> 29.5 (55.9) MB, 1.0 ms [Runtime::PerformGC].
[5884]    32854 ms: Scavenge 36.9 (55.9) -> 30.0 (55.9) MB, 1.0 ms [Runtime::PerformGC].
[5884]    32873 ms: Scavenge 38.1 (56.9) -> 30.7 (56.9) MB, 1.0 ms [Runtime::PerformGC].
[5884]    32887 ms: Scavenge 38.1 (56.9) -> 31.2 (56.9) MB, 1.0 ms [Runtime::PerformGC].
[5884]    32918 ms: Scavenge 39.3 (57.9) -> 31.8 (57.9) MB, 1.0 ms (+ 11.0 ms in 41 steps since last GC) [Runtime::PerformGC].
[5884]    32952 ms: Mark-sweep 38.4 (57.9) -> 23.8 (50.8) MB, 3.0 ms (+ 32.0 ms in 100 steps since start of marking, biggest step 1.0 ms) [StackGuard GC request] [GC in old space requested].
[5884]    32971 ms: Scavenge 32.6 (51.8) -> 25.1 (51.8) MB, 1.0 ms [Runtime::PerformGC].
[5884]    32987 ms: Scavenge 32.3 (51.8) -> 25.4 (51.8) MB, 1.0 ms [Runtime::PerformGC].
[5884]    33004 ms: Scavenge 33.7 (52.9) -> 26.2 (52.9) MB, 1.0 ms [Runtime::PerformGC].
[5884]    33021 ms: Scavenge 33.7 (52.9) -> 26.6 (52.9) MB, 1.0 ms [Runtime::PerformGC].
[5884]    33038 ms: Scavenge 34.9 (53.9) -> 27.4 (53.9) MB, 0.0 ms [Runtime::PerformGC].
[5884]    33055 ms: Scavenge 34.9 (53.9) -> 27.8 (53.9) MB, 1.0 ms [Runtime::PerformGC].
[5884]    33073 ms: Scavenge 36.1 (54.9) -> 28.5 (54.9) MB, 1.0 ms [Runtime::PerformGC].
[5884]    33088 ms: Scavenge 36.1 (54.9) -> 29.0 (54.9) MB, 1.0 ms [Runtime::PerformGC].
[5884]    33106 ms: Scavenge 37.3 (55.9) -> 29.7 (55.9) MB, 1.0 ms [Runtime::PerformGC].
[5884]    33121 ms: Scavenge 37.3 (55.9) -> 30.1 (55.9) MB, 1.0 ms [Runtime::PerformGC].
[5884]    33139 ms: Scavenge 38.4 (56.9) -> 30.9 (56.9) MB, 1.0 ms [Runtime::PerformGC].
[5884]    33155 ms: Scavenge 38.4 (56.9) -> 31.3 (56.9) MB, 1.0 ms [Runtime::PerformGC].
[5884]    33181 ms: Scavenge 39.6 (57.9) -> 32.0 (57.9) MB, 1.0 ms (+ 11.0 ms in 28 steps since last GC) [Runtime::PerformGC].
[5884]    33215 ms: Scavenge 39.6 (57.9) -> 32.5 (57.9) MB, 1.0 ms (+ 14.0 ms in 63 steps since last GC) [Runtime::PerformGC].
[5884]    33221 ms: Mark-sweep 33.9 (57.9) -> 23.9 (51.8) MB, 3.0 ms (+ 27.0 ms in 99 steps since start of marking, biggest step 1.0 ms) [StackGuard GC request] [GC in old space requested].
[5884]    33241 ms: Scavenge 32.6 (52.8) -> 25.2 (52.8) MB, 1.0 ms [Runtime::PerformGC].
[5884]    33256 ms: Scavenge 32.6 (52.8) -> 25.7 (52.8) MB, 1.0 ms [Runtime::PerformGC].
[5884]    33275 ms: Scavenge 33.7 (53.9) -> 26.3 (53.9) MB, 1.0 ms [Runtime::PerformGC].
[5884]    33290 ms: Scavenge 33.8 (53.9) -> 26.9 (53.9) MB, 1.0 ms [Runtime::PerformGC].
[5884]    33309 ms: Scavenge 34.9 (54.9) -> 27.5 (54.9) MB, 1.0 ms [Runtime::PerformGC].
[5884]    33323 ms: Scavenge 34.9 (54.9) -> 28.0 (54.9) MB, 1.0 ms [Runtime::PerformGC].
[5884]    33342 ms: Scavenge 36.1 (55.9) -> 28.6 (55.9) MB, 1.0 ms [Runtime::PerformGC].
[5884]    33356 ms: Scavenge 36.1 (55.9) -> 29.2 (55.9) MB, 0.0 ms [Runtime::PerformGC].
[5884]    33375 ms: Scavenge 37.3 (56.9) -> 29.8 (56.9) MB, 0.0 ms [Runtime::PerformGC].
[5884]    33390 ms: Scavenge 37.3 (56.9) -> 30.4 (56.9) MB, 1.0 ms [Runtime::PerformGC].
[5884]    33410 ms: Scavenge 38.5 (57.9) -> 31.0 (57.9) MB, 1.0 ms [Runtime::PerformGC].
[5884]    33425 ms: Scavenge 38.5 (57.9) -> 31.5 (57.9) MB, 1.0 ms [Runtime::PerformGC].
[5884]    33456 ms: Scavenge 39.6 (58.9) -> 32.2 (58.9) MB, 1.0 ms (+ 9.0 ms in 42 steps since last GC) [Runtime::PerformGC].
[5884]    33490 ms: Mark-sweep 39.4 (58.9) -> 23.9 (51.8) MB, 3.0 ms (+ 29.0 ms in 101 steps since start of marking, biggest step 1.0 ms) [StackGuard GC request] [GC in old space requested].
[5884]    33510 ms: Scavenge 32.6 (52.8) -> 25.2 (52.8) MB, 1.0 ms [Runtime::PerformGC].
[5884]    33524 ms: Scavenge 32.6 (52.8) -> 25.7 (52.8) MB, 0.0 ms [Runtime::PerformGC].
[5884]    33544 ms: Scavenge 33.7 (53.9) -> 26.3 (53.9) MB, 1.0 ms [Runtime::PerformGC].
[5884]    33558 ms: Scavenge 33.8 (53.9) -> 26.9 (53.9) MB, 1.0 ms [Runtime::PerformGC].
[5884]    33577 ms: Scavenge 34.9 (54.9) -> 27.5 (54.9) MB, 1.0 ms [Runtime::PerformGC].
[5884]    33591 ms: Scavenge 34.9 (54.9) -> 28.0 (54.9) MB, 1.0 ms [Runtime::PerformGC].
[5884]    33610 ms: Scavenge 36.0 (55.9) -> 28.6 (55.9) MB, 0.0 ms [Runtime::PerformGC].
[5884]    33626 ms: Scavenge 36.1 (55.9) -> 29.2 (55.9) MB, 1.0 ms [Runtime::PerformGC].
[5884]    33645 ms: Scavenge 37.3 (56.9) -> 29.8 (56.9) MB, 2.0 ms [Runtime::PerformGC].
[5884]    33660 ms: Scavenge 37.3 (56.9) -> 30.4 (56.9) MB, 1.0 ms [Runtime::PerformGC].
[5884]    33679 ms: Scavenge 38.5 (57.9) -> 31.0 (57.9) MB, 1.0 ms [Runtime::PerformGC].
[5884]    33693 ms: Scavenge 38.5 (57.9) -> 31.5 (57.9) MB, 1.0 ms [Runtime::PerformGC].
[5884]    33724 ms: Scavenge 39.6 (58.9) -> 32.2 (58.9) MB, 1.0 ms (+ 9.0 ms in 42 steps since last GC) [Runtime::PerformGC].
[5884]    33757 ms: Mark-sweep 39.4 (58.9) -> 23.9 (51.8) MB, 4.0 ms (+ 26.0 ms in 101 steps since start of marking, biggest step 1.0 ms) [StackGuard GC request] [GC in old space requested].
[5884]    33777 ms: Scavenge 32.6 (52.8) -> 25.2 (52.8) MB, 1.0 ms [Runtime::PerformGC].
[5884]    33791 ms: Scavenge 32.6 (52.8) -> 25.7 (52.8) MB, 1.0 ms [Runtime::PerformGC].
[5884]    33810 ms: Scavenge 33.7 (53.9) -> 26.3 (53.9) MB, 1.0 ms [Runtime::PerformGC].
[5884]    33824 ms: Scavenge 33.8 (53.9) -> 26.9 (53.9) MB, 0.0 ms [Runtime::PerformGC].
[5884]    33843 ms: Scavenge 34.9 (54.9) -> 27.5 (54.9) MB, 1.0 ms [Runtime::PerformGC].
[5884]    33857 ms: Scavenge 34.9 (54.9) -> 28.0 (54.9) MB, 1.0 ms [Runtime::PerformGC].
[5884]    33875 ms: Scavenge 36.1 (55.9) -> 28.6 (55.9) MB, 0.0 ms [Runtime::PerformGC].
[5884]    33890 ms: Scavenge 36.1 (55.9) -> 29.2 (55.9) MB, 1.0 ms [Runtime::PerformGC].
[5884]    33909 ms: Scavenge 37.2 (56.9) -> 29.8 (56.9) MB, 0.0 ms [Runtime::PerformGC].
[5884]    33924 ms: Scavenge 37.3 (56.9) -> 30.4 (56.9) MB, 1.0 ms [Runtime::PerformGC].
[5884]    33944 ms: Scavenge 38.5 (57.9) -> 31.0 (57.9) MB, 1.0 ms [Runtime::PerformGC].
[5884]    33959 ms: Scavenge 38.5 (57.9) -> 31.6 (57.9) MB, 1.0 ms [Runtime::PerformGC].
[5884]    33990 ms: Scavenge 39.6 (58.9) -> 32.2 (58.9) MB, 1.0 ms (+ 10.0 ms in 42 steps since last GC) [Runtime::PerformGC].
[5884]    34023 ms: Mark-sweep 39.4 (58.9) -> 23.9 (51.8) MB, 3.0 ms (+ 27.0 ms in 101 steps since start of marking, biggest step 1.0 ms) [StackGuard GC request] [GC in old space requested].
[5884]    34043 ms: Scavenge 32.6 (52.8) -> 25.2 (52.8) MB, 1.0 ms [Runtime::PerformGC].
[5884]    34058 ms: Scavenge 32.6 (52.8) -> 25.7 (52.8) MB, 1.0 ms [Runtime::PerformGC].
[5884]    34076 ms: Scavenge 33.7 (53.9) -> 26.3 (53.9) MB, 1.0 ms [Runtime::PerformGC].
[5884]    34090 ms: Scavenge 33.8 (53.9) -> 26.9 (53.9) MB, 1.0 ms [Runtime::PerformGC].
[5884]    34108 ms: Scavenge 34.9 (54.9) -> 27.5 (54.9) MB, 1.0 ms [Runtime::PerformGC].
[5884]    34122 ms: Scavenge 34.9 (54.9) -> 28.0 (54.9) MB, 1.0 ms [Runtime::PerformGC].
[5884]    34140 ms: Scavenge 36.1 (55.9) -> 28.6 (55.9) MB, 1.0 ms [Runtime::PerformGC].
[5884]    34154 ms: Scavenge 36.1 (55.9) -> 29.2 (55.9) MB, 0.0 ms [Runtime::PerformGC].
[5884]    34172 ms: Scavenge 37.2 (56.9) -> 29.8 (56.9) MB, 1.0 ms [Runtime::PerformGC].
[5884]    34186 ms: Scavenge 37.3 (56.9) -> 30.4 (56.9) MB, 0.0 ms [Runtime::PerformGC].
[5884]    34205 ms: Scavenge 38.5 (57.9) -> 31.0 (57.9) MB, 1.0 ms [Runtime::PerformGC].
[5884]    34219 ms: Scavenge 38.5 (57.9) -> 31.6 (57.9) MB, 1.0 ms [Runtime::PerformGC].
[5884]    34248 ms: Scavenge 39.6 (58.9) -> 32.2 (58.9) MB, 1.0 ms (+ 11.0 ms in 42 steps since last GC) [Runtime::PerformGC].
[5884]    34280 ms: Mark-sweep 39.4 (58.9) -> 23.9 (51.8) MB, 3.0 ms (+ 27.0 ms in 101 steps since start of marking, biggest step 1.0 ms) [StackGuard GC request] [GC in old space requested].
[5884]    34299 ms: Scavenge 32.6 (52.8) -> 25.2 (52.8) MB, 1.0 ms [Runtime::PerformGC].
[5884]    34313 ms: Scavenge 32.6 (52.8) -> 25.7 (52.8) MB, 1.0 ms [Runtime::PerformGC].
[5884]    34330 ms: Scavenge 33.7 (53.9) -> 26.3 (53.9) MB, 1.0 ms [Runtime::PerformGC].
[5884]    34344 ms: Scavenge 33.8 (53.9) -> 26.9 (53.9) MB, 1.0 ms [Runtime::PerformGC].
[5884]    34362 ms: Scavenge 34.9 (54.9) -> 27.5 (54.9) MB, 1.0 ms [Runtime::PerformGC].
[5884]    34376 ms: Scavenge 34.9 (54.9) -> 28.0 (54.9) MB, 1.0 ms [Runtime::PerformGC].
[5884]    34394 ms: Scavenge 36.1 (55.9) -> 28.6 (55.9) MB, 1.0 ms [Runtime::PerformGC].
[5884]    34408 ms: Scavenge 36.1 (55.9) -> 29.2 (55.9) MB, 1.0 ms [Runtime::PerformGC].
[5884]    34426 ms: Scavenge 37.3 (56.9) -> 29.8 (56.9) MB, 1.0 ms [Runtime::PerformGC].
[5884]    34440 ms: Scavenge 37.3 (56.9) -> 30.4 (56.9) MB, 1.0 ms [Runtime::PerformGC].
[5884]    34458 ms: Scavenge 38.5 (57.9) -> 31.0 (57.9) MB, 1.0 ms [Runtime::PerformGC].
[5884]    34471 ms: Scavenge 38.5 (57.9) -> 31.6 (57.9) MB, 0.0 ms [Runtime::PerformGC].
[5884]    34501 ms: Scavenge 39.6 (58.9) -> 32.2 (58.9) MB, 1.0 ms (+ 8.0 ms in 42 steps since last GC) [Runtime::PerformGC].
[5884]    34533 ms: Mark-sweep 39.4 (58.9) -> 23.9 (51.8) MB, 3.0 ms (+ 25.0 ms in 101 steps since start of marking, biggest step 1.0 ms) [StackGuard GC request] [GC in old space requested].
[5884]    34553 ms: Scavenge 32.6 (52.8) -> 25.2 (52.8) MB, 1.0 ms [Runtime::PerformGC].
[5884]    34567 ms: Scavenge 32.6 (52.8) -> 25.7 (52.8) MB, 1.0 ms [Runtime::PerformGC].

real    0m33.845s
user    0m0.000s
sys     0m0.015s
